Component: ARM Compiler 5.06 update 7 (build 960) Tool: armlink [4d3601]

==============================================================================

Section Cross References

    startup_stm32f407xx.o(RESET) refers to startup_stm32f407xx.o(STACK) for __initial_sp
    startup_stm32f407xx.o(RESET) refers to startup_stm32f407xx.o(.text) for Reset_Handler
    startup_stm32f407xx.o(RESET) refers to stm32f4xx_it.o(i.NMI_Handler) for NMI_Handler
    startup_stm32f407xx.o(RESET) refers to stm32f4xx_it.o(i.HardFault_Handler) for HardFault_Handler
    startup_stm32f407xx.o(RESET) refers to stm32f4xx_it.o(i.MemManage_Handler) for MemManage_Handler
    startup_stm32f407xx.o(RESET) refers to stm32f4xx_it.o(i.BusFault_Handler) for BusFault_Handler
    startup_stm32f407xx.o(RESET) refers to stm32f4xx_it.o(i.UsageFault_Handler) for UsageFault_Handler
    startup_stm32f407xx.o(RESET) refers to port.o(.emb_text) for SVC_Handler
    startup_stm32f407xx.o(RESET) refers to stm32f4xx_it.o(i.DebugMon_Handler) for DebugMon_Handler
    startup_stm32f407xx.o(RESET) refers to stm32f4xx_it.o(i.SysTick_Handler) for SysTick_Handler
    startup_stm32f407xx.o(RESET) refers to stm32f4xx_it.o(i.TIM2_IRQHandler) for TIM2_IRQHandler
    startup_stm32f407xx.o(RESET) refers to stm32f4xx_it.o(i.SDIO_IRQHandler) for SDIO_IRQHandler
    startup_stm32f407xx.o(RESET) refers to stm32f4xx_it.o(i.DMA2_Stream3_IRQHandler) for DMA2_Stream3_IRQHandler
    startup_stm32f407xx.o(RESET) refers to stm32f4xx_it.o(i.DMA2_Stream6_IRQHandler) for DMA2_Stream6_IRQHandler
    startup_stm32f407xx.o(.text) refers to system_stm32f4xx.o(i.SystemInit) for SystemInit
    startup_stm32f407xx.o(.text) refers to entry.o(.ARM.Collect$$$$00000000) for __main
    main.o(i.SystemClock_Config) refers to memseta.o(.text) for __aeabi_memclr4
    main.o(i.SystemClock_Config) refers to stm32f4xx_hal_rcc.o(i.HAL_RCC_OscConfig) for HAL_RCC_OscConfig
    main.o(i.SystemClock_Config) refers to main.o(i.Error_Handler) for Error_Handler
    main.o(i.SystemClock_Config) refers to stm32f4xx_hal_rcc.o(i.HAL_RCC_ClockConfig) for HAL_RCC_ClockConfig
    main.o(i.delay_us) refers to stm32f4xx_hal_tim.o(i.HAL_TIM_Base_Start) for HAL_TIM_Base_Start
    main.o(i.delay_us) refers to stm32f4xx_hal_tim.o(i.HAL_TIM_Base_Stop) for HAL_TIM_Base_Stop
    main.o(i.delay_us) refers to tim.o(.bss) for htim3
    main.o(i.fputc) refers to stm32f4xx_hal_uart.o(i.HAL_UART_Transmit) for HAL_UART_Transmit
    main.o(i.fputc) refers to usart.o(.bss) for huart1
    main.o(i.main) refers to stm32f4xx_hal.o(i.HAL_Init) for HAL_Init
    main.o(i.main) refers to main.o(i.SystemClock_Config) for SystemClock_Config
    main.o(i.main) refers to gpio.o(i.MX_GPIO_Init) for MX_GPIO_Init
    main.o(i.main) refers to dma.o(i.MX_DMA_Init) for MX_DMA_Init
    main.o(i.main) refers to usart.o(i.MX_USART1_UART_Init) for MX_USART1_UART_Init
    main.o(i.main) refers to tim.o(i.MX_TIM2_Init) for MX_TIM2_Init
    main.o(i.main) refers to tim.o(i.MX_TIM3_Init) for MX_TIM3_Init
    main.o(i.main) refers to tim.o(i.MX_TIM12_Init) for MX_TIM12_Init
    main.o(i.main) refers to adc.o(i.MX_ADC3_Init) for MX_ADC3_Init
    main.o(i.main) refers to fsmc.o(i.MX_FSMC_Init) for MX_FSMC_Init
    main.o(i.main) refers to sdio.o(i.MX_SDIO_SD_Init) for MX_SDIO_SD_Init
    main.o(i.main) refers to fatfs.o(i.MX_FATFS_Init) for MX_FATFS_Init
    main.o(i.main) refers to rtc.o(i.MX_RTC_Init) for MX_RTC_Init
    main.o(i.main) refers to freertos.o(i.MX_FREERTOS_Init) for MX_FREERTOS_Init
    main.o(i.main) refers to cmsis_os.o(i.osKernelStart) for osKernelStart
    gpio.o(i.MX_GPIO_Init) refers to memseta.o(.text) for __aeabi_memclr4
    gpio.o(i.MX_GPIO_Init) refers to stm32f4xx_hal_gpio.o(i.HAL_GPIO_WritePin) for HAL_GPIO_WritePin
    gpio.o(i.MX_GPIO_Init) refers to stm32f4xx_hal_gpio.o(i.HAL_GPIO_Init) for HAL_GPIO_Init
    freertos.o(i.LightControlTask) refers to tasks.o(i.vTaskDelay) for vTaskDelay
    freertos.o(i.LightControlTask) refers to adc.o(i.ADC3_result) for ADC3_result
    freertos.o(i.LightControlTask) refers to queue.o(i.xQueueSemaphoreTake) for xQueueSemaphoreTake
    freertos.o(i.LightControlTask) refers to queue.o(i.xQueueGenericSend) for xQueueGenericSend
    freertos.o(i.LightControlTask) refers to freertos.o(.bss) for task_watchdog
    freertos.o(i.LightControlTask) refers to freertos.o(.data) for adc_history
    freertos.o(i.LightControlTask) refers to tim.o(.bss) for htim12
    freertos.o(i.MX_FREERTOS_Init) refers to printfa.o(i.__0snprintf) for __2snprintf
    freertos.o(i.MX_FREERTOS_Init) refers to strlen.o(.text) for strlen
    freertos.o(i.MX_FREERTOS_Init) refers to stm32f4xx_hal_uart.o(i.HAL_UART_Transmit) for HAL_UART_Transmit
    freertos.o(i.MX_FREERTOS_Init) refers to stm32f4xx_hal_tim.o(i.HAL_TIM_Base_Start_IT) for HAL_TIM_Base_Start_IT
    freertos.o(i.MX_FREERTOS_Init) refers to stm32f4xx_hal_tim.o(i.HAL_TIM_PWM_Start) for HAL_TIM_PWM_Start
[...]
    HAL_TIMEx_CommutCallback                 0x080032bb   Thumb Code     2  stm32f4xx_hal_tim_ex.o(i.HAL_TIMEx_CommutCallback)
    HAL_TIMEx_MasterConfigSynchronization    0x080032bd   Thumb Code   150  stm32f4xx_hal_tim_ex.o(i.HAL_TIMEx_MasterConfigSynchronization)
    HAL_TIM_Base_Init                        0x08003371   Thumb Code   102  stm32f4xx_hal_tim.o(i.HAL_TIM_Base_Init)
    HAL_TIM_Base_MspInit                     0x080033d9   Thumb Code   104  tim.o(i.HAL_TIM_Base_MspInit)
    HAL_TIM_Base_Start                       0x08003449   Thumb Code   126  stm32f4xx_hal_tim.o(i.HAL_TIM_Base_Start)
    HAL_TIM_Base_Start_IT                    0x080034e5   Thumb Code   138  stm32f4xx_hal_tim.o(i.HAL_TIM_Base_Start_IT)
    HAL_TIM_Base_Stop                        0x0800358d   Thumb Code    50  stm32f4xx_hal_tim.o(i.HAL_TIM_Base_Stop)
    HAL_TIM_ConfigClockSource                0x080035bf   Thumb Code   268  stm32f4xx_hal_tim.o(i.HAL_TIM_ConfigClockSource)
    HAL_TIM_IC_CaptureCallback               0x080036cb   Thumb Code     2  stm32f4xx_hal_tim.o(i.HAL_TIM_IC_CaptureCallback)
    HAL_TIM_IRQHandler                       0x080036cd   Thumb Code   364  stm32f4xx_hal_tim.o(i.HAL_TIM_IRQHandler)
    HAL_TIM_MspPostInit                      0x08003839   Thumb Code    88  tim.o(i.HAL_TIM_MspPostInit)
    HAL_TIM_OC_DelayElapsedCallback          0x0800389d   Thumb Code     2  stm32f4xx_hal_tim.o(i.HAL_TIM_OC_DelayElapsedCallback)
    HAL_TIM_PWM_ConfigChannel                0x0800389f   Thumb Code   260  stm32f4xx_hal_tim.o(i.HAL_TIM_PWM_ConfigChannel)
    HAL_TIM_PWM_Init                         0x080039a3   Thumb Code   102  stm32f4xx_hal_tim.o(i.HAL_TIM_PWM_Init)
    HAL_TIM_PWM_MspInit                      0x08003a09   Thumb Code    44  tim.o(i.HAL_TIM_PWM_MspInit)
    HAL_TIM_PWM_PulseFinishedCallback        0x08003a3d   Thumb Code     2  stm32f4xx_hal_tim.o(i.HAL_TIM_PWM_PulseFinishedCallback)
    HAL_TIM_PWM_Start                        0x08003a41   Thumb Code   238  stm32f4xx_hal_tim.o(i.HAL_TIM_PWM_Start)
    HAL_TIM_PeriodElapsedCallback            0x08003b4d   Thumb Code     2  stm32f4xx_hal_tim.o(i.HAL_TIM_PeriodElapsedCallback)
    HAL_TIM_TriggerCallback                  0x08003b4f   Thumb Code     2  stm32f4xx_hal_tim.o(i.HAL_TIM_TriggerCallback)
    HAL_UART_Init                            0x08003b51   Thumb Code   118  stm32f4xx_hal_uart.o(i.HAL_UART_Init)
    HAL_UART_MspInit                         0x08003bc9   Thumb Code   124  usart.o(i.HAL_UART_MspInit)
    HAL_UART_Transmit                        0x08003c51   Thumb Code   190  stm32f4xx_hal_uart.o(i.HAL_UART_Transmit)
    HardFault_Handler                        0x08003d0f   Thumb Code     4  stm32f4xx_it.o(i.HardFault_Handler)
    LCD_Clear                                0x08003d15   Thumb Code    58  lcd_draw.o(i.LCD_Clear)
    LCD_DrawLine                             0x08003d55   Thumb Code   174  lcd_draw.o(i.LCD_DrawLine)
    LCD_DrawPoint                            0x08003e03   Thumb Code    28  lcd_draw.o(i.LCD_DrawPoint)
    LCD_SetCursor                            0x08003e21   Thumb Code    72  lcd_draw.o(i.LCD_SetCursor)
    LCD_SetWindows                           0x08003e6d   Thumb Code    84  lcd_draw.o(i.LCD_SetWindows)
    LCD_ShowChinese                          0x08003ec5   Thumb Code   368  lcd_draw.o(i.LCD_ShowChinese)
    LCD_WriteRAM_Prepare                     0x08004045   Thumb Code    10  lcd.o(i.LCD_WriteRAM_Prepare)
    Lender_display                           0x08004059   Thumb Code   226  ss_rtc.o(i.Lender_display)
    LightControlTask                         0x08004149   Thumb Code   144  freertos.o(i.LightControlTask)
    MX_ADC3_Init                             0x080041f5   Thumb Code   100  adc.o(i.MX_ADC3_Init)
    MX_DMA_Init                              0x08004265   Thumb Code    68  dma.o(i.MX_DMA_Init)
    MX_FATFS_Init                            0x080042ad   Thumb Code    16  fatfs.o(i.MX_FATFS_Init)
    MX_FREERTOS_Init                         0x080042c9   Thumb Code   454  freertos.o(i.MX_FREERTOS_Init)
    MX_FSMC_Init                             0x080046e1   Thumb Code   256  fsmc.o(i.MX_FSMC_Init)
    MX_GPIO_Init                             0x080047ed   Thumb Code   440  gpio.o(i.MX_GPIO_Init)
    MX_RTC_Init                              0x080049b9   Thumb Code    42  rtc.o(i.MX_RTC_Init)
    MX_SDIO_SD_Init                          0x080049ed   Thumb Code    28  sdio.o(i.MX_SDIO_SD_Init)
    MX_TIM12_Init                            0x08004a11   Thumb Code    86  tim.o(i.MX_TIM12_Init)
    MX_TIM2_Init                             0x08004a71   Thumb Code   102  tim.o(i.MX_TIM2_Init)
    MX_TIM3_Init                             0x08004add   Thumb Code   100  tim.o(i.MX_TIM3_Init)
    MX_USART1_UART_Init                      0x08004b49   Thumb Code    46  usart.o(i.MX_USART1_UART_Init)
    MemManage_Handler                        0x08004b81   Thumb Code     4  stm32f4xx_it.o(i.MemManage_Handler)
    NMI_Handler                              0x08004b85   Thumb Code     4  stm32f4xx_it.o(i.NMI_Handler)
    RTC_Bcd2ToByte                           0x08004b89   Thumb Code    22  stm32f4xx_hal_rtc.o(i.RTC_Bcd2ToByte)
    RTC_EnterInitMode                        0x08004b9f   Thumb Code    74  stm32f4xx_hal_rtc.o(i.RTC_EnterInitMode)
    RTC_ExitInitMode                         0x08004be9   Thumb Code    46  stm32f4xx_hal_rtc.o(i.RTC_ExitInitMode)
    SDIO_ConfigData                          0x08004c17   Thumb Code    44  stm32f4xx_ll_sdmmc.o(i.SDIO_ConfigData)
    SDIO_GetCommandResponse                  0x08004c43   Thumb Code     8  stm32f4xx_ll_sdmmc.o(i.SDIO_GetCommandResponse)
    SDIO_GetPowerState                       0x08004c4b   Thumb Code    10  stm32f4xx_ll_sdmmc.o(i.SDIO_GetPowerState)
    SDIO_GetResponse                         0x08004c55   Thumb Code    12  stm32f4xx_ll_sdmmc.o(i.SDIO_GetResponse)
    SDIO_IRQHandler                          0x08004c61   Thumb Code    10  stm32f4xx_it.o(i.SDIO_IRQHandler)
    SDIO_Init                                0x08004c71   Thumb Code    52  stm32f4xx_ll_sdmmc.o(i.SDIO_Init)
    SDIO_PowerState_ON                       0x08004ca5   Thumb Code    10  stm32f4xx_ll_sdmmc.o(i.SDIO_PowerState_ON)
    SDIO_ReadFIFO                            0x08004caf   Thumb Code     8  stm32f4xx_ll_sdmmc.o(i.SDIO_ReadFIFO)
    SDIO_SendCommand                         0x08004cb7   Thumb Code    40  stm32f4xx_ll_sdmmc.o(i.SDIO_SendCommand)
    SDIO_WriteFIFO                           0x08004cdf   Thumb Code    12  stm32f4xx_ll_sdmmc.o(i.SDIO_WriteFIFO)
    SDMMC_CmdAppCommand                      0x08004ceb   Thumb Code    56  stm32f4xx_ll_sdmmc.o(i.SDMMC_CmdAppCommand)
    SDMMC_CmdAppOperCommand                  0x08004d25   Thumb Code    54  stm32f4xx_ll_sdmmc.o(i.SDMMC_CmdAppOperCommand)
    SDMMC_CmdBlockLength                     0x08004d61   Thumb Code    56  stm32f4xx_ll_sdmmc.o(i.SDMMC_CmdBlockLength)
    SDMMC_CmdBusWidth                        0x08004d99   Thumb Code    56  stm32f4xx_ll_sdmmc.o(i.SDMMC_CmdBusWidth)
    SDMMC_CmdGoIdleState                     0x08004dd1   Thumb Code    44  stm32f4xx_ll_sdmmc.o(i.SDMMC_CmdGoIdleState)
    SDMMC_CmdOperCond                        0x08004dfd   Thumb Code    52  stm32f4xx_ll_sdmmc.o(i.SDMMC_CmdOperCond)
    SDMMC_CmdReadMultiBlock                  0x08004e31   Thumb Code    56  stm32f4xx_ll_sdmmc.o(i.SDMMC_CmdReadMultiBlock)
    SDMMC_CmdReadSingleBlock                 0x08004e69   Thumb Code    56  stm32f4xx_ll_sdmmc.o(i.SDMMC_CmdReadSingleBlock)
    SDMMC_CmdSelDesel                        0x08004ea1   Thumb Code    58  stm32f4xx_ll_sdmmc.o(i.SDMMC_CmdSelDesel)
    SDMMC_CmdSendCID                         0x08004edb   Thumb Code    50  stm32f4xx_ll_sdmmc.o(i.SDMMC_CmdSendCID)
    SDMMC_CmdSendCSD                         0x08004f0d   Thumb Code    50  stm32f4xx_ll_sdmmc.o(i.SDMMC_CmdSendCSD)
    SDMMC_CmdSendSCR                         0x08004f3f   Thumb Code    56  stm32f4xx_ll_sdmmc.o(i.SDMMC_CmdSendSCR)
    SDMMC_CmdSendStatus                      0x08004f77   Thumb Code    56  stm32f4xx_ll_sdmmc.o(i.SDMMC_CmdSendStatus)
    SDMMC_CmdSetRelAdd                       0x08004faf   Thumb Code    56  stm32f4xx_ll_sdmmc.o(i.SDMMC_CmdSetRelAdd)
    SDMMC_CmdStopTransfer                    0x08004fe9   Thumb Code    54  stm32f4xx_ll_sdmmc.o(i.SDMMC_CmdStopTransfer)
    SDMMC_CmdWriteMultiBlock                 0x08005025   Thumb Code    56  stm32f4xx_ll_sdmmc.o(i.SDMMC_CmdWriteMultiBlock)
    SDMMC_CmdWriteSingleBlock                0x0800505d   Thumb Code    56  stm32f4xx_ll_sdmmc.o(i.SDMMC_CmdWriteSingleBlock)
    SDMMC_GetCmdResp1                        0x080050d5   Thumb Code   418  stm32f4xx_ll_sdmmc.o(i.SDMMC_GetCmdResp1)
    SDMMC_GetCmdResp2                        0x08005281   Thumb Code    96  stm32f4xx_ll_sdmmc.o(i.SDMMC_GetCmdResp2)
    SDMMC_GetCmdResp3                        0x080052e5   Thumb Code    82  stm32f4xx_ll_sdmmc.o(i.SDMMC_GetCmdResp3)
    SDMMC_GetCmdResp6                        0x0800533d   Thumb Code   180  stm32f4xx_ll_sdmmc.o(i.SDMMC_GetCmdResp6)
    SDMMC_GetCmdResp7                        0x080053f5   Thumb Code   104  stm32f4xx_ll_sdmmc.o(i.SDMMC_GetCmdResp7)
    SD_initialize                            0x08005ac9   Thumb Code    80  sd_diskio.o(i.SD_initialize)
    SD_ioctl                                 0x08005b21   Thumb Code    98  sd_diskio.o(i.SD_ioctl)
    SD_read                                  0x08005b89   Thumb Code   126  sd_diskio.o(i.SD_read)
    SD_status                                0x08005c0d   Thumb Code     4  sd_diskio.o(i.SD_status)
    SD_write                                 0x08005c11   Thumb Code   126  sd_diskio.o(i.SD_write)
    SS_RTC_GetTime                           0x08005c95   Thumb Code    88  ss_rtc.o(i.SS_RTC_GetTime)
    ScreenTask                               0x08005cf1   Thumb Code   796  freertos.o(i.ScreenTask)
    SensorData_Task                          0x08006075   Thumb Code    32  freertos.o(i.SensorData_Task)
    SysTick_Handler                          0x080060b1   Thumb Code    20  stm32f4xx_it.o(i.SysTick_Handler)
    SystemClock_Config                       0x080060c5   Thumb Code   176  main.o(i.SystemClock_Config)
    SystemInit                               0x0800617d   Thumb Code    14  system_stm32f4xx.o(i.SystemInit)
    TIM2_IRQHandler                          0x08006191   Thumb Code    10  stm32f4xx_it.o(i.TIM2_IRQHandler)
    TIM_Base_SetConfig                       0x080061a1   Thumb Code   178  stm32f4xx_hal_tim.o(i.TIM_Base_SetConfig)
    TIM_CCxChannelCmd                        0x08006281   Thumb Code    34  stm32f4xx_hal_tim.o(i.TIM_CCxChannelCmd)
    TIM_ETR_SetConfig                        0x080062a3   Thumb Code    22  stm32f4xx_hal_tim.o(i.TIM_ETR_SetConfig)
    TIM_OC2_SetConfig                        0x0800633d   Thumb Code   114  stm32f4xx_hal_tim.o(i.TIM_OC2_SetConfig)
    TouchTask                                0x080064d5   Thumb Code   126  freertos.o(i.TouchTask)
    UsageFault_Handler                       0x080068a1   Thumb Code     4  stm32f4xx_it.o(i.UsageFault_Handler)
    WatchdogTask                             0x080068a5   Thumb Code   120  freertos.o(i.WatchdogTask)
    __0printf                                0x0800699d   Thumb Code    22  printfa.o(i.__0printf)
    __1printf                                0x0800699d   Thumb Code     0  printfa.o(i.__0printf)
    __2printf                                0x0800699d   Thumb Code     0  printfa.o(i.__0printf)
    __c89printf                              0x0800699d   Thumb Code     0  printfa.o(i.__0printf)
    printf                                   0x0800699d   Thumb Code     0  printfa.o(i.__0printf)
    __0snprintf                              0x080069bd   Thumb Code    48  printfa.o(i.__0snprintf)
    __1snprintf                              0x080069bd   Thumb Code     0  printfa.o(i.__0snprintf)
    __2snprintf                              0x080069bd   Thumb Code     0  printfa.o(i.__0snprintf)
    __c89snprintf                            0x080069bd   Thumb Code     0  printfa.o(i.__0snprintf)
    snprintf                                 0x080069bd   Thumb Code     0  printfa.o(i.__0snprintf)
    __0sprintf                               0x080069f1   Thumb Code    34  printfa.o(i.__0sprintf)
    __1sprintf                               0x080069f1   Thumb Code     0  printfa.o(i.__0sprintf)
    __2sprintf                               0x080069f1   Thumb Code     0  printfa.o(i.__0sprintf)
    __c89sprintf                             0x080069f1   Thumb Code     0  printfa.o(i.__0sprintf)
    sprintf                                  0x080069f1   Thumb Code     0  printfa.o(i.__0sprintf)
    __scatterload_copy                       0x08006a51   Thumb Code    14  handlers.o(i.__scatterload_copy)
    __scatterload_null                       0x08006a5f   Thumb Code     2  handlers.o(i.__scatterload_null)
    __scatterload_zeroinit                   0x08006a61   Thumb Code    14  handlers.o(i.__scatterload_zeroinit)
    at24cxx_init                             0x0800748d   Thumb Code     8  24cxx.o(i.at24cxx_init)
    at24cxx_read                             0x08007495   Thumb Code    36  24cxx.o(i.at24cxx_read)
    at24cxx_read_one_byte                    0x080074b9   Thumb Code    82  24cxx.o(i.at24cxx_read_one_byte)
    at24cxx_write                            0x0800750b   Thumb Code    36  24cxx.o(i.at24cxx_write)
    at24cxx_write_one_byte                   0x0800752f   Thumb Code    74  24cxx.o(i.at24cxx_write_one_byte)
    data_logger_get_data                     0x080078bd   Thumb Code   222  sensor_data.o(i.data_logger_get_data)
    data_logger_init                         0x08007a49   Thumb Code   138  sensor_data.o(i.data_logger_init)
    data_logger_update                       0x08007be9   Thumb Code    98  sensor_data.o(i.data_logger_update)
    day_of_week                              0x08007c8d   Thumb Code   128  ss_rtc.o(i.day_of_week)
    delay_us                                 0x08007d3d   Thumb Code    38  main.o(i.delay_us)
    dht_read_data                            0x08007d69   Thumb Code   208  dht.o(i.dht_read_data)
    disk_initialize                          0x08008145   Thumb Code    38  diskio.o(i.disk_initialize)
    disk_ioctl                               0x08008171   Thumb Code    22  diskio.o(i.disk_ioctl)
    disk_read                                0x0800818d   Thumb Code    28  diskio.o(i.disk_read)
    disk_status                              0x080081ad   Thumb Code    18  diskio.o(i.disk_status)
    disk_write                               0x080081c5   Thumb Code    28  diskio.o(i.disk_write)
    f_close                                  0x0800820d   Thumb Code    52  ff.o(i.f_close)
    f_mkdir                                  0x08008241   Thumb Code   350  ff.o(i.f_mkdir)
    f_mount                                  0x080083a1   Thumb Code   148  ff.o(i.f_mount)
    f_open                                   0x08008439   Thumb Code   536  ff.o(i.f_open)
    f_read                                   0x08008651   Thumb Code   474  ff.o(i.f_read)
    f_sync                                   0x0800882b   Thumb Code   170  ff.o(i.f_sync)
    f_write                                  0x080088d5   Thumb Code   536  ff.o(i.f_write)
    ff_cre_syncobj                           0x08008aed   Thumb Code    26  syscall.o(i.ff_cre_syncobj)
    ff_del_syncobj                           0x08008b07   Thumb Code    10  syscall.o(i.ff_del_syncobj)
    ff_rel_grant                             0x08008b11   Thumb Code     4  syscall.o(i.ff_rel_grant)
    ff_req_grant                             0x08008b15   Thumb Code    20  syscall.o(i.ff_req_grant)
    fputc                                    0x08008e9d   Thumb Code    22  main.o(i.fputc)
    get_fattime                              0x08008f7d   Thumb Code     4  fatfs.o(i.get_fattime)
    iic_ack                                  0x08008fd1   Thumb Code    80  iic.o(i.iic_ack)
    iic_init                                 0x08009031   Thumb Code   122  iic.o(i.iic_init)
    iic_nack                                 0x080090b5   Thumb Code    60  iic.o(i.iic_nack)
    iic_read_byte                            0x080090f5   Thumb Code    92  iic.o(i.iic_read_byte)
    iic_send_byte                            0x08009155   Thumb Code   106  iic.o(i.iic_send_byte)
    iic_start                                0x080091c5   Thumb Code    76  iic.o(i.iic_start)
    iic_stop                                 0x08009215   Thumb Code    60  iic.o(i.iic_stop)
    iic_wait_ack                             0x08009255   Thumb Code   100  iic.o(i.iic_wait_ack)
    lcd_Init                                 0x08009405   Thumb Code    34  lcd.o(i.lcd_Init)
    lcd_display_dir                          0x08009441   Thumb Code    36  lcd.o(i.lcd_display_dir)
    lcd_draw_hline                           0x08009469   Thumb Code    52  lcd_draw.o(i.lcd_draw_hline)
    lcd_fill_circle                          0x080094a1   Thumb Code   176  lcd_draw.o(i.lcd_fill_circle)
    lcd_reginit                              0x08009551   Thumb Code  3826  lcd.o(i.lcd_reginit)
    lcd_scan_dir                             0x0800a445   Thumb Code   110  lcd.o(i.lcd_scan_dir)
    lcd_show_char                            0x0800a4b9   Thumb Code   462  lcd_draw.o(i.lcd_show_char)
    lcd_show_string                          0x0800a6a1   Thumb Code    98  lcd_draw.o(i.lcd_show_string)
    lcd_showchinese                          0x0800a709   Thumb Code   300  lcd_draw.o(i.lcd_showchinese)
    lcd_shownum                              0x0800a839   Thumb Code    82  lcd_draw.o(i.lcd_shownum)
    lcd_wr_data                              0x0800a88d   Thumb Code     8  lcd.o(i.lcd_wr_data)
    lcd_wr_reg                               0x0800a899   Thumb Code    14  lcd.o(i.lcd_wr_reg)
    lcd_wr_regno                             0x0800a8ad   Thumb Code     8  lcd.o(i.lcd_wr_regno)
    main                                     0x0800a915   Thumb Code    64  main.o(i.main)
    mount_sd_fs                              0x0800a9c1   Thumb Code    54  sd.o(i.mount_sd_fs)
    osKernelRunning                          0x0800aa7d   Thumb Code    18  cmsis_os.o(i.osKernelRunning)
    osKernelStart                            0x0800aa8f   Thumb Code    10  cmsis_os.o(i.osKernelStart)
    osKernelSysTick                          0x0800aa99   Thumb Code    24  cmsis_os.o(i.osKernelSysTick)
    osMessageCreate                          0x0800aab1   Thumb Code    10  cmsis_os.o(i.osMessageCreate)
    osMessageGet                             0x0800aabd   Thumb Code   166  cmsis_os.o(i.osMessageGet)
    osMessagePut                             0x0800ab69   Thumb Code    96  cmsis_os.o(i.osMessagePut)
    osSemaphoreCreate                        0x0800abcd   Thumb Code    40  cmsis_os.o(i.osSemaphoreCreate)
    osSemaphoreDelete                        0x0800abf5   Thumb Code    24  cmsis_os.o(i.osSemaphoreDelete)
    osSemaphoreRelease                       0x0800ac0d   Thumb Code    76  cmsis_os.o(i.osSemaphoreRelease)
    osSemaphoreWait                          0x0800ac5d   Thumb Code   100  cmsis_os.o(i.osSemaphoreWait)
    pvPortMalloc                             0x0800b651   Thumb Code   224  heap_4.o(i.pvPortMalloc)
    pvTaskIncrementMutexHeldCount            0x0800b739   Thumb Code    20  tasks.o(i.pvTaskIncrementMutexHeldCount)
    pxPortInitialiseStack                    0x0800b751   Thumb Code    38  port.o(i.pxPortInitialiseStack)
    timer_Callback                           0x0800b925   Thumb Code     8  freertos.o(i.timer_Callback)
    tp_adjust                                0x0800b931   Thumb Code   664  touch.o(i.tp_adjust)
    tp_get_adjust_data                       0x0800bbed   Thumb Code    36  touch.o(i.tp_get_adjust_data)
    tp_init                                  0x0800bc15   Thumb Code   192  touch.o(i.tp_init)
    tp_save_adjust_data                      0x0800bfb5   Thumb Code    24  touch.o(i.tp_save_adjust_data)
    update_time_display                      0x0800c1a9   Thumb Code   308  lcd_draw.o(i.update_time_display)
    uxListRemove                             0x0800c2e1   Thumb Code    38  list.o(i.uxListRemove)
    vListInitialise                          0x0800c307   Thumb Code    22  list.o(i.vListInitialise)
    vListInitialiseItem                      0x0800c31d   Thumb Code     6  list.o(i.vListInitialiseItem)
    vListInsert                              0x0800c323   Thumb Code    54  list.o(i.vListInsert)
    vListInsertEnd                           0x0800c359   Thumb Code    24  list.o(i.vListInsertEnd)
    vPortEnterCritical                       0x0800c371   Thumb Code    54  port.o(i.vPortEnterCritical)
    vPortExitCritical                        0x0800c3b1   Thumb Code    38  port.o(i.vPortExitCritical)
    vPortFree                                0x0800c3dd   Thumb Code    94  heap_4.o(i.vPortFree)
    vPortSetupTimerInterrupt                 0x0800c441   Thumb Code    32  port.o(i.vPortSetupTimerInterrupt)
    vPortValidateInterruptPriority           0x0800c465   Thumb Code    74  port.o(i.vPortValidateInterruptPriority)
    vQueueAddToRegistry                      0x0800c4b9   Thumb Code    34  queue.o(i.vQueueAddToRegistry)
    vQueueDelete                             0x0800c4e1   Thumb Code    40  queue.o(i.vQueueDelete)
    vQueueUnregisterQueue                    0x0800c509   Thumb Code    36  queue.o(i.vQueueUnregisterQueue)
    vQueueWaitForMessageRestricted           0x0800c531   Thumb Code    74  queue.o(i.vQueueWaitForMessageRestricted)
    vTaskDelay                               0x0800c57d   Thumb Code    70  tasks.o(i.vTaskDelay)
    vTaskDelayUntil                          0x0800c5cd   Thumb Code   146  tasks.o(i.vTaskDelayUntil)
    vTaskInternalSetTimeOutState             0x0800c669   Thumb Code    12  tasks.o(i.vTaskInternalSetTimeOutState)
    vTaskMissedYield                         0x0800c679   Thumb Code     8  tasks.o(i.vTaskMissedYield)
    vTaskPlaceOnEventList                    0x0800c685   Thumb Code    48  tasks.o(i.vTaskPlaceOnEventList)
    vTaskPlaceOnEventListRestricted          0x0800c6b9   Thumb Code    54  tasks.o(i.vTaskPlaceOnEventListRestricted)
    vTaskPriorityDisinheritAfterTimeout      0x0800c6f5   Thumb Code   158  tasks.o(i.vTaskPriorityDisinheritAfterTimeout)
    vTaskStartScheduler                      0x0800c79d   Thumb Code   100  tasks.o(i.vTaskStartScheduler)
    vTaskSuspendAll                          0x0800c815   Thumb Code    10  tasks.o(i.vTaskSuspendAll)
    vTaskSwitchContext                       0x0800c825   Thumb Code    86  tasks.o(i.vTaskSwitchContext)
    xPortStartScheduler                      0x0800c92d   Thumb Code   232  port.o(i.xPortStartScheduler)
    xPortSysTickHandler                      0x0800ca31   Thumb Code    38  port.o(i.xPortSysTickHandler)
    xQueueCreateMutex                        0x0800ca5d   Thumb Code    24  queue.o(i.xQueueCreateMutex)
    xQueueGenericCreate                      0x0800ca75   Thumb Code    62  queue.o(i.xQueueGenericCreate)
    xQueueGenericReset                       0x0800cab5   Thumb Code   138  queue.o(i.xQueueGenericReset)
    xQueueGenericSend                        0x0800cb45   Thumb Code   362  queue.o(i.xQueueGenericSend)
    xQueueGenericSendFromISR                 0x0800ccb5   Thumb Code   190  queue.o(i.xQueueGenericSendFromISR)
    xQueueGiveFromISR                        0x0800cd73   Thumb Code   160  queue.o(i.xQueueGiveFromISR)
    xQueueReceive                            0x0800ce15   Thumb Code   322  queue.o(i.xQueueReceive)
    xQueueReceiveFromISR                     0x0800cf5d   Thumb Code   154  queue.o(i.xQueueReceiveFromISR)
    xQueueSemaphoreTake                      0x0800cff9   Thumb Code   382  queue.o(i.xQueueSemaphoreTake)
    xTaskCheckForTimeOut                     0x0800d17d   Thumb Code   122  tasks.o(i.xTaskCheckForTimeOut)
    xTaskCreate                              0x0800d1fd   Thumb Code   104  tasks.o(i.xTaskCreate)
    xTaskGetSchedulerState                   0x0800d265   Thumb Code    24  tasks.o(i.xTaskGetSchedulerState)
    xTaskGetTickCount                        0x0800d281   Thumb Code     6  tasks.o(i.xTaskGetTickCount)
    xTaskGetTickCountFromISR                 0x0800d28d   Thumb Code    12  tasks.o(i.xTaskGetTickCountFromISR)
    xTaskIncrementTick                       0x0800d29d   Thumb Code   202  tasks.o(i.xTaskIncrementTick)
    xTaskPriorityDisinherit                  0x0800d371   Thumb Code   146  tasks.o(i.xTaskPriorityDisinherit)
    xTaskPriorityInherit                     0x0800d40d   Thumb Code   138  tasks.o(i.xTaskPriorityInherit)
    xTaskRemoveFromEventList                 0x0800d4a1   Thumb Code   108  tasks.o(i.xTaskRemoveFromEventList)
    xTaskResumeAll                           0x0800d519   Thumb Code   190  tasks.o(i.xTaskResumeAll)
    xTimerCreate                             0x0800d5e5   Thumb Code    56  timers.o(i.xTimerCreate)
    xTimerCreateTimerTask                    0x0800d61d   Thumb Code    62  timers.o(i.xTimerCreateTimerTask)
    xTimerGenericCommand                     0x0800d671   Thumb Code   112  timers.o(i.xTimerGenericCommand)
    AHBPrescTable                            0x0800d6ec   Data          16  system_stm32f4xx.o(.constdata)
    APBPrescTable                            0x0800d6fc   Data           8  system_stm32f4xx.o(.constdata)
    asc2_1206                                0x0800d704   Data        1140  lcd_draw.o(.constdata)
    asc2_1608                                0x0800db78   Data        1520  lcd_draw.o(.constdata)
    asc2_2412                                0x0800e168   Data        3420  lcd_draw.o(.constdata)
    asc2_3216                                0x0800eec4   Data        6080  lcd_draw.o(.constdata)
    asc2_6432                                0x08010684   Data        2816  lcd_draw.o(.constdata)
    tfont12                                  0x08011184   Data         168  lcd_draw.o(.constdata)
    tfont16                                  0x0801122c   Data         224  lcd_draw.o(.constdata)
    tfont24                                  0x0801130c   Data        1080  lcd_draw.o(.constdata)
    tfont32                                  0x08011744   Data        2176  lcd_draw.o(.constdata)
    mon_table                                0x08011fc4   Data          12  ss_rtc.o(.constdata)
    SD_Driver                                0x08011fd0   Data          20  sd_diskio.o(.constdata)
    Region$$Table$$Base                      0x08012040   Number         0  anon$$obj.o(Region$$Table)
    Region$$Table$$Limit                     0x08012060   Number         0  anon$$obj.o(Region$$Table)
    adc_history                              0x20000000   Data           4  freertos.o(.data)
    flag                                     0x20000004   Data           4  freertos.o(.data)
    defaultTaskHandle                        0x20000008   Data           4  freertos.o(.data)
    pwmDACTaskHandle                         0x2000000c   Data           4  freertos.o(.data)
    screenTaskHandle                         0x20000010   Data           4  freertos.o(.data)
    touchHandle                              0x20000014   Data           4  freertos.o(.data)
    watchdogTaskHandle                       0x20000018   Data           4  freertos.o(.data)
    spi_semaphore                            0x2000001c   Data           4  freertos.o(.data)
    MutexHandle                              0x20000020   Data           4  freertos.o(.data)
    TimerHandle                              0x20000024   Data           4  freertos.o(.data)
    Queueretouch                             0x20000028   Data           4  freertos.o(.data)
    uwTick                                   0x2000003c   Data           4  stm32f4xx_hal.o(.data)
    uwTickPrio                               0x20000040   Data           4  stm32f4xx_hal.o(.data)
    uwTickFreq                               0x20000044   Data           1  stm32f4xx_hal.o(.data)
    SystemCoreClock                          0x20000048   Data           4  system_stm32f4xx.o(.data)
    font_labels                              0x2000004c   Data          72  lcd_draw.o(.data)
    weekday_names                            0x20000098   Data          28  ss_rtc.o(.data)
    tp_dev                                   0x200000b4   Data          72  touch.o(.data)
    pxCurrentTCB                             0x20000104   Data           4  tasks.o(.data)
    retSD                                    0x20000188   Data           1  fatfs.o(.data)
    SDPath                                   0x20000189   Data           4  fatfs.o(.data)
    __stdout                                 0x20000198   Data           4  stdout.o(.data)
    env_data                                 0x200001a8   Data          12  freertos.o(.bss)
    hadc3                                    0x200001b4   Data          72  adc.o(.bss)
    hsram1                                   0x200001fc   Data          80  fsmc.o(.bss)
    hsram3                                   0x2000024c   Data          80  fsmc.o(.bss)
    hrtc                                     0x2000029c   Data          32  rtc.o(.bss)
    hsd                                      0x200002bc   Data         132  sdio.o(.bss)
    hdma_sdio_rx                             0x20000340   Data          96  sdio.o(.bss)
    hdma_sdio_tx                             0x200003a0   Data          96  sdio.o(.bss)
    htim2                                    0x20000400   Data          72  tim.o(.bss)
    htim3                                    0x20000448   Data          72  tim.o(.bss)
    htim12                                   0x20000490   Data          72  tim.o(.bss)
    huart1                                   0x200004d8   Data          72  usart.o(.bss)
    lcddev                                   0x20000530   Data          12  lcd.o(.bss)
    rtc_time                                 0x20000548   Data          10  sensor_data.o(.bss)
    xQueueRegistry                           0x20000554   Data          64  queue.o(.bss)
    SDFatFS                                  0x2000a6ac   Data         564  fatfs.o(.bss)
    disk                                     0x2000a900   Data          12  ff_gen_drv.o(.bss)
    __initial_sp                             0x2000ad10   Data           0  startup_stm32f407xx.o(STACK)



==============================================================================

Memory Map of the image

  Image Entry point : 0x08000189

  Load Region LR_IROM1 (Base: 0x08000000, Size: 0x000121fc, Max: 0x00100000, ABSOLUTE, COMPRESSED[0x000120e0])

    Execution Region ER_IROM1 (Exec base: 0x08000000, Load base: 0x08000000, Size: 0x00012060, Max: 0x00100000, ABSOLUTE)

    Exec Addr    Load Addr    Size         Type   Attr      Idx    E Section Name        Object

    0x08000000   0x08000000   0x00000188   Data   RO            3    RESET               startup_stm32f407xx.o
    0x08000188   0x08000188   0x00000000   Code   RO         8151  * .ARM.Collect$$$$00000000  mc_w.l(entry.o)
    0x08000188   0x08000188   0x00000004   Code   RO         8445    .ARM.Collect$$$$00000001  mc_w.l(entry2.o)
    0x0800018c   0x0800018c   0x00000004   Code   RO         8448    .ARM.Collect$$$$00000004  mc_w.l(entry5.o)
    0x08000190   0x08000190   0x00000000   Code   RO         8450    .ARM.Collect$$$$00000008  mc_w.l(entry7b.o)
    0x08000190   0x08000190   0x00000000   Code   RO         8452    .ARM.Collect$$$$0000000A  mc_w.l(entry8b.o)
    0x08000190   0x08000190   0x00000008   Code   RO         8453    .ARM.Collect$$$$0000000B  mc_w.l(entry9a.o)
    0x08000198   0x08000198   0x00000004   Code   RO         8460    .ARM.Collect$$$$0000000E  mc_w.l(entry12b.o)
    0x0800019c   0x0800019c   0x00000000   Code   RO         8455    .ARM.Collect$$$$0000000F  mc_w.l(entry10a.o)
    0x0800019c   0x0800019c   0x00000000   Code   RO         8457    .ARM.Collect$$$$00000011  mc_w.l(entry11a.o)
    0x0800019c   0x0800019c   0x00000004   Code   RO         8446    .ARM.Collect$$$$00002712  mc_w.l(entry2.o)
    0x080001a0   0x080001a0   0x000000be   Code   RO         7307    .emb_text           port.o
    0x0800025e   0x0800025e   0x00000002   PAD
    0x08000260   0x08000260   0x00000024   Code   RO            4    .text               startup_stm32f407xx.o
    0x08000284   0x08000284   0x00000062   Code   RO         8154    .text               mc_w.l(uldiv.o)
    0x080002e6   0x080002e6   0x00000024   Code   RO         8156    .text               mc_w.l(memcpya.o)
    0x0800030a   0x0800030a   0x00000024   Code   RO         8160    .text               mc_w.l(memseta.o)
    0x0800032e   0x0800032e   0x00000018   Code   RO         8162    .text               mc_w.l(strcat.o)
    0x08000346   0x08000346   0x0000000e   Code   RO         8164    .text               mc_w.l(strlen.o)
    0x08000354   0x08000354   0x0000001a   Code   RO         8166    .text               mc_w.l(memcmp.o)
    0x0800036e   0x0800036e   0x00000012   Code   RO         8168    .text               mc_w.l(strcpy.o)
    0x08000380   0x08000380   0x000000de   Code   RO         8433    .text               mf_w.l(ddiv.o)
    0x0800045e   0x0800045e   0x00000022   Code   RO         8437    .text               mf_w.l(dflti.o)
    0x08000480   0x08000480   0x00000026   Code   RO         8439    .text               mf_w.l(f2d.o)
    0x080004a6   0x080004a6   0x00000002   PAD
    0x080004a8   0x080004a8   0x00000030   Code   RO         8441    .text               mf_w.l(cdcmple.o)
    0x080004d8   0x080004d8   0x00000030   Code   RO         8443    .text               mf_w.l(cdrcmple.o)
    0x08000508   0x08000508   0x0000002c   Code   RO         8462    .text               mc_w.l(uidiv.o)
    0x08000534   0x08000534   0x0000001e   Code   RO         8464    .text               mc_w.l(llshl.o)
    0x08000552   0x08000552   0x00000020   Code   RO         8466    .text               mc_w.l(llushr.o)
    0x08000572   0x08000572   0x00000000   Code   RO         8468    .text               mc_w.l(iusefp.o)
    0x08000572   0x08000572   0x000000ba   Code   RO         8469    .text               mf_w.l(depilogue.o)
    0x0800062c   0x0800062c   0x0000014e   Code   RO         8471    .text               mf_w.l(dadd.o)
    0x0800077a   0x0800077a   0x000000e4   Code   RO         8473    .text               mf_w.l(dmul.o)
    0x0800085e   0x0800085e   0x00000030   Code   RO         8475    .text               mf_w.l(dfixul.o)
    0x0800088e   0x0800088e   0x00000002   PAD
    0x08000890   0x08000890   0x00000024   Code   RO         8477    .text               mc_w.l(init.o)
    0x080008b4   0x080008b4   0x00000024   Code   RO         8479    .text               mc_w.l(llsshr.o)
    0x080008d8   0x080008d8   0x00000056   Code   RO         8489    .text               mc_w.l(__dczerorl2.o)
    0x0800092e   0x0800092e   0x00000002   PAD
    0x08000930   0x08000930   0x00000020   Code   RO          425    i.ADC3_get          adc.o
    0x08000950   0x08000950   0x0000001e   Code   RO          426    i.ADC3_result       adc.o
    0x0800096e   0x0800096e   0x00000002   PAD
    0x08000970   0x08000970   0x00000160   Code   RO          869    i.ADC_Init          stm32f4xx_hal_adc.o
    0x08000ad0   0x08000ad0   0x00000002   Code   RO         7387    i.BSP_SD_AbortCallback  bsp_driver_sd.o
    0x08000ad2   0x08000ad2   0x00000002   PAD
    0x08000ad4   0x08000ad4   0x0000000c   Code   RO         7390    i.BSP_SD_GetCardInfo  bsp_driver_sd.o
    0x08000ae0   0x08000ae0   0x00000018   Code   RO         7391    i.BSP_SD_GetCardState  bsp_driver_sd.o
    0x08000af8   0x08000af8   0x00000030   Code   RO         7393    i.BSP_SD_Init       bsp_driver_sd.o
    0x08000b28   0x08000b28   0x0000000e   Code   RO         7394    i.BSP_SD_IsDetected  bsp_driver_sd.o
    0x08000b36   0x08000b36   0x00000002   PAD
    0x08000b38   0x08000b38   0x0000001c   Code   RO         7396    i.BSP_SD_ReadBlocks_DMA  bsp_driver_sd.o
    0x08000b54   0x08000b54   0x00000010   Code   RO         7508    i.BSP_SD_ReadCpltCallback  sd_diskio.o
    0x08000b64   0x08000b64   0x0000001c   Code   RO         7399    i.BSP_SD_WriteBlocks_DMA  bsp_driver_sd.o
    0x08000b80   0x08000b80   0x00000010   Code   RO         7509    i.BSP_SD_WriteCpltCallback  sd_diskio.o
    0x08000b90   0x08000b90   0x00000004   Code   RO          754    i.BusFault_Handler  stm32f4xx_it.o
    0x08000b94   0x08000b94   0x00000038   Code   RO         5021    i.DHT11_Wait        dht.o
    0x08000bcc   0x08000bcc   0x00000050   Code   RO         5022    i.DHT_MODE_Input    dht.o
    0x08000c1c   0x08000c1c   0x00000050   Code   RO         5023    i.DHT_MODE_Output   dht.o
    0x08000c6c   0x08000c6c   0x00000080   Code   RO         5024    i.DHT_Response      dht.o
    0x08000cec   0x08000cec   0x00000038   Code   RO         5025    i.DHT_Start         dht.o
    0x08000d24   0x08000d24   0x00000010   Code   RO          755    i.DMA2_Stream3_IRQHandler  stm32f4xx_it.o
    0x08000d34   0x08000d34   0x00000010   Code   RO          756    i.DMA2_Stream6_IRQHandler  stm32f4xx_it.o
    0x08000d44   0x08000d44   0x00000034   Code   RO         1648    i.DMA_CalcBaseAndBitshift  stm32f4xx_hal_dma.o
    0x08000d78   0x08000d78   0x000000aa   Code   RO         1649    i.DMA_CheckFifoParam  stm32f4xx_hal_dma.o
    0x08000e22   0x08000e22   0x0000002c   Code   RO         1650    i.DMA_SetConfig     stm32f4xx_hal_dma.o
    0x08000e4e   0x08000e4e   0x00000002   Code   RO          757    i.DebugMon_Handler  stm32f4xx_it.o
    0x08000e50   0x08000e50   0x00000006   Code   RO           13    i.Error_Handler     main.o
    0x08000e56   0x08000e56   0x00000006   Code   RO         8056    i.FATFS_LinkDriver  ff_gen_drv.o
    0x08000e5c   0x08000e5c   0x00000044   Code   RO         8057    i.FATFS_LinkDriverEx  ff_gen_drv.o
    0x08000ea0   0x08000ea0   0x00000044   Code   RO         2352    i.FSMC_NORSRAM_Extended_Timing_Init  stm32f4xx_ll_fsmc.o
    0x08000ee4   0x08000ee4   0x00000078   Code   RO         2353    i.FSMC_NORSRAM_Init  stm32f4xx_ll_fsmc.o
    0x08000f5c   0x08000f5c   0x00000036   Code   RO         2354    i.FSMC_NORSRAM_Timing_Init  stm32f4xx_ll_fsmc.o
    0x08000f92   0x08000f92   0x00000002   PAD
    0x08000f94   0x08000f94   0x0000018c   Code   RO          871    i.HAL_ADC_ConfigChannel  stm32f4xx_hal_adc.o
    0x08001120   0x08001120   0x00000008   Code   RO          878    i.HAL_ADC_GetValue  stm32f4xx_hal_adc.o
    0x08001128   0x08001128   0x00000068   Code   RO          880    i.HAL_ADC_Init      stm32f4xx_hal_adc.o
    0x08001190   0x08001190   0x00000080   Code   RO          428    i.HAL_ADC_MspInit   adc.o
    0x08001210   0x08001210   0x000000ce   Code   RO          884    i.HAL_ADC_PollForConversion  stm32f4xx_hal_adc.o
    0x080012de   0x080012de   0x00000002   PAD
    0x080012e0   0x080012e0   0x0000014c   Code   RO          886    i.HAL_ADC_Start     stm32f4xx_hal_adc.o
    0x0800142c   0x0800142c   0x00000028   Code   RO         1652    i.HAL_DMA_Abort_IT  stm32f4xx_hal_dma.o
    0x08001454   0x08001454   0x00000006   Code   RO         1654    i.HAL_DMA_GetError  stm32f4xx_hal_dma.o
    0x0800145a   0x0800145a   0x00000002   PAD
    0x0800145c   0x0800145c   0x00000240   Code   RO         1656    i.HAL_DMA_IRQHandler  stm32f4xx_hal_dma.o
    0x0800169c   0x0800169c   0x000000ec   Code   RO         1657    i.HAL_DMA_Init      stm32f4xx_hal_dma.o
    0x08001788   0x08001788   0x00000092   Code   RO         1661    i.HAL_DMA_Start_IT  stm32f4xx_hal_dma.o
    0x0800181a   0x0800181a   0x00000002   PAD
    0x0800181c   0x0800181c   0x00000028   Code   RO         2093    i.HAL_Delay         stm32f4xx_hal.o
    0x08001844   0x08001844   0x00000148   Code   RO          504    i.HAL_FSMC_MspInit  fsmc.o
    0x0800198c   0x0800198c   0x000001f4   Code   RO         1544    i.HAL_GPIO_Init     stm32f4xx_hal_gpio.o
    0x08001b80   0x08001b80   0x00000010   Code   RO         1546    i.HAL_GPIO_ReadPin  stm32f4xx_hal_gpio.o
    0x08001b90   0x08001b90   0x0000000c   Code   RO         1548    i.HAL_GPIO_WritePin  stm32f4xx_hal_gpio.o
    0x08001b9c   0x08001b9c   0x0000000c   Code   RO         2099    i.HAL_GetTick       stm32f4xx_hal.o
    0x08001ba8   0x08001ba8   0x00000018   Code   RO         2105    i.HAL_IncTick       stm32f4xx_hal.o
    0x08001bc0   0x08001bc0   0x0000003c   Code   RO         2106    i.HAL_Init          stm32f4xx_hal.o
    0x08001bfc   0x08001bfc   0x0000004c   Code   RO         2107    i.HAL_InitTick      stm32f4xx_hal.o
    0x08001c48   0x08001c48   0x00000054   Code   RO          842    i.HAL_MspInit       stm32f4xx_hal_msp.o
    0x08001c9c   0x08001c9c   0x00000028   Code   RO         1936    i.HAL_NVIC_EnableIRQ  stm32f4xx_hal_cortex.o
    0x08001cc4   0x08001cc4   0x0000007c   Code   RO         1942    i.HAL_NVIC_SetPriority  stm32f4xx_hal_cortex.o
    0x08001d40   0x08001d40   0x00000028   Code   RO         1943    i.HAL_NVIC_SetPriorityGrouping  stm32f4xx_hal_cortex.o
    0x08001d68   0x08001d68   0x000001a0   Code   RO         1250    i.HAL_RCCEx_PeriphCLKConfig  stm32f4xx_hal_rcc_ex.o
    0x08001f08   0x08001f08   0x00000184   Code   RO         1145    i.HAL_RCC_ClockConfig  stm32f4xx_hal_rcc.o
    0x0800208c   0x0800208c   0x0000000c   Code   RO         1150    i.HAL_RCC_GetHCLKFreq  stm32f4xx_hal_rcc.o
    0x08002098   0x08002098   0x00000020   Code   RO         1152    i.HAL_RCC_GetPCLK1Freq  stm32f4xx_hal_rcc.o
    0x080020b8   0x080020b8   0x00000020   Code   RO         1153    i.HAL_RCC_GetPCLK2Freq  stm32f4xx_hal_rcc.o
    0x080020d8   0x080020d8   0x000000b0   Code   RO         1154    i.HAL_RCC_GetSysClockFreq  stm32f4xx_hal_rcc.o
    0x08002188   0x08002188   0x0000049c   Code   RO         1157    i.HAL_RCC_OscConfig  stm32f4xx_hal_rcc.o
    0x08002624   0x08002624   0x0000004c   Code   RO         2669    i.HAL_RTC_GetDate   stm32f4xx_hal_rtc.o
    0x08002670   0x08002670   0x0000005c   Code   RO         2671    i.HAL_RTC_GetTime   stm32f4xx_hal_rtc.o
    0x080026cc   0x080026cc   0x000000b4   Code   RO         2672    i.HAL_RTC_Init      stm32f4xx_hal_rtc.o
    0x08002780   0x08002780   0x0000003c   Code   RO          557    i.HAL_RTC_MspInit   rtc.o
    0x080027bc   0x080027bc   0x00000038   Code   RO         2680    i.HAL_RTC_WaitForSynchro  stm32f4xx_hal_rtc.o
    0x080027f4   0x080027f4   0x00000008   Code   RO         7401    i.HAL_SD_AbortCallback  bsp_driver_sd.o
    0x080027fc   0x080027fc   0x000000c8   Code   RO         3357    i.HAL_SD_ConfigWideBusOperation  stm32f4xx_hal_sd.o
    0x080028c4   0x080028c4   0x00000002   Code   RO         3360    i.HAL_SD_ErrorCallback  stm32f4xx_hal_sd.o
    0x080028c6   0x080028c6   0x00000002   PAD
    0x080028c8   0x080028c8   0x000001c8   Code   RO         3362    i.HAL_SD_GetCardCSD  stm32f4xx_hal_sd.o
    0x08002a90   0x08002a90   0x00000026   Code   RO         3363    i.HAL_SD_GetCardInfo  stm32f4xx_hal_sd.o
    0x08002ab6   0x08002ab6   0x00000024   Code   RO         3364    i.HAL_SD_GetCardState  stm32f4xx_hal_sd.o
    0x08002ada   0x08002ada   0x00000002   PAD
    0x08002adc   0x08002adc   0x0000021c   Code   RO         3368    i.HAL_SD_IRQHandler  stm32f4xx_hal_sd.o
    0x08002cf8   0x08002cf8   0x0000003c   Code   RO         3369    i.HAL_SD_Init       stm32f4xx_hal_sd.o
    0x08002d34   0x08002d34   0x000000a8   Code   RO         3370    i.HAL_SD_InitCard   stm32f4xx_hal_sd.o
    0x08002ddc   0x08002ddc   0x0000018c   Code   RO          599    i.HAL_SD_MspInit    sdio.o
    0x08002f68   0x08002f68   0x00000150   Code   RO         3374    i.HAL_SD_ReadBlocks_DMA  stm32f4xx_hal_sd.o
    0x080030b8   0x080030b8   0x00000008   Code   RO         7402    i.HAL_SD_RxCpltCallback  bsp_driver_sd.o
    0x080030c0   0x080030c0   0x00000008   Code   RO         7403    i.HAL_SD_TxCpltCallback  bsp_driver_sd.o
    0x080030c8   0x080030c8   0x00000154   Code   RO         3379    i.HAL_SD_WriteBlocks_DMA  stm32f4xx_hal_sd.o
    0x0800321c   0x0800321c   0x0000005e   Code   RO         2492    i.HAL_SRAM_Init     stm32f4xx_hal_sram.o
    0x0800327a   0x0800327a   0x0000000a   Code   RO          506    i.HAL_SRAM_MspInit  fsmc.o
    0x08003284   0x08003284   0x00000034   Code   RO         1947    i.HAL_SYSTICK_Config  stm32f4xx_hal_cortex.o
    0x080032b8   0x080032b8   0x00000002   Code   RO         4344    i.HAL_TIMEx_BreakCallback  stm32f4xx_hal_tim_ex.o
    0x080032ba   0x080032ba   0x00000002   Code   RO         4345    i.HAL_TIMEx_CommutCallback  stm32f4xx_hal_tim_ex.o
    0x080032bc   0x080032bc   0x000000b4   Code   RO         4363    i.HAL_TIMEx_MasterConfigSynchronization  stm32f4xx_hal_tim_ex.o
    0x08003370   0x08003370   0x00000066   Code   RO         3629    i.HAL_TIM_Base_Init  stm32f4xx_hal_tim.o
    0x080033d6   0x080033d6   0x00000002   PAD
    0x080033d8   0x080033d8   0x00000070   Code   RO          641    i.HAL_TIM_Base_MspInit  tim.o
    0x08003448   0x08003448   0x0000009c   Code   RO         3632    i.HAL_TIM_Base_Start  stm32f4xx_hal_tim.o
    0x080034e4   0x080034e4   0x000000a8   Code   RO         3634    i.HAL_TIM_Base_Start_IT  stm32f4xx_hal_tim.o
    0x0800358c   0x0800358c   0x00000032   Code   RO         3635    i.HAL_TIM_Base_Stop  stm32f4xx_hal_tim.o
    0x080035be   0x080035be   0x0000010c   Code   RO         3638    i.HAL_TIM_ConfigClockSource  stm32f4xx_hal_tim.o
    0x080036ca   0x080036ca   0x00000002   Code   RO         3663    i.HAL_TIM_IC_CaptureCallback  stm32f4xx_hal_tim.o
    0x080036cc   0x080036cc   0x0000016c   Code   RO         3677    i.HAL_TIM_IRQHandler  stm32f4xx_hal_tim.o
    0x08003838   0x08003838   0x00000064   Code   RO          642    i.HAL_TIM_MspPostInit  tim.o
    0x0800389c   0x0800389c   0x00000002   Code   RO         3680    i.HAL_TIM_OC_DelayElapsedCallback  stm32f4xx_hal_tim.o
    0x0800389e   0x0800389e   0x00000104   Code   RO         3701    i.HAL_TIM_PWM_ConfigChannel  stm32f4xx_hal_tim.o
    0x080039a2   0x080039a2   0x00000066   Code   RO         3704    i.HAL_TIM_PWM_Init  stm32f4xx_hal_tim.o
    0x08003a08   0x08003a08   0x00000034   Code   RO          644    i.HAL_TIM_PWM_MspInit  tim.o
    0x08003a3c   0x08003a3c   0x00000002   Code   RO         3707    i.HAL_TIM_PWM_PulseFinishedCallback  stm32f4xx_hal_tim.o
    0x08003a3e   0x08003a3e   0x00000002   PAD
    0x08003a40   0x08003a40   0x0000010c   Code   RO         3709    i.HAL_TIM_PWM_Start  stm32f4xx_hal_tim.o
    0x08003b4c   0x08003b4c   0x00000002   Code   RO         3715    i.HAL_TIM_PeriodElapsedCallback  stm32f4xx_hal_tim.o
    0x08003b4e   0x08003b4e   0x00000002   Code   RO         3720    i.HAL_TIM_TriggerCallback  stm32f4xx_hal_tim.o
    0x08003b50   0x08003b50   0x00000076   Code   RO         4641    i.HAL_UART_Init     stm32f4xx_hal_uart.o
    0x08003bc6   0x08003bc6   0x00000002   PAD
    0x08003bc8   0x08003bc8   0x00000088   Code   RO          713    i.HAL_UART_MspInit  usart.o
    0x08003c50   0x08003c50   0x000000be   Code   RO         4649    i.HAL_UART_Transmit  stm32f4xx_hal_uart.o
    0x08003d0e   0x08003d0e   0x00000004   Code   RO          758    i.HardFault_Handler  stm32f4xx_it.o
    0x08003d12   0x08003d12   0x00000002   PAD
    0x08003d14   0x08003d14   0x00000040   Code   RO         5206    i.LCD_Clear         lcd_draw.o
    0x08003d54   0x08003d54   0x000000ae   Code   RO         5207    i.LCD_DrawLine      lcd_draw.o
    0x08003e02   0x08003e02   0x0000001c   Code   RO         5208    i.LCD_DrawPoint     lcd_draw.o
    0x08003e1e   0x08003e1e   0x00000002   PAD
    0x08003e20   0x08003e20   0x0000004c   Code   RO         5210    i.LCD_SetCursor     lcd_draw.o
    0x08003e6c   0x08003e6c   0x00000058   Code   RO         5211    i.LCD_SetWindows    lcd_draw.o
    0x08003ec4   0x08003ec4   0x00000180   Code   RO         5212    i.LCD_ShowChinese   lcd_draw.o
    0x08004044   0x08004044   0x00000014   Code   RO         5773    i.LCD_WriteRAM_Prepare  lcd.o
    0x08004058   0x08004058   0x000000f0   Code   RO         5587    i.Lender_display    ss_rtc.o
    0x08004148   0x08004148   0x000000ac   Code   RO          325    i.LightControlTask  freertos.o
    0x080041f4   0x080041f4   0x00000070   Code   RO          429    i.MX_ADC3_Init      adc.o
    0x08004264   0x08004264   0x00000048   Code   RO          479    i.MX_DMA_Init       dma.o
    0x080042ac   0x080042ac   0x0000001c   Code   RO         7592    i.MX_FATFS_Init     fatfs.o
    0x080042c8   0x080042c8   0x00000418   Code   RO          326    i.MX_FREERTOS_Init  freertos.o
    0x080046e0   0x080046e0   0x0000010c   Code   RO          507    i.MX_FSMC_Init      fsmc.o
    0x080047ec   0x080047ec   0x000001cc   Code   RO          301    i.MX_GPIO_Init      gpio.o
    0x080049b8   0x080049b8   0x00000034   Code   RO          558    i.MX_RTC_Init       rtc.o
    0x080049ec   0x080049ec   0x00000024   Code   RO          600    i.MX_SDIO_SD_Init   sdio.o
    0x08004a10   0x08004a10   0x00000060   Code   RO          645    i.MX_TIM12_Init     tim.o
    0x08004a70   0x08004a70   0x0000006c   Code   RO          646    i.MX_TIM2_Init      tim.o
    0x08004adc   0x08004adc   0x0000006c   Code   RO          647    i.MX_TIM3_Init      tim.o
    0x08004b48   0x08004b48   0x00000038   Code   RO          714    i.MX_USART1_UART_Init  usart.o
    0x08004b80   0x08004b80   0x00000004   Code   RO          759    i.MemManage_Handler  stm32f4xx_it.o
    0x08004b84   0x08004b84   0x00000004   Code   RO          760    i.NMI_Handler       stm32f4xx_it.o
    0x08004b88   0x08004b88   0x00000016   Code   RO         2681    i.RTC_Bcd2ToByte    stm32f4xx_hal_rtc.o
    0x08004b9e   0x08004b9e   0x0000004a   Code   RO         2683    i.RTC_EnterInitMode  stm32f4xx_hal_rtc.o
    0x08004be8   0x08004be8   0x0000002e   Code   RO         2684    i.RTC_ExitInitMode  stm32f4xx_hal_rtc.o
    0x08004c16   0x08004c16   0x0000002c   Code   RO         3061    i.SDIO_ConfigData   stm32f4xx_ll_sdmmc.o
    0x08004c42   0x08004c42   0x00000008   Code   RO         3062    i.SDIO_GetCommandResponse  stm32f4xx_ll_sdmmc.o
    0x08004c4a   0x08004c4a   0x0000000a   Code   RO         3065    i.SDIO_GetPowerState  stm32f4xx_ll_sdmmc.o
    0x08004c54   0x08004c54   0x0000000c   Code   RO         3066    i.SDIO_GetResponse  stm32f4xx_ll_sdmmc.o
    0x08004c60   0x08004c60   0x00000010   Code   RO          761    i.SDIO_IRQHandler   stm32f4xx_it.o
    0x08004c70   0x08004c70   0x00000034   Code   RO         3067    i.SDIO_Init         stm32f4xx_ll_sdmmc.o
    0x08004ca4   0x08004ca4   0x0000000a   Code   RO         3069    i.SDIO_PowerState_ON  stm32f4xx_ll_sdmmc.o
    0x08004cae   0x08004cae   0x00000008   Code   RO         3070    i.SDIO_ReadFIFO     stm32f4xx_ll_sdmmc.o
    0x08004cb6   0x08004cb6   0x00000028   Code   RO         3071    i.SDIO_SendCommand  stm32f4xx_ll_sdmmc.o
    0x08004cde   0x08004cde   0x0000000c   Code   RO         3073    i.SDIO_WriteFIFO    stm32f4xx_ll_sdmmc.o
    0x08004cea   0x08004cea   0x00000038   Code   RO         3074    i.SDMMC_CmdAppCommand  stm32f4xx_ll_sdmmc.o
    0x08004d22   0x08004d22   0x00000002   PAD
    0x08004d24   0x08004d24   0x0000003c   Code   RO         3075    i.SDMMC_CmdAppOperCommand  stm32f4xx_ll_sdmmc.o
    0x08004d60   0x08004d60   0x00000038   Code   RO         3076    i.SDMMC_CmdBlockLength  stm32f4xx_ll_sdmmc.o
    0x08004d98   0x08004d98   0x00000038   Code   RO         3077    i.SDMMC_CmdBusWidth  stm32f4xx_ll_sdmmc.o
    0x08004dd0   0x08004dd0   0x0000002c   Code   RO         3081    i.SDMMC_CmdGoIdleState  stm32f4xx_ll_sdmmc.o
    0x08004dfc   0x08004dfc   0x00000034   Code   RO         3083    i.SDMMC_CmdOperCond  stm32f4xx_ll_sdmmc.o
    0x08004e30   0x08004e30   0x00000038   Code   RO         3084    i.SDMMC_CmdReadMultiBlock  stm32f4xx_ll_sdmmc.o
    0x08004e68   0x08004e68   0x00000038   Code   RO         3085    i.SDMMC_CmdReadSingleBlock  stm32f4xx_ll_sdmmc.o
    0x08004ea0   0x08004ea0   0x0000003a   Code   RO         3088    i.SDMMC_CmdSelDesel  stm32f4xx_ll_sdmmc.o
    0x08004eda   0x08004eda   0x00000032   Code   RO         3089    i.SDMMC_CmdSendCID  stm32f4xx_ll_sdmmc.o
    0x08004f0c   0x08004f0c   0x00000032   Code   RO         3090    i.SDMMC_CmdSendCSD  stm32f4xx_ll_sdmmc.o
    0x08004f3e   0x08004f3e   0x00000038   Code   RO         3092    i.SDMMC_CmdSendSCR  stm32f4xx_ll_sdmmc.o
    0x08004f76   0x08004f76   0x00000038   Code   RO         3093    i.SDMMC_CmdSendStatus  stm32f4xx_ll_sdmmc.o
    0x08004fae   0x08004fae   0x00000038   Code   RO         3094    i.SDMMC_CmdSetRelAdd  stm32f4xx_ll_sdmmc.o
    0x08004fe6   0x08004fe6   0x00000002   PAD
    0x08004fe8   0x08004fe8   0x0000003c   Code   RO         3097    i.SDMMC_CmdStopTransfer  stm32f4xx_ll_sdmmc.o
    0x08005024   0x08005024   0x00000038   Code   RO         3099    i.SDMMC_CmdWriteMultiBlock  stm32f4xx_ll_sdmmc.o
    0x0800505c   0x0800505c   0x00000038   Code   RO         3100    i.SDMMC_CmdWriteSingleBlock  stm32f4xx_ll_sdmmc.o
    0x08005094   0x08005094   0x00000040   Code   RO         3101    i.SDMMC_GetCmdError  stm32f4xx_ll_sdmmc.o
    0x080050d4   0x080050d4   0x000001ac   Code   RO         3102    i.SDMMC_GetCmdResp1  stm32f4xx_ll_sdmmc.o
    0x08005280   0x08005280   0x00000064   Code   RO         3103    i.SDMMC_GetCmdResp2  stm32f4xx_ll_sdmmc.o
    0x080052e4   0x080052e4   0x00000058   Code   RO         3104    i.SDMMC_GetCmdResp3  stm32f4xx_ll_sdmmc.o
    0x0800533c   0x0800533c   0x000000b8   Code   RO         3105    i.SDMMC_GetCmdResp6  stm32f4xx_ll_sdmmc.o
    0x080053f4   0x080053f4   0x0000006c   Code   RO         3106    i.SDMMC_GetCmdResp7  stm32f4xx_ll_sdmmc.o
    0x08005460   0x08005460   0x00000020   Code   RO         7510    i.SD_CheckStatus    sd_diskio.o
    0x08005480   0x08005480   0x0000002e   Code   RO         7511    i.SD_CheckStatusWithTimeout  sd_diskio.o
    0x080054ae   0x080054ae   0x00000002   PAD
    0x080054b0   0x080054b0   0x00000074   Code   RO         3381    i.SD_DMAError       stm32f4xx_hal_sd.o
    0x08005524   0x08005524   0x00000048   Code   RO         3382    i.SD_DMAReceiveCplt  stm32f4xx_hal_sd.o
    0x0800556c   0x0800556c   0x00000048   Code   RO         3383    i.SD_DMARxAbort     stm32f4xx_hal_sd.o
    0x080055b4   0x080055b4   0x00000012   Code   RO         3384    i.SD_DMATransmitCplt  stm32f4xx_hal_sd.o
    0x080055c6   0x080055c6   0x00000048   Code   RO         3385    i.SD_DMATxAbort     stm32f4xx_hal_sd.o
    0x0800560e   0x0800560e   0x0000014c   Code   RO         3386    i.SD_FindSCR        stm32f4xx_hal_sd.o
    0x0800575a   0x0800575a   0x00000102   Code   RO         3387    i.SD_InitCard       stm32f4xx_hal_sd.o
    0x0800585c   0x0800585c   0x000000cc   Code   RO         3389    i.SD_PowerON        stm32f4xx_hal_sd.o
    0x08005928   0x08005928   0x0000004a   Code   RO         3390    i.SD_Read_IT        stm32f4xx_hal_sd.o
    0x08005972   0x08005972   0x00000030   Code   RO         3392    i.SD_SendStatus     stm32f4xx_hal_sd.o
    0x080059a2   0x080059a2   0x00000068   Code   RO         3393    i.SD_WideBus_Disable  stm32f4xx_hal_sd.o
    0x08005a0a   0x08005a0a   0x00000068   Code   RO         3394    i.SD_WideBus_Enable  stm32f4xx_hal_sd.o
    0x08005a72   0x08005a72   0x00000054   Code   RO         3395    i.SD_Write_IT       stm32f4xx_hal_sd.o
    0x08005ac6   0x08005ac6   0x00000002   PAD
    0x08005ac8   0x08005ac8   0x00000058   Code   RO         7512    i.SD_initialize     sd_diskio.o
    0x08005b20   0x08005b20   0x00000068   Code   RO         7513    i.SD_ioctl          sd_diskio.o
    0x08005b88   0x08005b88   0x00000084   Code   RO         7514    i.SD_read           sd_diskio.o
    0x08005c0c   0x08005c0c   0x00000004   Code   RO         7515    i.SD_status         sd_diskio.o
    0x08005c10   0x08005c10   0x00000084   Code   RO         7516    i.SD_write          sd_diskio.o
    0x08005c94   0x08005c94   0x0000005c   Code   RO         5589    i.SS_RTC_GetTime    ss_rtc.o
    0x08005cf0   0x08005cf0   0x00000384   Code   RO          327    i.ScreenTask        freertos.o
    0x08006074   0x08006074   0x0000003c   Code   RO          328    i.SensorData_Task   freertos.o
    0x080060b0   0x080060b0   0x00000014   Code   RO          762    i.SysTick_Handler   stm32f4xx_it.o
    0x080060c4   0x080060c4   0x000000b8   Code   RO           14    i.SystemClock_Config  main.o
    0x0800617c   0x0800617c   0x00000014   Code   RO         4985    i.SystemInit        system_stm32f4xx.o
    0x08006190   0x08006190   0x00000010   Code   RO          763    i.TIM2_IRQHandler   stm32f4xx_it.o
    0x080061a0   0x080061a0   0x000000e0   Code   RO         3722    i.TIM_Base_SetConfig  stm32f4xx_hal_tim.o
    0x08006280   0x08006280   0x00000022   Code   RO         3723    i.TIM_CCxChannelCmd  stm32f4xx_hal_tim.o
    0x080062a2   0x080062a2   0x00000016   Code   RO         3733    i.TIM_ETR_SetConfig  stm32f4xx_hal_tim.o
    0x080062b8   0x080062b8   0x00000012   Code   RO         3734    i.TIM_ITRx_SetConfig  stm32f4xx_hal_tim.o
    0x080062ca   0x080062ca   0x00000002   PAD
    0x080062cc   0x080062cc   0x00000070   Code   RO         3735    i.TIM_OC1_SetConfig  stm32f4xx_hal_tim.o
    0x0800633c   0x0800633c   0x0000007c   Code   RO         3736    i.TIM_OC2_SetConfig  stm32f4xx_hal_tim.o
    0x080063b8   0x080063b8   0x00000078   Code   RO         3737    i.TIM_OC3_SetConfig  stm32f4xx_hal_tim.o
    0x08006430   0x08006430   0x00000054   Code   RO         3738    i.TIM_OC4_SetConfig  stm32f4xx_hal_tim.o
    0x08006484   0x08006484   0x00000026   Code   RO         3740    i.TIM_TI1_ConfigInputStage  stm32f4xx_hal_tim.o
    0x080064aa   0x080064aa   0x00000028   Code   RO         3742    i.TIM_TI2_ConfigInputStage  stm32f4xx_hal_tim.o
    0x080064d2   0x080064d2   0x00000002   PAD
    0x080064d4   0x080064d4   0x000000a8   Code   RO          329    i.TouchTask         freertos.o
    0x0800657c   0x0800657c   0x0000006c   Code   RO         4664    i.UART_EndRxTransfer  stm32f4xx_hal_uart.o
    0x080065e8   0x080065e8   0x0000022c   Code   RO         4668    i.UART_SetConfig    stm32f4xx_hal_uart.o
    0x08006814   0x08006814   0x0000008c   Code   RO         4672    i.UART_WaitOnFlagUntilTimeout  stm32f4xx_hal_uart.o
    0x080068a0   0x080068a0   0x00000004   Code   RO          764    i.UsageFault_Handler  stm32f4xx_it.o
    0x080068a4   0x080068a4   0x000000f8   Code   RO          330    i.WatchdogTask      freertos.o
    0x0800699c   0x0800699c   0x00000020   Code   RO         8405    i.__0printf         mc_w.l(printfa.o)
    0x080069bc   0x080069bc   0x00000034   Code   RO         8406    i.__0snprintf       mc_w.l(printfa.o)
    0x080069f0   0x080069f0   0x00000028   Code   RO         8407    i.__0sprintf        mc_w.l(printfa.o)
    0x08006a18   0x08006a18   0x00000010   Code   RO         1949    i.__NVIC_GetPriorityGrouping  stm32f4xx_hal_cortex.o
    0x08006a28   0x08006a28   0x00000028   Code   RO         1950    i.__NVIC_SetPriority  stm32f4xx_hal_cortex.o
    0x08006a50   0x08006a50   0x0000000e   Code   RO         8483    i.__scatterload_copy  mc_w.l(handlers.o)
    0x08006a5e   0x08006a5e   0x00000002   Code   RO         8484    i.__scatterload_null  mc_w.l(handlers.o)
    0x08006a60   0x08006a60   0x0000000e   Code   RO         8485    i.__scatterload_zeroinit  mc_w.l(handlers.o)
    0x08006a6e   0x08006a6e   0x00000002   PAD
    0x08006a70   0x08006a70   0x00000184   Code   RO         8412    i._fp_digits        mc_w.l(printfa.o)
    0x08006bf4   0x08006bf4   0x000006b4   Code   RO         8413    i._printf_core      mc_w.l(printfa.o)
    0x080072a8   0x080072a8   0x00000024   Code   RO         8414    i._printf_post_padding  mc_w.l(printfa.o)
    0x080072cc   0x080072cc   0x0000002e   Code   RO         8415    i._printf_pre_padding  mc_w.l(printfa.o)
    0x080072fa   0x080072fa   0x00000016   Code   RO         8416    i._snputc           mc_w.l(printfa.o)
    0x08007310   0x08007310   0x0000000a   Code   RO         8417    i._sputc            mc_w.l(printfa.o)
    0x0800731a   0x0800731a   0x00000002   PAD
    0x0800731c   0x0800731c   0x00000170   Code   RO         5854    i.append_data_to_file  sensor_data.o
    0x0800748c   0x0800748c   0x00000008   Code   RO         5076    i.at24cxx_init      24cxx.o
    0x08007494   0x08007494   0x00000024   Code   RO         5077    i.at24cxx_read      24cxx.o
    0x080074b8   0x080074b8   0x00000052   Code   RO         5078    i.at24cxx_read_one_byte  24cxx.o
    0x0800750a   0x0800750a   0x00000024   Code   RO         5079    i.at24cxx_write     24cxx.o
    0x0800752e   0x0800752e   0x0000004a   Code   RO         5080    i.at24cxx_write_one_byte  24cxx.o
    0x08007578   0x08007578   0x00000034   Code   RO         5213    i.caculate          lcd_draw.o
    0x080075ac   0x080075ac   0x00000074   Code   RO         7685    i.check_fs          ff.o
    0x08007620   0x08007620   0x00000010   Code   RO         7686    i.chk_chr           ff.o
    0x08007630   0x08007630   0x00000070   Code   RO         7687    i.chk_lock          ff.o
    0x080076a0   0x080076a0   0x00000024   Code   RO         7688    i.clear_lock        ff.o
    0x080076c4   0x080076c4   0x00000028   Code   RO         7689    i.clmt_clust        ff.o
    0x080076ec   0x080076ec   0x00000018   Code   RO         7690    i.clust2sect        ff.o
    0x08007704   0x08007704   0x000000ba   Code   RO         7691    i.create_chain      ff.o
    0x080077be   0x080077be   0x00000002   PAD
    0x080077c0   0x080077c0   0x000000fc   Code   RO         7692    i.create_name       ff.o
    0x080078bc   0x080078bc   0x0000018c   Code   RO         5856    i.data_logger_get_data  sensor_data.o
    0x08007a48   0x08007a48   0x000001a0   Code   RO         5858    i.data_logger_init  sensor_data.o
    0x08007be8   0x08007be8   0x000000a4   Code   RO         5859    i.data_logger_update  sensor_data.o
    0x08007c8c   0x08007c8c   0x00000080   Code   RO         5595    i.day_of_week       ss_rtc.o
    0x08007d0c   0x08007d0c   0x00000030   Code   RO         7693    i.dec_lock          ff.o
    0x08007d3c   0x08007d3c   0x0000002c   Code   RO           15    i.delay_us          main.o
    0x08007d68   0x08007d68   0x00000134   Code   RO         5026    i.dht_read_data     dht.o
    0x08007e9c   0x08007e9c   0x0000004a   Code   RO         7694    i.dir_alloc         ff.o
    0x08007ee6   0x08007ee6   0x00000058   Code   RO         7695    i.dir_find          ff.o
    0x08007f3e   0x08007f3e   0x00000126   Code   RO         7696    i.dir_next          ff.o
    0x08008064   0x08008064   0x0000003c   Code   RO         7698    i.dir_register      ff.o
    0x080080a0   0x080080a0   0x000000a4   Code   RO         7700    i.dir_sdi           ff.o
    0x08008144   0x08008144   0x0000002c   Code   RO         7630    i.disk_initialize   diskio.o
    0x08008170   0x08008170   0x0000001c   Code   RO         7631    i.disk_ioctl        diskio.o
    0x0800818c   0x0800818c   0x00000020   Code   RO         7632    i.disk_read         diskio.o
    0x080081ac   0x080081ac   0x00000018   Code   RO         7633    i.disk_status       diskio.o
    0x080081c4   0x080081c4   0x00000020   Code   RO         7634    i.disk_write        diskio.o
    0x080081e4   0x080081e4   0x00000028   Code   RO         7701    i.enq_lock          ff.o
    0x0800820c   0x0800820c   0x00000034   Code   RO         7702    i.f_close           ff.o
    0x08008240   0x08008240   0x0000015e   Code   RO         7707    i.f_mkdir           ff.o
    0x0800839e   0x0800839e   0x00000002   PAD
    0x080083a0   0x080083a0   0x00000098   Code   RO         7709    i.f_mount           ff.o
    0x08008438   0x08008438   0x00000218   Code   RO         7710    i.f_open            ff.o
    0x08008650   0x08008650   0x000001da   Code   RO         7715    i.f_read            ff.o
    0x0800882a   0x0800882a   0x000000aa   Code   RO         7719    i.f_sync            ff.o
    0x080088d4   0x080088d4   0x00000218   Code   RO         7722    i.f_write           ff.o
    0x08008aec   0x08008aec   0x0000001a   Code   RO         8106    i.ff_cre_syncobj    syscall.o
    0x08008b06   0x08008b06   0x0000000a   Code   RO         8107    i.ff_del_syncobj    syscall.o
    0x08008b10   0x08008b10   0x00000004   Code   RO         8108    i.ff_rel_grant      syscall.o
    0x08008b14   0x08008b14   0x00000014   Code   RO         8109    i.ff_req_grant      syscall.o
    0x08008b28   0x08008b28   0x000002ec   Code   RO         7723    i.find_volume       ff.o
    0x08008e14   0x08008e14   0x00000086   Code   RO         7724    i.follow_path       ff.o
    0x08008e9a   0x08008e9a   0x00000002   PAD
    0x08008e9c   0x08008e9c   0x0000001c   Code   RO           16    i.fputc             main.o
    0x08008eb8   0x08008eb8   0x000000c4   Code   RO         7725    i.get_fat           ff.o
    0x08008f7c   0x08008f7c   0x00000004   Code   RO         7593    i.get_fattime       fatfs.o
    0x08008f80   0x08008f80   0x0000004e   Code   RO         7727    i.get_ldnumber      ff.o
    0x08008fce   0x08008fce   0x00000002   PAD
    0x08008fd0   0x08008fd0   0x00000054   Code   RO         5135    i.iic_ack           iic.o
    0x08009024   0x08009024   0x0000000a   Code   RO         5136    i.iic_delay         iic.o
    0x0800902e   0x0800902e   0x00000002   PAD
    0x08009030   0x08009030   0x00000084   Code   RO         5137    i.iic_init          iic.o
    0x080090b4   0x080090b4   0x00000040   Code   RO         5138    i.iic_nack          iic.o
    0x080090f4   0x080090f4   0x00000060   Code   RO         5139    i.iic_read_byte     iic.o
    0x08009154   0x08009154   0x00000070   Code   RO         5140    i.iic_send_byte     iic.o
    0x080091c4   0x080091c4   0x00000050   Code   RO         5141    i.iic_start         iic.o
    0x08009214   0x08009214   0x00000040   Code   RO         5142    i.iic_stop          iic.o
    0x08009254   0x08009254   0x00000068   Code   RO         5143    i.iic_wait_ack      iic.o
    0x080092bc   0x080092bc   0x00000010   Code   RO         6883    i.inHandlerMode     cmsis_os.o
    0x080092cc   0x080092cc   0x00000094   Code   RO         7728    i.inc_lock          ff.o
    0x08009360   0x08009360   0x000000a4   Code   RO         5861    i.is_time_to_store  sensor_data.o
    0x08009404   0x08009404   0x0000003c   Code   RO         5774    i.lcd_Init          lcd.o
    0x08009440   0x08009440   0x00000028   Code   RO         5775    i.lcd_display_dir   lcd.o
    0x08009468   0x08009468   0x00000038   Code   RO         5214    i.lcd_draw_hline    lcd_draw.o
    0x080094a0   0x080094a0   0x000000b0   Code   RO         5215    i.lcd_fill_circle   lcd_draw.o
    0x08009550   0x08009550   0x00000ef2   Code   RO         5777    i.lcd_reginit       lcd.o
    0x0800a442   0x0800a442   0x00000002   PAD
    0x0800a444   0x0800a444   0x00000074   Code   RO         5778    i.lcd_scan_dir      lcd.o
    0x0800a4b8   0x0800a4b8   0x000001e8   Code   RO         5216    i.lcd_show_char     lcd_draw.o
    0x0800a6a0   0x0800a6a0   0x00000068   Code   RO         5218    i.lcd_show_string   lcd_draw.o
    0x0800a708   0x0800a708   0x00000130   Code   RO         5219    i.lcd_showchinese   lcd_draw.o
    0x0800a838   0x0800a838   0x00000052   Code   RO         5220    i.lcd_shownum       lcd_draw.o
    0x0800a88a   0x0800a88a   0x00000002   PAD
    0x0800a88c   0x0800a88c   0x0000000c   Code   RO         5779    i.lcd_wr_data       lcd.o
    0x0800a898   0x0800a898   0x00000014   Code   RO         5780    i.lcd_wr_reg        lcd.o
    0x0800a8ac   0x0800a8ac   0x0000000c   Code   RO         5781    i.lcd_wr_regno      lcd.o
    0x0800a8b8   0x0800a8b8   0x00000026   Code   RO         7729    i.ld_clust          ff.o
    0x0800a8de   0x0800a8de   0x00000016   Code   RO         7730    i.ld_dword          ff.o
    0x0800a8f4   0x0800a8f4   0x0000000a   Code   RO         7731    i.ld_word           ff.o
    0x0800a8fe   0x0800a8fe   0x00000016   Code   RO         7732    i.lock_fs           ff.o
    0x0800a914   0x0800a914   0x00000040   Code   RO           17    i.main              main.o
    0x0800a954   0x0800a954   0x00000034   Code   RO         5862    i.make_filename     sensor_data.o
    0x0800a988   0x0800a988   0x00000018   Code   RO         7733    i.mem_cmp           ff.o
    0x0800a9a0   0x0800a9a0   0x00000012   Code   RO         7734    i.mem_cpy           ff.o
    0x0800a9b2   0x0800a9b2   0x0000000c   Code   RO         7735    i.mem_set           ff.o
    0x0800a9be   0x0800a9be   0x00000002   PAD
    0x0800a9c0   0x0800a9c0   0x00000088   Code   RO         5335    i.mount_sd_fs       sd.o
    0x0800aa48   0x0800aa48   0x00000034   Code   RO         7736    i.move_window       ff.o
    0x0800aa7c   0x0800aa7c   0x00000012   Code   RO         6889    i.osKernelRunning   cmsis_os.o
    0x0800aa8e   0x0800aa8e   0x0000000a   Code   RO         6890    i.osKernelStart     cmsis_os.o
    0x0800aa98   0x0800aa98   0x00000018   Code   RO         6891    i.osKernelSysTick   cmsis_os.o
    0x0800aab0   0x0800aab0   0x0000000a   Code   RO         6899    i.osMessageCreate   cmsis_os.o
    0x0800aaba   0x0800aaba   0x00000002   PAD
    0x0800aabc   0x0800aabc   0x000000ac   Code   RO         6901    i.osMessageGet      cmsis_os.o
    0x0800ab68   0x0800ab68   0x00000064   Code   RO         6903    i.osMessagePut      cmsis_os.o
    0x0800abcc   0x0800abcc   0x00000028   Code   RO         6916    i.osSemaphoreCreate  cmsis_os.o
    0x0800abf4   0x0800abf4   0x00000018   Code   RO         6917    i.osSemaphoreDelete  cmsis_os.o
    0x0800ac0c   0x0800ac0c   0x00000050   Code   RO         6919    i.osSemaphoreRelease  cmsis_os.o
    0x0800ac5c   0x0800ac5c   0x00000068   Code   RO         6920    i.osSemaphoreWait   cmsis_os.o
    0x0800acc4   0x0800acc4   0x00000078   Code   RO         6399    i.prvAddCurrentTaskToDelayedList  tasks.o
    0x0800ad3c   0x0800ad3c   0x00000088   Code   RO         6400    i.prvAddNewTaskToReadyList  tasks.o
    0x0800adc4   0x0800adc4   0x00000050   Code   RO         6735    i.prvCheckForValidListAndQueue  timers.o
    0x0800ae14   0x0800ae14   0x00000040   Code   RO         6401    i.prvCheckTasksWaitingTermination  tasks.o
    0x0800ae54   0x0800ae54   0x00000024   Code   RO         6077    i.prvCopyDataFromQueue  queue.o
    0x0800ae78   0x0800ae78   0x0000006e   Code   RO         6078    i.prvCopyDataToQueue  queue.o
    0x0800aee6   0x0800aee6   0x00000014   Code   RO         6402    i.prvDeleteTCB      tasks.o
    0x0800aefa   0x0800aefa   0x00000014   Code   RO         6079    i.prvGetDisinheritPriorityAfterTimeout  queue.o
    0x0800af0e   0x0800af0e   0x00000002   PAD
    0x0800af10   0x0800af10   0x00000024   Code   RO         6736    i.prvGetNextExpireTime  timers.o
    0x0800af34   0x0800af34   0x00000050   Code   RO         7252    i.prvHeapInit       heap_4.o
    0x0800af84   0x0800af84   0x00000028   Code   RO         6403    i.prvIdleTask       tasks.o
    0x0800afac   0x0800afac   0x00000018   Code   RO         6080    i.prvInitialiseMutex  queue.o
    0x0800afc4   0x0800afc4   0x00000018   Code   RO         6081    i.prvInitialiseNewQueue  queue.o
    0x0800afdc   0x0800afdc   0x00000094   Code   RO         6404    i.prvInitialiseNewTask  tasks.o
    0x0800b070   0x0800b070   0x00000052   Code   RO         6737    i.prvInitialiseNewTimer  timers.o
    0x0800b0c2   0x0800b0c2   0x00000002   PAD
    0x0800b0c4   0x0800b0c4   0x00000060   Code   RO         6405    i.prvInitialiseTaskLists  tasks.o
    0x0800b124   0x0800b124   0x0000005c   Code   RO         7253    i.prvInsertBlockIntoFreeList  heap_4.o
    0x0800b180   0x0800b180   0x00000048   Code   RO         6738    i.prvInsertTimerInActiveList  timers.o
    0x0800b1c8   0x0800b1c8   0x0000001a   Code   RO         6082    i.prvIsQueueEmpty   queue.o
    0x0800b1e2   0x0800b1e2   0x0000001e   Code   RO         6083    i.prvIsQueueFull    queue.o
    0x0800b200   0x0800b200   0x00000068   Code   RO         6739    i.prvProcessExpiredTimer  timers.o
    0x0800b268   0x0800b268   0x00000104   Code   RO         6740    i.prvProcessReceivedCommands  timers.o
    0x0800b36c   0x0800b36c   0x0000006c   Code   RO         6741    i.prvProcessTimerOrBlockTask  timers.o
    0x0800b3d8   0x0800b3d8   0x00000024   Code   RO         6406    i.prvResetNextTaskUnblockTime  tasks.o
    0x0800b3fc   0x0800b3fc   0x0000002c   Code   RO         6742    i.prvSampleTimeNow  timers.o
    0x0800b428   0x0800b428   0x00000078   Code   RO         6743    i.prvSwitchTimerLists  timers.o
    0x0800b4a0   0x0800b4a0   0x00000030   Code   RO         7308    i.prvTaskExitError  port.o
    0x0800b4d0   0x0800b4d0   0x00000014   Code   RO         6744    i.prvTimerTask      timers.o
    0x0800b4e4   0x0800b4e4   0x00000068   Code   RO         6084    i.prvUnlockQueue    queue.o
    0x0800b54c   0x0800b54c   0x00000102   Code   RO         7737    i.put_fat           ff.o
    0x0800b64e   0x0800b64e   0x00000002   PAD
    0x0800b650   0x0800b650   0x000000e8   Code   RO         7254    i.pvPortMalloc      heap_4.o
    0x0800b738   0x0800b738   0x00000018   Code   RO         6409    i.pvTaskIncrementMutexHeldCount  tasks.o
    0x0800b750   0x0800b750   0x0000002c   Code   RO         7309    i.pxPortInitialiseStack  port.o
    0x0800b77c   0x0800b77c   0x0000007e   Code   RO         7741    i.remove_chain      ff.o
    0x0800b7fa   0x0800b7fa   0x00000028   Code   RO         7742    i.st_clust          ff.o
    0x0800b822   0x0800b822   0x00000014   Code   RO         7743    i.st_dword          ff.o
    0x0800b836   0x0800b836   0x0000000a   Code   RO         7744    i.st_word           ff.o
    0x0800b840   0x0800b840   0x0000008c   Code   RO         7745    i.sync_fs           ff.o
    0x0800b8cc   0x0800b8cc   0x00000056   Code   RO         7746    i.sync_window       ff.o
    0x0800b922   0x0800b922   0x00000002   PAD
    0x0800b924   0x0800b924   0x0000000c   Code   RO          331    i.timer_Callback    freertos.o
    0x0800b930   0x0800b930   0x000002bc   Code   RO         5673    i.tp_adjust         touch.o
    0x0800bbec   0x0800bbec   0x00000028   Code   RO         5676    i.tp_get_adjust_data  touch.o
    0x0800bc14   0x0800bc14   0x00000158   Code   RO         5677    i.tp_init           touch.o
    0x0800bd6c   0x0800bd6c   0x000000dc   Code   RO         5678    i.tp_read_ad        touch.o
    0x0800be48   0x0800be48   0x00000078   Code   RO         5679    i.tp_read_xoy       touch.o
    0x0800bec0   0x0800bec0   0x00000044   Code   RO         5680    i.tp_read_xy        touch.o
    0x0800bf04   0x0800bf04   0x000000b0   Code   RO         5681    i.tp_read_xy2       touch.o
    0x0800bfb4   0x0800bfb4   0x0000001c   Code   RO         5682    i.tp_save_adjust_data  touch.o
    0x0800bfd0   0x0800bfd0   0x00000158   Code   RO         5683    i.tp_scan           touch.o
    0x0800c128   0x0800c128   0x00000068   Code   RO         5684    i.tp_write_byte     touch.o
    0x0800c190   0x0800c190   0x00000018   Code   RO         7747    i.unlock_fs         ff.o
    0x0800c1a8   0x0800c1a8   0x00000138   Code   RO         5222    i.update_time_display  lcd_draw.o
    0x0800c2e0   0x0800c2e0   0x00000026   Code   RO         6037    i.uxListRemove      list.o
    0x0800c306   0x0800c306   0x00000016   Code   RO         6038    i.vListInitialise   list.o
    0x0800c31c   0x0800c31c   0x00000006   Code   RO         6039    i.vListInitialiseItem  list.o
    0x0800c322   0x0800c322   0x00000036   Code   RO         6040    i.vListInsert       list.o
    0x0800c358   0x0800c358   0x00000018   Code   RO         6041    i.vListInsertEnd    list.o
    0x0800c370   0x0800c370   0x00000040   Code   RO         7311    i.vPortEnterCritical  port.o
    0x0800c3b0   0x0800c3b0   0x0000002c   Code   RO         7312    i.vPortExitCritical  port.o
    0x0800c3dc   0x0800c3dc   0x00000064   Code   RO         7255    i.vPortFree         heap_4.o
    0x0800c440   0x0800c440   0x00000024   Code   RO         7313    i.vPortSetupTimerInterrupt  port.o
    0x0800c464   0x0800c464   0x00000054   Code   RO         7314    i.vPortValidateInterruptPriority  port.o
    0x0800c4b8   0x0800c4b8   0x00000028   Code   RO         6088    i.vQueueAddToRegistry  queue.o
    0x0800c4e0   0x0800c4e0   0x00000028   Code   RO         6089    i.vQueueDelete      queue.o
    0x0800c508   0x0800c508   0x00000028   Code   RO         6090    i.vQueueUnregisterQueue  queue.o
    0x0800c530   0x0800c530   0x0000004a   Code   RO         6091    i.vQueueWaitForMessageRestricted  queue.o
    0x0800c57a   0x0800c57a   0x00000002   PAD
    0x0800c57c   0x0800c57c   0x00000050   Code   RO         6417    i.vTaskDelay        tasks.o
    0x0800c5cc   0x0800c5cc   0x0000009c   Code   RO         6418    i.vTaskDelayUntil   tasks.o
    0x0800c668   0x0800c668   0x00000010   Code   RO         6421    i.vTaskInternalSetTimeOutState  tasks.o
    0x0800c678   0x0800c678   0x0000000c   Code   RO         6422    i.vTaskMissedYield  tasks.o
    0x0800c684   0x0800c684   0x00000034   Code   RO         6424    i.vTaskPlaceOnEventList  tasks.o
    0x0800c6b8   0x0800c6b8   0x0000003c   Code   RO         6425    i.vTaskPlaceOnEventListRestricted  tasks.o
    0x0800c6f4   0x0800c6f4   0x000000a8   Code   RO         6427    i.vTaskPriorityDisinheritAfterTimeout  tasks.o
    0x0800c79c   0x0800c79c   0x00000078   Code   RO         6432    i.vTaskStartScheduler  tasks.o
    0x0800c814   0x0800c814   0x00000010   Code   RO         6434    i.vTaskSuspendAll   tasks.o
    0x0800c824   0x0800c824   0x00000060   Code   RO         6435    i.vTaskSwitchContext  tasks.o
    0x0800c884   0x0800c884   0x0000004e   Code   RO         7748    i.validate          ff.o
    0x0800c8d2   0x0800c8d2   0x00000002   PAD
    0x0800c8d4   0x0800c8d4   0x00000058   Code   RO         5863    i.write_csv_header  sensor_data.o
    0x0800c92c   0x0800c92c   0x00000104   Code   RO         7315    i.xPortStartScheduler  port.o
    0x0800ca30   0x0800ca30   0x0000002c   Code   RO         7316    i.xPortSysTickHandler  port.o
    0x0800ca5c   0x0800ca5c   0x00000018   Code   RO         6092    i.xQueueCreateMutex  queue.o
    0x0800ca74   0x0800ca74   0x0000003e   Code   RO         6093    i.xQueueGenericCreate  queue.o
    0x0800cab2   0x0800cab2   0x00000002   PAD
    0x0800cab4   0x0800cab4   0x00000090   Code   RO         6094    i.xQueueGenericReset  queue.o
    0x0800cb44   0x0800cb44   0x00000170   Code   RO         6095    i.xQueueGenericSend  queue.o
    0x0800ccb4   0x0800ccb4   0x000000be   Code   RO         6096    i.xQueueGenericSendFromISR  queue.o
    0x0800cd72   0x0800cd72   0x000000a0   Code   RO         6097    i.xQueueGiveFromISR  queue.o
    0x0800ce12   0x0800ce12   0x00000002   PAD
    0x0800ce14   0x0800ce14   0x00000148   Code   RO         6102    i.xQueueReceive     queue.o
    0x0800cf5c   0x0800cf5c   0x0000009a   Code   RO         6103    i.xQueueReceiveFromISR  queue.o
    0x0800cff6   0x0800cff6   0x00000002   PAD
    0x0800cff8   0x0800cff8   0x00000184   Code   RO         6104    i.xQueueSemaphoreTake  queue.o
    0x0800d17c   0x0800d17c   0x00000080   Code   RO         6437    i.xTaskCheckForTimeOut  tasks.o
    0x0800d1fc   0x0800d1fc   0x00000068   Code   RO         6438    i.xTaskCreate       tasks.o
    0x0800d264   0x0800d264   0x0000001c   Code   RO         6442    i.xTaskGetSchedulerState  tasks.o
    0x0800d280   0x0800d280   0x0000000c   Code   RO         6443    i.xTaskGetTickCount  tasks.o
    0x0800d28c   0x0800d28c   0x00000010   Code   RO         6444    i.xTaskGetTickCountFromISR  tasks.o
    0x0800d29c   0x0800d29c   0x000000d4   Code   RO         6445    i.xTaskIncrementTick  tasks.o
    0x0800d370   0x0800d370   0x0000009c   Code   RO         6448    i.xTaskPriorityDisinherit  tasks.o
    0x0800d40c   0x0800d40c   0x00000094   Code   RO         6449    i.xTaskPriorityInherit  tasks.o
    0x0800d4a0   0x0800d4a0   0x00000078   Code   RO         6450    i.xTaskRemoveFromEventList  tasks.o
    0x0800d518   0x0800d518   0x000000cc   Code   RO         6451    i.xTaskResumeAll    tasks.o
    0x0800d5e4   0x0800d5e4   0x00000038   Code   RO         6749    i.xTimerCreate      timers.o
    0x0800d61c   0x0800d61c   0x00000054   Code   RO         6750    i.xTimerCreateTimerTask  timers.o
    0x0800d670   0x0800d670   0x00000074   Code   RO         6751    i.xTimerGenericCommand  timers.o
    0x0800d6e4   0x0800d6e4   0x00000008   Data   RO         1663    .constdata          stm32f4xx_hal_dma.o
    0x0800d6ec   0x0800d6ec   0x00000018   Data   RO         4986    .constdata          system_stm32f4xx.o
    0x0800d704   0x0800d704   0x000048c0   Data   RO         5224    .constdata          lcd_draw.o
    0x08011fc4   0x08011fc4   0x0000000c   Data   RO         5596    .constdata          ss_rtc.o
    0x08011fd0   0x08011fd0   0x00000014   Data   RO         7517    .constdata          sd_diskio.o
    0x08011fe4   0x08011fe4   0x00000008   Data   RO         7518    .constdata          sd_diskio.o
    0x08011fec   0x08011fec   0x00000052   Data   RO         5597    .conststring        ss_rtc.o
    0x0801203e   0x0801203e   0x00000002   PAD
    0x08012040   0x08012040   0x00000020   Data   RO         8481    Region$$Table       anon$$obj.o


    Execution Region RW_IRAM1 (Exec base: 0x20000000, Load base: 0x08012060, Size: 0x0000ad10, Max: 0x0001c000, ABSOLUTE, COMPRESSED[0x00000080])

    Exec Addr    Load Addr    Size         Type   Attr      Idx    E Section Name        Object

    0x20000000   COMPRESSED   0x00000034   Data   RW          333    .data               freertos.o
    0x20000034   COMPRESSED   0x00000008   Data   RW          509    .data               fsmc.o
    0x2000003c   COMPRESSED   0x00000009   Data   RW         2113    .data               stm32f4xx_hal.o
    0x20000045   COMPRESSED   0x00000003   PAD
    0x20000048   COMPRESSED   0x00000004   Data   RW         4987    .data               system_stm32f4xx.o
    0x2000004c   COMPRESSED   0x00000048   Data   RW         5225    .data               lcd_draw.o
    0x20000094   COMPRESSED   0x00000001   Data   RW         5339    .data               sd.o
    0x20000095   COMPRESSED   0x00000003   PAD
    0x20000098   COMPRESSED   0x0000001c   Data   RW         5598    .data               ss_rtc.o
    0x200000b4   COMPRESSED   0x00000048   Data   RW         5685    .data               touch.o
    0x200000fc   COMPRESSED   0x00000008   Data   RW         5865    .data               sensor_data.o
    0x20000104   COMPRESSED   0x0000003c   Data   RW         6454    .data               tasks.o
    0x20000140   COMPRESSED   0x00000014   Data   RW         6757    .data               timers.o
    0x20000154   COMPRESSED   0x00000020   Data   RW         7261    .data               heap_4.o
    0x20000174   COMPRESSED   0x0000000c   Data   RW         7317    .data               port.o
    0x20000180   COMPRESSED   0x00000008   Data   RW         7519    .data               sd_diskio.o
    0x20000188   COMPRESSED   0x00000005   Data   RW         7596    .data               fatfs.o
    0x2000018d   COMPRESSED   0x00000003   PAD
    0x20000190   COMPRESSED   0x00000008   Data   RW         7751    .data               ff.o
    0x20000198   COMPRESSED   0x00000004   Data   RW         8461    .data               mc_w.l(stdout.o)
    0x2000019c        -       0x00000018   Zero   RW          332    .bss                freertos.o
    0x200001b4        -       0x00000048   Zero   RW          430    .bss                adc.o
    0x200001fc        -       0x000000a0   Zero   RW          508    .bss                fsmc.o
    0x2000029c        -       0x00000020   Zero   RW          559    .bss                rtc.o
    0x200002bc        -       0x00000144   Zero   RW          601    .bss                sdio.o
    0x20000400        -       0x000000d8   Zero   RW          648    .bss                tim.o
    0x200004d8        -       0x00000048   Zero   RW          715    .bss                usart.o
    0x20000520        -       0x00000010   Zero   RW         5223    .bss                lcd_draw.o
    0x20000530        -       0x0000000c   Zero   RW         5782    .bss                lcd.o
    0x2000053c        -       0x00000016   Zero   RW         5864    .bss                sensor_data.o
    0x20000552   COMPRESSED   0x00000002   PAD
    0x20000554        -       0x00000040   Zero   RW         6105    .bss                queue.o
    0x20000594        -       0x000000f0   Zero   RW         6453    .bss                tasks.o
    0x20000684        -       0x00000028   Zero   RW         6756    .bss                timers.o
    0x200006ac        -       0x0000a000   Zero   RW         7260    .bss                heap_4.o
    0x2000a6ac        -       0x00000234   Zero   RW         7594    .bss                fatfs.o
    0x2000a8e0        -       0x00000020   Zero   RW         7749    .bss                ff.o
    0x2000a900        -       0x0000000c   Zero   RW         8060    .bss                ff_gen_drv.o
    0x2000a90c   COMPRESSED   0x00000004   PAD
    0x2000a910        -       0x00000400   Zero   RW            1    STACK               startup_stm32f407xx.o


    Execution Region RW_IRAM2 (Exec base: 0x2001c000, Load base: 0x080120e0, Size: 0x00000000, Max: 0x00004000, ABSOLUTE)

    **** No section assigned to this execution region ****


==============================================================================

Image component sizes


      Code (inc. data)   RO Data    RW Data    ZI Data      Debug   Object Name

       236          0          0          0          0       3303   24cxx.o
       302         32          0          0         72       2866   adc.o
       180         22          0          0          0       6242   bsp_driver_sd.o
       598         18          0          0          0      23987   cmsis_os.o
       708        134          0          0          0       4295   dht.o
       160         26          0          0          0       3753   diskio.o
        72          4          0          0          0        790   dma.o
         0          0          0          0          0      10784   event_groups.o
        32         12          0          5        564       1552   fatfs.o
      6104         76          0          8         32      43075   ff.o
        74          4          0          0         12       1671   ff_gen_drv.o
      2608        928          0         52         24      38186   freertos.o
       606         38          0          8        160       2638   fsmc.o
       460         20          0          0          0       1247   gpio.o
       504         32          0         32      40960       5091   heap_4.o
       746         40          0          0          0       5170   iic.o
      4106         60          0          0         12       8164   lcd.o
      2388         74      18624         72         16      13993   lcd_draw.o
       144          0          0          0          0       3646   list.o
       326         20          0          0          0     778375   main.o
       814         92          0         12          0      12097   port.o
      2386         34          0          0         64      25538   queue.o
       112         20          0          0         32       1575   rtc.o
       136         82          0          1          0     630656   sd.o
       570         40         28          8          0      13093   sd_diskio.o
       432         38          0          0        324       1955   sdio.o
      1648        714          0          8         22       7574   sensor_data.o
       460         18         94         28          0       3265   ss_rtc.o
        36          8        392          0       1024        844   startup_stm32f407xx.o
       212         36          0          9          0       9469   stm32f4xx_hal.o
      1398         52          0          0          0       5198   stm32f4xx_hal_adc.o
       312         22          0          0          0      34403   stm32f4xx_hal_cortex.o
      1270         16          8          0          0       6877   stm32f4xx_hal_dma.o
       528         46          0          0          0       2815   stm32f4xx_hal_gpio.o
        84          6          0          0          0        878   stm32f4xx_hal_msp.o
      1820         84          0          0          0       5696   stm32f4xx_hal_rcc.o
       416         20          0          0          0       1424   stm32f4xx_hal_rcc_ex.o
       546         18          0          0          0       5540   stm32f4xx_hal_rtc.o
      3734         74          0          0          0      19191   stm32f4xx_hal_sd.o
        94          0          0          0          0       1232   stm32f4xx_hal_sram.o
      2564        172          0          0          0      18139   stm32f4xx_hal_tim.o
       184         30          0          0          0       2561   stm32f4xx_hal_tim_ex.o
      1112         10          0          0          0       4632   stm32f4xx_hal_uart.o
       106         24          0          0          0       5415   stm32f4xx_it.o
       242         10          0          0          0       3975   stm32f4xx_ll_fsmc.o
      2102         46          0          0          0      24803   stm32f4xx_ll_sdmmc.o
        60          0          0          0          0       3456   syscall.o
        20          6         24          4          0       1151   system_stm32f4xx.o
      2588        240          0         60        240      30936   tasks.o
       576         52          0          0        216       4326   tim.o
      1182         96          0         20         40      23730   timers.o
      2144        236          0         72          0       8898   touch.o
       192         22          0          0         72       1730   usart.o

    ----------------------------------------------------------------------
     50512       3904      19204        408      43892    1881900   Object Totals
         0          0         32          0          0          0   (incl. Generated)
        78          0          2          9          6          0   (incl. Padding)

    ----------------------------------------------------------------------

      Code (inc. data)   RO Data    RW Data    ZI Data      Debug   Library Member Name

        86          0          0          0          0          0   __dczerorl2.o
         0          0          0          0          0          0   entry.o
         0          0          0          0          0          0   entry10a.o
         0          0          0          0          0          0   entry11a.o
         4          0          0          0          0          0   entry12b.o
         8          4          0          0          0          0   entry2.o
         4          0          0          0          0          0   entry5.o
         0          0          0          0          0          0   entry7b.o
         0          0          0          0          0          0   entry8b.o
         8          4          0          0          0          0   entry9a.o
        30          0          0          0          0          0   handlers.o
        36          8          0          0          0         68   init.o
         0          0          0          0          0          0   iusefp.o
        30          0          0          0          0         68   llshl.o
        36          0          0          0          0         68   llsshr.o
        32          0          0          0          0         68   llushr.o
        26          0          0          0          0         80   memcmp.o
        36          0          0          0          0         68   memcpya.o
        36          0          0          0          0        108   memseta.o
      2342        100          0          0          0        772   printfa.o
         0          0          0          4          0          0   stdout.o
        24          0          0          0          0         68   strcat.o
        18          0          0          0          0         68   strcpy.o
        14          0          0          0          0         68   strlen.o
        44          0          0          0          0         80   uidiv.o
        98          0          0          0          0         92   uldiv.o
        48          0          0          0          0         68   cdcmple.o
        48          0          0          0          0         68   cdrcmple.o
       334          0          0          0          0        148   dadd.o
       222          0          0          0          0        100   ddiv.o
       186          0          0          0          0        176   depilogue.o
        48          0          0          0          0         68   dfixul.o
        34          0          0          0          0         76   dflti.o
       228          0          0          0          0         96   dmul.o
        38          0          0          0          0         68   f2d.o

    ----------------------------------------------------------------------
      4108        116          0          4          0       2544   Library Totals
        10          0          0          0          0          0   (incl. Padding)

    ----------------------------------------------------------------------

      Code (inc. data)   RO Data    RW Data    ZI Data      Debug   Library Name

      2912        116          0          4          0       1676   mc_w.l
      1186          0          0          0          0        868   mf_w.l

    ----------------------------------------------------------------------
      4108        116          0          4          0       2544   Library Totals

    ----------------------------------------------------------------------

==============================================================================


      Code (inc. data)   RO Data    RW Data    ZI Data      Debug   

     54620       4020      19204        412      43892    1842924   Grand Totals
     54620       4020      19204        128      43892    1842924   ELF Image Totals (compressed)
     54620       4020      19204        128          0          0   ROM Totals

==============================================================================

    Total RO  Size (Code + RO Data)                73824 (  72.09kB)
    Total RW  Size (RW Data + ZI Data)             44304 (  43.27kB)
    Total ROM Size (Code + RO Data + RW Data)      73952 (  72.22kB)

==============================================================================

