Component: ARM Compiler 5.06 update 7 (build 960) Tool: armlink [4d3601]

==============================================================================

Section Cross References

    startup_stm32f407xx.o(RESET) refers to startup_stm32f407xx.o(STACK) for __initial_sp
    startup_stm32f407xx.o(RESET) refers to startup_stm32f407xx.o(.text) for Reset_Handler
    startup_stm32f407xx.o(RESET) refers to stm32f4xx_it.o(i.NMI_Handler) for NMI_Handler
    startup_stm32f407xx.o(RESET) refers to stm32f4xx_it.o(i.HardFault_Handler) for HardFault_Handler
    startup_stm32f407xx.o(RESET) refers to stm32f4xx_it.o(i.MemManage_Handler) for MemManage_Handler
    startup_stm32f407xx.o(RESET) refers to stm32f4xx_it.o(i.BusFault_Handler) for BusFault_Handler
    startup_stm32f407xx.o(RESET) refers to stm32f4xx_it.o(i.UsageFault_Handler) for UsageFault_Handler
    startup_stm32f407xx.o(RESET) refers to port.o(.emb_text) for SVC_Handler
    startup_stm32f407xx.o(RESET) refers to stm32f4xx_it.o(i.DebugMon_Handler) for DebugMon_Handler
    startup_stm32f407xx.o(RESET) refers to stm32f4xx_it.o(i.SysTick_Handler) for SysTick_Handler
    startup_stm32f407xx.o(RESET) refers to stm32f4xx_it.o(i.TIM1_UP_TIM10_IRQHandler) for TIM1_UP_TIM10_IRQHandler
    startup_stm32f407xx.o(RESET) refers to stm32f4xx_it.o(i.TIM1_CC_IRQHandler) for TIM1_CC_IRQHandler
    startup_stm32f407xx.o(RESET) refers to stm32f4xx_it.o(i.USART3_IRQHandler) for USART3_IRQHandler
    startup_stm32f407xx.o(RESET) refers to stm32f4xx_it.o(i.SDIO_IRQHandler) for SDIO_IRQHandler
    startup_stm32f407xx.o(RESET) refers to stm32f4xx_it.o(i.DMA2_Stream3_IRQHandler) for DMA2_Stream3_IRQHandler
    startup_stm32f407xx.o(RESET) refers to stm32f4xx_it.o(i.DMA2_Stream6_IRQHandler) for DMA2_Stream6_IRQHandler
    startup_stm32f407xx.o(.text) refers to system_stm32f4xx.o(i.SystemInit) for SystemInit
    startup_stm32f407xx.o(.text) refers to entry.o(.ARM.Collect$$$$00000000) for __main
    main.o(i.SystemClock_Config) refers to memseta.o(.text) for __aeabi_memclr4
    main.o(i.SystemClock_Config) refers to stm32f4xx_hal_rcc.o(i.HAL_RCC_OscConfig) for HAL_RCC_OscConfig
    main.o(i.SystemClock_Config) refers to main.o(i.Error_Handler) for Error_Handler
    main.o(i.SystemClock_Config) refers to stm32f4xx_hal_rcc.o(i.HAL_RCC_ClockConfig) for HAL_RCC_ClockConfig
    main.o(i.TestQuery) refers to sensor_data.o(i.DataLogger_QueryByType) for DataLogger_QueryByType
    main.o(i.TestQuery) refers to printfa.o(i.__0printf) for __2printf
    main.o(i.TestQuery) refers to f2d.o(.text) for __aeabi_f2d
    main.o(i.TestQuery) refers to sensor_data.o(i.DataLogger_FreeResult) for DataLogger_FreeResult
    main.o(i.delay_us) refers to stm32f4xx_hal_tim.o(i.HAL_TIM_Base_Start) for HAL_TIM_Base_Start
    main.o(i.delay_us) refers to stm32f4xx_hal_tim.o(i.HAL_TIM_Base_Stop) for HAL_TIM_Base_Stop
    main.o(i.delay_us) refers to tim.o(.bss) for htim3
    main.o(i.fputc) refers to stm32f4xx_hal_uart.o(i.HAL_UART_Transmit) for HAL_UART_Transmit
    main.o(i.fputc) refers to usart.o(.bss) for huart1
    main.o(i.main) refers to stm32f4xx_hal.o(i.HAL_Init) for HAL_Init
    main.o(i.main) refers to main.o(i.SystemClock_Config) for SystemClock_Config
    main.o(i.main) refers to gpio.o(i.MX_GPIO_Init) for MX_GPIO_Init
    main.o(i.main) refers to dma.o(i.MX_DMA_Init) for MX_DMA_Init
    main.o(i.main) refers to usart.o(i.MX_USART1_UART_Init) for MX_USART1_UART_Init
    main.o(i.main) refers to tim.o(i.MX_TIM2_Init) for MX_TIM2_Init
    main.o(i.main) refers to tim.o(i.MX_TIM3_Init) for MX_TIM3_Init
    main.o(i.main) refers to tim.o(i.MX_TIM12_Init) for MX_TIM12_Init
    main.o(i.main) refers to adc.o(i.MX_ADC3_Init) for MX_ADC3_Init
    main.o(i.main) refers to fsmc.o(i.MX_FSMC_Init) for MX_FSMC_Init
    main.o(i.main) refers to sdio.o(i.MX_SDIO_SD_Init) for MX_SDIO_SD_Init
    main.o(i.main) refers to fatfs.o(i.MX_FATFS_Init) for MX_FATFS_Init
    main.o(i.main) refers to rtc.o(i.MX_RTC_Init) for MX_RTC_Init
    main.o(i.main) refers to usart.o(i.MX_USART3_UART_Init) for MX_USART3_UART_Init
    main.o(i.main) refers to tim.o(i.MX_TIM1_Init) for MX_TIM1_Init
    main.o(i.main) refers to i2c.o(i.MX_I2C1_Init) for MX_I2C1_Init
    main.o(i.main) refers to tim.o(i.MX_TIM4_Init) for MX_TIM4_Init
    main.o(i.main) refers to stm32f4xx_hal_tim.o(i.HAL_TIM_PWM_Start) for HAL_TIM_PWM_Start
    main.o(i.main) refers to lcd.o(i.lcd_Init) for lcd_Init
    main.o(i.main) refers to bh1750.o(i.BH1750_Init) for BH1750_Init
    main.o(i.main) refers to esp8266.o(i.ESP8266_SendCmd) for ESP8266_SendCmd
    main.o(i.main) refers to stm32f4xx_hal.o(i.HAL_Delay) for HAL_Delay
    main.o(i.main) refers to stm32f4xx_hal_uart.o(i.HAL_UART_Init) for HAL_UART_Init
    main.o(i.main) refers to esp8266.o(i.ESP8266_Init) for ESP8266_Init
    main.o(i.main) refers to esp8266.o(i.ESP8266_StartServer) for ESP8266_StartServer
    main.o(i.main) refers to freertos.o(i.MX_FREERTOS_Init) for MX_FREERTOS_Init
[...]
    at24cxx_read                             0x0800a799   Thumb Code    36  24cxx.o(i.at24cxx_read)
    at24cxx_read_one_byte                    0x0800a7bd   Thumb Code    82  24cxx.o(i.at24cxx_read_one_byte)
    at24cxx_write                            0x0800a80f   Thumb Code    36  24cxx.o(i.at24cxx_write)
    at24cxx_write_one_byte                   0x0800a833   Thumb Code    74  24cxx.o(i.at24cxx_write_one_byte)
    bh_data_send                             0x0800a87d   Thumb Code    34  bh1750.o(i.bh_data_send)
    delay_us                                 0x0800abe1   Thumb Code    38  main.o(i.delay_us)
    dht_read_data                            0x0800ac0d   Thumb Code   248  dht.o(i.dht_read_data)
    disk_initialize                          0x0800b07d   Thumb Code    38  diskio.o(i.disk_initialize)
    disk_ioctl                               0x0800b0a9   Thumb Code    22  diskio.o(i.disk_ioctl)
    disk_read                                0x0800b0c5   Thumb Code    28  diskio.o(i.disk_read)
    disk_status                              0x0800b0e5   Thumb Code    18  diskio.o(i.disk_status)
    disk_write                               0x0800b0fd   Thumb Code    28  diskio.o(i.disk_write)
    f_close                                  0x0800b145   Thumb Code    52  ff.o(i.f_close)
    f_closedir                               0x0800b179   Thumb Code    44  ff.o(i.f_closedir)
    f_gets                                   0x0800b1a5   Thumb Code    82  ff.o(i.f_gets)
    f_mkdir                                  0x0800b1f7   Thumb Code   350  ff.o(i.f_mkdir)
    f_mount                                  0x0800b355   Thumb Code   148  ff.o(i.f_mount)
    f_open                                   0x0800b3ed   Thumb Code   536  ff.o(i.f_open)
    f_opendir                                0x0800b605   Thumb Code   148  ff.o(i.f_opendir)
    f_printf                                 0x0800b699   Thumb Code   592  ff.o(i.f_printf)
    f_read                                   0x0800b8e9   Thumb Code   474  ff.o(i.f_read)
    f_readdir                                0x0800bac3   Thumb Code    88  ff.o(i.f_readdir)
    f_sync                                   0x0800bb1b   Thumb Code   170  ff.o(i.f_sync)
    f_unlink                                 0x0800bbc5   Thumb Code   188  ff.o(i.f_unlink)
    f_write                                  0x0800bc81   Thumb Code   536  ff.o(i.f_write)
    ff_cre_syncobj                           0x0800be99   Thumb Code    26  syscall.o(i.ff_cre_syncobj)
    ff_del_syncobj                           0x0800beb3   Thumb Code    10  syscall.o(i.ff_del_syncobj)
    ff_rel_grant                             0x0800bebd   Thumb Code     4  syscall.o(i.ff_rel_grant)
    ff_req_grant                             0x0800bec1   Thumb Code    20  syscall.o(i.ff_req_grant)
    fputc                                    0x0800c249   Thumb Code    22  main.o(i.fputc)
    get_fattime                              0x0800c329   Thumb Code     4  fatfs.o(i.get_fattime)
    iic_ack                                  0x0800c3e9   Thumb Code    80  iic.o(i.iic_ack)
    iic_init                                 0x0800c449   Thumb Code   114  iic.o(i.iic_init)
    iic_nack                                 0x0800c4c5   Thumb Code    60  iic.o(i.iic_nack)
    iic_read_byte                            0x0800c505   Thumb Code    92  iic.o(i.iic_read_byte)
    iic_send_byte                            0x0800c565   Thumb Code   106  iic.o(i.iic_send_byte)
    iic_start                                0x0800c5d5   Thumb Code    76  iic.o(i.iic_start)
    iic_stop                                 0x0800c625   Thumb Code    60  iic.o(i.iic_stop)
    iic_wait_ack                             0x0800c665   Thumb Code   100  iic.o(i.iic_wait_ack)
    lcd_Init                                 0x0800c78d   Thumb Code    34  lcd.o(i.lcd_Init)
    lcd_display_dir                          0x0800c7c9   Thumb Code    36  lcd.o(i.lcd_display_dir)
    lcd_draw_rectangle                       0x0800c7f1   Thumb Code   100  lcd_draw.o(i.lcd_draw_rectangle)
    lcd_reginit                              0x0800c855   Thumb Code  3826  lcd.o(i.lcd_reginit)
    lcd_scan_dir                             0x0800d749   Thumb Code   110  lcd.o(i.lcd_scan_dir)
    lcd_show_char                            0x0800d7bd   Thumb Code   462  lcd_draw.o(i.lcd_show_char)
    lcd_show_string                          0x0800d9a5   Thumb Code    98  lcd_draw.o(i.lcd_show_string)
    lcd_showchinese                          0x0800da0d   Thumb Code   154  lcd_draw.o(i.lcd_showchinese)
    lcd_showpicture                          0x0800daad   Thumb Code   106  lcd_draw.o(i.lcd_showpicture)
    lcd_wr_data                              0x0800db19   Thumb Code     8  lcd.o(i.lcd_wr_data)
    lcd_wr_reg                               0x0800db25   Thumb Code    14  lcd.o(i.lcd_wr_reg)
    lcd_wr_regno                             0x0800db39   Thumb Code     8  lcd.o(i.lcd_wr_regno)
    main                                     0x0800dba1   Thumb Code   202  main.o(i.main)
    osKernelRunning                          0x0800dd2f   Thumb Code    18  cmsis_os.o(i.osKernelRunning)
    osKernelStart                            0x0800dd41   Thumb Code    10  cmsis_os.o(i.osKernelStart)
    osKernelSysTick                          0x0800dd4b   Thumb Code    24  cmsis_os.o(i.osKernelSysTick)
    osMessageCreate                          0x0800dd63   Thumb Code    10  cmsis_os.o(i.osMessageCreate)
    osMessageGet                             0x0800dd6d   Thumb Code   166  cmsis_os.o(i.osMessageGet)
    osMessagePut                             0x0800de19   Thumb Code    96  cmsis_os.o(i.osMessagePut)
    osSemaphoreCreate                        0x0800de7d   Thumb Code    40  cmsis_os.o(i.osSemaphoreCreate)
    osSemaphoreDelete                        0x0800dea5   Thumb Code    24  cmsis_os.o(i.osSemaphoreDelete)
    osSemaphoreRelease                       0x0800debd   Thumb Code    76  cmsis_os.o(i.osSemaphoreRelease)
    osSemaphoreWait                          0x0800df0d   Thumb Code   100  cmsis_os.o(i.osSemaphoreWait)
    pvPortMalloc                             0x0800e929   Thumb Code   224  heap_4.o(i.pvPortMalloc)
    pvTaskIncrementMutexHeldCount            0x0800ea11   Thumb Code    20  tasks.o(i.pvTaskIncrementMutexHeldCount)
    pxPortInitialiseStack                    0x0800ea29   Thumb Code    38  port.o(i.pxPortInitialiseStack)
    set_SG90_angle                           0x0800ead5   Thumb Code    32  sg90.o(i.set_SG90_angle)
    tp_adjust                                0x0800ec25   Thumb Code   664  touch.o(i.tp_adjust)
    tp_get_adjust_data                       0x0800eee1   Thumb Code    36  touch.o(i.tp_get_adjust_data)
    tp_init                                  0x0800ef09   Thumb Code   192  touch.o(i.tp_init)
    tp_save_adjust_data                      0x0800f2a9   Thumb Code    24  touch.o(i.tp_save_adjust_data)
    update_time                              0x0800f49d   Thumb Code   214  lcd_draw.o(i.update_time)
    update_time_display                      0x0800f579   Thumb Code   324  lcd_draw.o(i.update_time_display)
    upload_sensor_data                       0x0800f6c1   Thumb Code   436  esp8266.o(i.upload_sensor_data)
    uxListRemove                             0x0800f979   Thumb Code    38  list.o(i.uxListRemove)
    vListInitialise                          0x0800f99f   Thumb Code    22  list.o(i.vListInitialise)
    vListInitialiseItem                      0x0800f9b5   Thumb Code     6  list.o(i.vListInitialiseItem)
    vListInsert                              0x0800f9bb   Thumb Code    54  list.o(i.vListInsert)
    vListInsertEnd                           0x0800f9f1   Thumb Code    24  list.o(i.vListInsertEnd)
    vPortEnterCritical                       0x0800fa09   Thumb Code    54  port.o(i.vPortEnterCritical)
    vPortExitCritical                        0x0800fa49   Thumb Code    38  port.o(i.vPortExitCritical)
    vPortFree                                0x0800fa75   Thumb Code    94  heap_4.o(i.vPortFree)
    vPortSetupTimerInterrupt                 0x0800fad9   Thumb Code    32  port.o(i.vPortSetupTimerInterrupt)
    vPortValidateInterruptPriority           0x0800fafd   Thumb Code    74  port.o(i.vPortValidateInterruptPriority)
    vQueueAddToRegistry                      0x0800fb51   Thumb Code    34  queue.o(i.vQueueAddToRegistry)
    vQueueDelete                             0x0800fb79   Thumb Code    40  queue.o(i.vQueueDelete)
    vQueueUnregisterQueue                    0x0800fba1   Thumb Code    36  queue.o(i.vQueueUnregisterQueue)
    vQueueWaitForMessageRestricted           0x0800fbc9   Thumb Code    74  queue.o(i.vQueueWaitForMessageRestricted)
    vTaskDelay                               0x0800fc15   Thumb Code    70  tasks.o(i.vTaskDelay)
    vTaskDelayUntil                          0x0800fc65   Thumb Code   146  tasks.o(i.vTaskDelayUntil)
    vTaskInternalSetTimeOutState             0x0800fd01   Thumb Code    12  tasks.o(i.vTaskInternalSetTimeOutState)
    vTaskMissedYield                         0x0800fd11   Thumb Code     8  tasks.o(i.vTaskMissedYield)
    vTaskPlaceOnEventList                    0x0800fd1d   Thumb Code    48  tasks.o(i.vTaskPlaceOnEventList)
    vTaskPlaceOnEventListRestricted          0x0800fd51   Thumb Code    54  tasks.o(i.vTaskPlaceOnEventListRestricted)
    vTaskPriorityDisinheritAfterTimeout      0x0800fd8d   Thumb Code   158  tasks.o(i.vTaskPriorityDisinheritAfterTimeout)
    vTaskStartScheduler                      0x0800fe35   Thumb Code   100  tasks.o(i.vTaskStartScheduler)
    vTaskSuspendAll                          0x0800fead   Thumb Code    10  tasks.o(i.vTaskSuspendAll)
    vTaskSwitchContext                       0x0800febd   Thumb Code    86  tasks.o(i.vTaskSwitchContext)
    xPortStartScheduler                      0x0800ff6d   Thumb Code   232  port.o(i.xPortStartScheduler)
    xPortSysTickHandler                      0x08010071   Thumb Code    38  port.o(i.xPortSysTickHandler)
    xQueueCreateMutex                        0x0801009d   Thumb Code    24  queue.o(i.xQueueCreateMutex)
    xQueueGenericCreate                      0x080100b5   Thumb Code    62  queue.o(i.xQueueGenericCreate)
    xQueueGenericReset                       0x080100f5   Thumb Code   138  queue.o(i.xQueueGenericReset)
    xQueueGenericSend                        0x08010185   Thumb Code   362  queue.o(i.xQueueGenericSend)
    xQueueGenericSendFromISR                 0x080102f5   Thumb Code   190  queue.o(i.xQueueGenericSendFromISR)
    xQueueGiveFromISR                        0x080103b3   Thumb Code   160  queue.o(i.xQueueGiveFromISR)
    xQueueReceive                            0x08010455   Thumb Code   322  queue.o(i.xQueueReceive)
    xQueueReceiveFromISR                     0x0801059d   Thumb Code   154  queue.o(i.xQueueReceiveFromISR)
    xQueueSemaphoreTake                      0x08010639   Thumb Code   382  queue.o(i.xQueueSemaphoreTake)
    xTaskCheckForTimeOut                     0x080107bd   Thumb Code   122  tasks.o(i.xTaskCheckForTimeOut)
    xTaskCreate                              0x0801083d   Thumb Code   104  tasks.o(i.xTaskCreate)
    xTaskGetSchedulerState                   0x080108a5   Thumb Code    24  tasks.o(i.xTaskGetSchedulerState)
    xTaskGetTickCount                        0x080108c1   Thumb Code     6  tasks.o(i.xTaskGetTickCount)
    xTaskGetTickCountFromISR                 0x080108cd   Thumb Code    12  tasks.o(i.xTaskGetTickCountFromISR)
    xTaskIncrementTick                       0x080108dd   Thumb Code   202  tasks.o(i.xTaskIncrementTick)
    xTaskPriorityDisinherit                  0x080109b1   Thumb Code   146  tasks.o(i.xTaskPriorityDisinherit)
    xTaskPriorityInherit                     0x08010a4d   Thumb Code   138  tasks.o(i.xTaskPriorityInherit)
    xTaskRemoveFromEventList                 0x08010ae1   Thumb Code   108  tasks.o(i.xTaskRemoveFromEventList)
    xTaskResumeAll                           0x08010b59   Thumb Code   190  tasks.o(i.xTaskResumeAll)
    xTimerCreateTimerTask                    0x08010c25   Thumb Code    62  timers.o(i.xTimerCreateTimerTask)
    xTimerGenericCommand                     0x08010c79   Thumb Code   112  timers.o(i.xTimerGenericCommand)
    AHBPrescTable                            0x08010cf4   Data          16  system_stm32f4xx.o(.constdata)
    APBPrescTable                            0x08010d04   Data           8  system_stm32f4xx.o(.constdata)
    asc2_1206                                0x08010d0c   Data        1140  lcd_draw.o(.constdata)
    asc2_1608                                0x08011180   Data        1520  lcd_draw.o(.constdata)
    asc2_2412                                0x08011770   Data        3420  lcd_draw.o(.constdata)
    asc2_3216                                0x080124cc   Data        6080  lcd_draw.o(.constdata)
    asc2_6432                                0x08013c8c   Data        2816  lcd_draw.o(.constdata)
    tfont24                                  0x0801478c   Data        1368  lcd_draw.o(.constdata)
    tfont32                                  0x08014ce4   Data        2432  lcd_draw.o(.constdata)
    gImage_back                              0x08015678   Data       307200  pic.o(.constdata)
    SD_Driver                                0x08060678   Data          20  sd_diskio.o(.constdata)
    __ctype_table                            0x08060694   Data         129  ctype_o.o(.constdata)
    Region$$Table$$Base                      0x08060840   Number         0  anon$$obj.o(Region$$Table)
    Region$$Table$$Limit                     0x08060860   Number         0  anon$$obj.o(Region$$Table)
    adc_history                              0x20000000   Data           4  freertos.o(.data)
    defaultTaskHandle                        0x20000004   Data           4  freertos.o(.data)
    pwmDACTaskHandle                         0x20000008   Data           4  freertos.o(.data)
    screenTaskHandle                         0x2000000c   Data           4  freertos.o(.data)
    touchHandle                              0x20000010   Data           4  freertos.o(.data)
    SensorHandle                             0x20000014   Data           4  freertos.o(.data)
    autocontrolHandle                        0x20000018   Data           4  freertos.o(.data)
    cloudsyncHandle                          0x2000001c   Data           4  freertos.o(.data)
    espTaskHandle                            0x20000020   Data           4  freertos.o(.data)
    watchdogTaskHandle                       0x20000024   Data           4  freertos.o(.data)
    MutexHandle                              0x20000028   Data           4  freertos.o(.data)
    Queueretouch                             0x2000002c   Data           4  freertos.o(.data)
    uwTick                                   0x2000003c   Data           4  stm32f4xx_hal.o(.data)
    uwTickPrio                               0x20000040   Data           4  stm32f4xx_hal.o(.data)
    uwTickFreq                               0x20000044   Data           1  stm32f4xx_hal.o(.data)
    SystemCoreClock                          0x20000048   Data           4  system_stm32f4xx.o(.data)
    font_labels                              0x2000004e   Data          76  lcd_draw.o(.data)
    tp_dev                                   0x2000009c   Data          72  touch.o(.data)
    g_sensor_valid                           0x200000e4   Data           1  sensor_data.o(.data)
    USART3_RX_STA                            0x200000e8   Data           2  esp8266.o(.data)
    espQueueHandle                           0x200000ec   Data           4  esp8266.o(.data)
    dma_tx_done                              0x200000f0   Data           4  esp8266.o(.data)
    g_remote_sta                             0x200000f8   Data           1  remote.o(.data)
    g_remote_data                            0x200000fc   Data           4  remote.o(.data)
    g_remote_cnt                             0x20000100   Data           1  remote.o(.data)
    g_config_initialized                     0x20000104   Data           1  system_config.o(.data)
    MutexpHandle                             0x20000108   Data           4  system_config.o(.data)
    pxCurrentTCB                             0x2000010c   Data           4  tasks.o(.data)
    retSD                                    0x20000190   Data           1  fatfs.o(.data)
    SDPath                                   0x20000191   Data           4  fatfs.o(.data)
    __stdout                                 0x200001a0   Data           4  stdout.o(.data)
    hadc3                                    0x200001c4   Data          72  adc.o(.bss)
    hsram1                                   0x2000020c   Data          80  fsmc.o(.bss)
    hsram3                                   0x2000025c   Data          80  fsmc.o(.bss)
    hi2c1                                    0x200002ac   Data          84  i2c.o(.bss)
    hrtc                                     0x20000300   Data          32  rtc.o(.bss)
    hsd                                      0x20000320   Data         132  sdio.o(.bss)
    hdma_sdio_rx                             0x200003a4   Data          96  sdio.o(.bss)
    hdma_sdio_tx                             0x20000404   Data          96  sdio.o(.bss)
    htim1                                    0x20000464   Data          72  tim.o(.bss)
    htim2                                    0x200004ac   Data          72  tim.o(.bss)
    htim3                                    0x200004f4   Data          72  tim.o(.bss)
    htim4                                    0x2000053c   Data          72  tim.o(.bss)
    htim12                                   0x20000584   Data          72  tim.o(.bss)
    huart1                                   0x200005cc   Data          72  usart.o(.bss)
    huart3                                   0x20000614   Data          72  usart.o(.bss)
    lcddev                                   0x2000067c   Data          12  lcd.o(.bss)
    g_sensor_data                            0x20000688   Data          16  sensor_data.o(.bss)
    USART3_RX_BUF                            0x20000698   Data         512  esp8266.o(.bss)
    g_sys_config                             0x20000898   Data          40  system_config.o(.bss)
    xQueueRegistry                           0x200008c0   Data          64  queue.o(.bss)
    SDFatFS                                  0x2000aa18   Data         564  fatfs.o(.bss)
    disk                                     0x2000ac6c   Data          12  ff_gen_drv.o(.bss)
    __initial_sp                             0x2000b078   Data           0  startup_stm32f407xx.o(STACK)



==============================================================================

Memory Map of the image

  Image Entry point : 0x08000189

  Load Region LR_IROM1 (Base: 0x08000000, Size: 0x00060a08, Max: 0x00100000, ABSOLUTE, COMPRESSED[0x000608cc])

    Execution Region ER_IROM1 (Exec base: 0x08000000, Load base: 0x08000000, Size: 0x00060860, Max: 0x00100000, ABSOLUTE)

    Exec Addr    Load Addr    Size         Type   Attr      Idx    E Section Name        Object

    0x08000000   0x08000000   0x00000188   Data   RO            3    RESET               startup_stm32f407xx.o
    0x08000188   0x08000188   0x00000000   Code   RO         9202  * .ARM.Collect$$$$00000000  mc_w.l(entry.o)
    0x08000188   0x08000188   0x00000004   Code   RO         9546    .ARM.Collect$$$$00000001  mc_w.l(entry2.o)
    0x0800018c   0x0800018c   0x00000004   Code   RO         9549    .ARM.Collect$$$$00000004  mc_w.l(entry5.o)
    0x08000190   0x08000190   0x00000000   Code   RO         9551    .ARM.Collect$$$$00000008  mc_w.l(entry7b.o)
    0x08000190   0x08000190   0x00000000   Code   RO         9553    .ARM.Collect$$$$0000000A  mc_w.l(entry8b.o)
    0x08000190   0x08000190   0x00000008   Code   RO         9554    .ARM.Collect$$$$0000000B  mc_w.l(entry9a.o)
    0x08000198   0x08000198   0x00000004   Code   RO         9561    .ARM.Collect$$$$0000000E  mc_w.l(entry12b.o)
    0x0800019c   0x0800019c   0x00000000   Code   RO         9556    .ARM.Collect$$$$0000000F  mc_w.l(entry10a.o)
    0x0800019c   0x0800019c   0x00000000   Code   RO         9558    .ARM.Collect$$$$00000011  mc_w.l(entry11a.o)
    0x0800019c   0x0800019c   0x00000004   Code   RO         9547    .ARM.Collect$$$$00002712  mc_w.l(entry2.o)
    0x080001a0   0x080001a0   0x000000be   Code   RO         8333    .emb_text           port.o
    0x0800025e   0x0800025e   0x00000002   PAD
    0x08000260   0x08000260   0x00000024   Code   RO            4    .text               startup_stm32f407xx.o
    0x08000284   0x08000284   0x00000062   Code   RO         9205    .text               mc_w.l(uldiv.o)
    0x080002e6   0x080002e6   0x00000024   Code   RO         9207    .text               mc_w.l(memcpya.o)
    0x0800030a   0x0800030a   0x00000024   Code   RO         9211    .text               mc_w.l(memseta.o)
    0x0800032e   0x0800032e   0x00000024   Code   RO         9213    .text               mc_w.l(strstr.o)
    0x08000352   0x08000352   0x00000018   Code   RO         9215    .text               mc_w.l(strncpy.o)
    0x0800036a   0x0800036a   0x00000014   Code   RO         9217    .text               mc_w.l(strchr.o)
    0x0800037e   0x0800037e   0x0000000e   Code   RO         9219    .text               mc_w.l(strlen.o)
    0x0800038c   0x0800038c   0x0000001c   Code   RO         9221    .text               mc_w.l(strcmp.o)
    0x080003a8   0x080003a8   0x0000001a   Code   RO         9223    .text               mc_w.l(memcmp.o)
    0x080003c2   0x080003c2   0x00000012   Code   RO         9225    .text               mc_w.l(strcpy.o)
    0x080003d4   0x080003d4   0x0000001e   Code   RO         9227    .text               mc_w.l(strncmp.o)
    0x080003f2   0x080003f2   0x00000020   Code   RO         9229    .text               mc_w.l(strpbrk.o)
    0x08000412   0x08000412   0x00000002   PAD
    0x08000414   0x08000414   0x00000038   Code   RO         9522    .text               mc_w.l(__0sscanf.o)
    0x0800044c   0x0800044c   0x0000014c   Code   RO         9524    .text               mc_w.l(_scanf_int.o)
    0x08000598   0x08000598   0x00000360   Code   RO         9528    .text               mc_w.l(scanf_fp.o)
    0x080008f8   0x080008f8   0x0000001a   Code   RO         9532    .text               mc_w.l(atoi.o)
    0x08000912   0x08000912   0x000000de   Code   RO         9534    .text               mf_w.l(ddiv.o)
    0x080009f0   0x080009f0   0x00000022   Code   RO         9538    .text               mf_w.l(dflti.o)
    0x08000a12   0x08000a12   0x00000026   Code   RO         9540    .text               mf_w.l(f2d.o)
    0x08000a38   0x08000a38   0x00000030   Code   RO         9542    .text               mf_w.l(cdcmple.o)
    0x08000a68   0x08000a68   0x00000030   Code   RO         9544    .text               mf_w.l(cdrcmple.o)
    0x08000a98   0x08000a98   0x0000002c   Code   RO         9563    .text               mc_w.l(uidiv.o)
    0x08000ac4   0x08000ac4   0x0000001e   Code   RO         9565    .text               mc_w.l(llshl.o)
    0x08000ae2   0x08000ae2   0x00000020   Code   RO         9567    .text               mc_w.l(llushr.o)
    0x08000b02   0x08000b02   0x0000001c   Code   RO         9578    .text               mc_w.l(_chval.o)
    0x08000b1e   0x08000b1e   0x00000002   PAD
    0x08000b20   0x08000b20   0x00000028   Code   RO         9580    .text               mc_w.l(scanf_char.o)
    0x08000b48   0x08000b48   0x00000040   Code   RO         9582    .text               mc_w.l(_sgetc.o)
    0x08000b88   0x08000b88   0x00000070   Code   RO         9584    .text               mc_w.l(strtol.o)
    0x08000bf8   0x08000bf8   0x00000000   Code   RO         9586    .text               mc_w.l(iusefp.o)
    0x08000bf8   0x08000bf8   0x000000ba   Code   RO         9587    .text               mf_w.l(depilogue.o)
    0x08000cb2   0x08000cb2   0x0000014e   Code   RO         9589    .text               mf_w.l(dadd.o)
    0x08000e00   0x08000e00   0x000000e4   Code   RO         9591    .text               mf_w.l(dmul.o)
    0x08000ee4   0x08000ee4   0x00000018   Code   RO         9593    .text               mf_w.l(dfltul.o)
    0x08000efc   0x08000efc   0x00000030   Code   RO         9595    .text               mf_w.l(dfixul.o)
    0x08000f2c   0x08000f2c   0x00000038   Code   RO         9597    .text               mf_w.l(d2f.o)
    0x08000f64   0x08000f64   0x00000024   Code   RO         9599    .text               mc_w.l(init.o)
    0x08000f88   0x08000f88   0x00000024   Code   RO         9601    .text               mc_w.l(llsshr.o)
    0x08000fac   0x08000fac   0x00000008   Code   RO         9605    .text               mc_w.l(ctype_o.o)
    0x08000fb4   0x08000fb4   0x00000012   Code   RO         9627    .text               mc_w.l(isspace_o.o)
    0x08000fc6   0x08000fc6   0x00000002   PAD
    0x08000fc8   0x08000fc8   0x00000330   Code   RO         9633    .text               mc_w.l(_scanf.o)
    0x080012f8   0x080012f8   0x0000009e   Code   RO         9635    .text               mc_w.l(_strtoul.o)
    0x08001396   0x08001396   0x0000006e   Code   RO         9637    .text               mf_w.l(fepilogue.o)
    0x08001404   0x08001404   0x00000056   Code   RO         9650    .text               mc_w.l(__dczerorl2.o)
    0x0800145a   0x0800145a   0x00000002   PAD
    0x0800145c   0x0800145c   0x00000020   Code   RO          611    i.ADC3_get          adc.o
    0x0800147c   0x0800147c   0x0000001e   Code   RO          612    i.ADC3_result       adc.o
    0x0800149a   0x0800149a   0x00000002   PAD
    0x0800149c   0x0800149c   0x00000160   Code   RO         1134    i.ADC_Init          stm32f4xx_hal_adc.o
    0x080015fc   0x080015fc   0x000000e4   Code   RO          482    i.AutoControlTask   freertos.o
    0x080016e0   0x080016e0   0x00000340   Code   RO         6804    i.AutoControl_All   auto_control.o
    0x08001a20   0x08001a20   0x0000002c   Code   RO         6674    i.BH1750_Init       bh1750.o
    0x08001a4c   0x08001a4c   0x0000009c   Code   RO         6675    i.BH1750_ReadLight  bh1750.o
    0x08001ae8   0x08001ae8   0x00000002   Code   RO         8413    i.BSP_SD_AbortCallback  bsp_driver_sd.o
    0x08001aea   0x08001aea   0x00000002   PAD
    0x08001aec   0x08001aec   0x0000000c   Code   RO         8416    i.BSP_SD_GetCardInfo  bsp_driver_sd.o
    0x08001af8   0x08001af8   0x00000018   Code   RO         8417    i.BSP_SD_GetCardState  bsp_driver_sd.o
    0x08001b10   0x08001b10   0x00000030   Code   RO         8419    i.BSP_SD_Init       bsp_driver_sd.o
    0x08001b40   0x08001b40   0x0000000e   Code   RO         8420    i.BSP_SD_IsDetected  bsp_driver_sd.o
    0x08001b4e   0x08001b4e   0x00000002   PAD
    0x08001b50   0x08001b50   0x0000001c   Code   RO         8422    i.BSP_SD_ReadBlocks_DMA  bsp_driver_sd.o
    0x08001b6c   0x08001b6c   0x00000010   Code   RO         8537    i.BSP_SD_ReadCpltCallback  sd_diskio.o
    0x08001b7c   0x08001b7c   0x0000001c   Code   RO         8425    i.BSP_SD_WriteBlocks_DMA  bsp_driver_sd.o
    0x08001b98   0x08001b98   0x00000010   Code   RO         8538    i.BSP_SD_WriteCpltCallback  sd_diskio.o
    0x08001ba8   0x08001ba8   0x00000004   Code   RO         1007    i.BusFault_Handler  stm32f4xx_it.o
    0x08001bac   0x08001bac   0x00000080   Code   RO          483    i.CloudsyncTask     freertos.o
    0x08001c2c   0x08001c2c   0x00000078   Code   RO         6533    i.ControlDevice     esp8266.o
    0x08001ca4   0x08001ca4   0x0000000a   Code   RO         6741    i.Curtain_Off       sg90.o
    0x08001cae   0x08001cae   0x0000000a   Code   RO         6742    i.Curtain_On        sg90.o
    0x08001cb8   0x08001cb8   0x00000038   Code   RO         5781    i.DHT11_Wait        dht.o
    0x08001cf0   0x08001cf0   0x00000050   Code   RO         5782    i.DHT_MODE_Input    dht.o
    0x08001d40   0x08001d40   0x00000050   Code   RO         5783    i.DHT_MODE_Output   dht.o
    0x08001d90   0x08001d90   0x00000080   Code   RO         5784    i.DHT_Response      dht.o
    0x08001e10   0x08001e10   0x00000038   Code   RO         5785    i.DHT_Start         dht.o
    0x08001e48   0x08001e48   0x00000010   Code   RO         1008    i.DMA2_Stream3_IRQHandler  stm32f4xx_it.o
    0x08001e58   0x08001e58   0x00000010   Code   RO         1009    i.DMA2_Stream6_IRQHandler  stm32f4xx_it.o
    0x08001e68   0x08001e68   0x00000034   Code   RO         1913    i.DMA_CalcBaseAndBitshift  stm32f4xx_hal_dma.o
    0x08001e9c   0x08001e9c   0x000000aa   Code   RO         1914    i.DMA_CheckFifoParam  stm32f4xx_hal_dma.o
    0x08001f46   0x08001f46   0x0000002c   Code   RO         1915    i.DMA_SetConfig     stm32f4xx_hal_dma.o
    0x08001f72   0x08001f72   0x00000002   PAD
    0x08001f74   0x08001f74   0x00000188   Code   RO         6443    i.DataLogger_CleanOldFiles  sensor_data.o
    0x080020fc   0x080020fc   0x000000e8   Code   RO         6446    i.DataLogger_Init   sensor_data.o
    0x080021e4   0x080021e4   0x00000184   Code   RO         6448    i.DataLogger_StoreCurrent  sensor_data.o
    0x08002368   0x08002368   0x00000002   Code   RO         1010    i.DebugMon_Handler  stm32f4xx_it.o
    0x0800236a   0x0800236a   0x00000002   PAD
    0x0800236c   0x0800236c   0x000000a8   Code   RO         6534    i.ESP8266_GetIP     esp8266.o
    0x08002414   0x08002414   0x00000118   Code   RO         6535    i.ESP8266_Init      esp8266.o
    0x0800252c   0x0800252c   0x00000250   Code   RO         6536    i.ESP8266_ProcessRequest  esp8266.o
    0x0800277c   0x0800277c   0x000000a0   Code   RO         6537    i.ESP8266_SendCmd   esp8266.o
    0x0800281c   0x0800281c   0x00000060   Code   RO         6538    i.ESP8266_StartServer  esp8266.o
    0x0800287c   0x0800287c   0x0000007c   Code   RO          484    i.ESP8266_Task      freertos.o
    0x080028f8   0x080028f8   0x00000050   Code   RO         6539    i.ESP8266_UART_IRQHandler  esp8266.o
    0x08002948   0x08002948   0x00000006   Code   RO           13    i.Error_Handler     main.o
    0x0800294e   0x0800294e   0x00000006   Code   RO         9107    i.FATFS_LinkDriver  ff_gen_drv.o
    0x08002954   0x08002954   0x00000044   Code   RO         9108    i.FATFS_LinkDriverEx  ff_gen_drv.o
    0x08002998   0x08002998   0x00000044   Code   RO         2617    i.FSMC_NORSRAM_Extended_Timing_Init  stm32f4xx_ll_fsmc.o
    0x080029dc   0x080029dc   0x00000078   Code   RO         2618    i.FSMC_NORSRAM_Init  stm32f4xx_ll_fsmc.o
    0x08002a54   0x08002a54   0x00000036   Code   RO         2619    i.FSMC_NORSRAM_Timing_Init  stm32f4xx_ll_fsmc.o
    0x08002a8a   0x08002a8a   0x00000002   PAD
    0x08002a8c   0x08002a8c   0x00000034   Code   RO         6713    i.Fan_SetLevel      motor.o
    0x08002ac0   0x08002ac0   0x00000062   Code   RO         6805    i.GetFanLevelByTemperature  auto_control.o
    0x08002b22   0x08002b22   0x00000002   PAD
    0x08002b24   0x08002b24   0x0000018c   Code   RO         1136    i.HAL_ADC_ConfigChannel  stm32f4xx_hal_adc.o
    0x08002cb0   0x08002cb0   0x00000008   Code   RO         1143    i.HAL_ADC_GetValue  stm32f4xx_hal_adc.o
    0x08002cb8   0x08002cb8   0x00000068   Code   RO         1145    i.HAL_ADC_Init      stm32f4xx_hal_adc.o
    0x08002d20   0x08002d20   0x00000080   Code   RO          614    i.HAL_ADC_MspInit   adc.o
    0x08002da0   0x08002da0   0x000000ce   Code   RO         1149    i.HAL_ADC_PollForConversion  stm32f4xx_hal_adc.o
    0x08002e6e   0x08002e6e   0x00000002   PAD
    0x08002e70   0x08002e70   0x0000014c   Code   RO         1151    i.HAL_ADC_Start     stm32f4xx_hal_adc.o
    0x08002fbc   0x08002fbc   0x000000ac   Code   RO         1916    i.HAL_DMA_Abort     stm32f4xx_hal_dma.o
    0x08003068   0x08003068   0x00000028   Code   RO         1917    i.HAL_DMA_Abort_IT  stm32f4xx_hal_dma.o
    0x08003090   0x08003090   0x00000006   Code   RO         1919    i.HAL_DMA_GetError  stm32f4xx_hal_dma.o
    0x08003096   0x08003096   0x00000002   PAD
    0x08003098   0x08003098   0x00000240   Code   RO         1921    i.HAL_DMA_IRQHandler  stm32f4xx_hal_dma.o
    0x080032d8   0x080032d8   0x000000ec   Code   RO         1922    i.HAL_DMA_Init      stm32f4xx_hal_dma.o
    0x080033c4   0x080033c4   0x00000092   Code   RO         1926    i.HAL_DMA_Start_IT  stm32f4xx_hal_dma.o
    0x08003456   0x08003456   0x00000002   PAD
    0x08003458   0x08003458   0x00000028   Code   RO         2358    i.HAL_Delay         stm32f4xx_hal.o
    0x08003480   0x08003480   0x00000148   Code   RO          693    i.HAL_FSMC_MspInit  fsmc.o
    0x080035c8   0x080035c8   0x000001f4   Code   RO         1809    i.HAL_GPIO_Init     stm32f4xx_hal_gpio.o
    0x080037bc   0x080037bc   0x00000010   Code   RO         1811    i.HAL_GPIO_ReadPin  stm32f4xx_hal_gpio.o
    0x080037cc   0x080037cc   0x0000000c   Code   RO         1813    i.HAL_GPIO_WritePin  stm32f4xx_hal_gpio.o
    0x080037d8   0x080037d8   0x0000000c   Code   RO         2364    i.HAL_GetTick       stm32f4xx_hal.o
    0x080037e4   0x080037e4   0x000001d0   Code   RO         2935    i.HAL_I2C_Init      stm32f4xx_hal_i2c.o
    0x080039b4   0x080039b4   0x00000088   Code   RO          746    i.HAL_I2C_MspInit   i2c.o
    0x08003a3c   0x08003a3c   0x00000018   Code   RO         2370    i.HAL_IncTick       stm32f4xx_hal.o
    0x08003a54   0x08003a54   0x0000003c   Code   RO         2371    i.HAL_Init          stm32f4xx_hal.o
    0x08003a90   0x08003a90   0x0000004c   Code   RO         2372    i.HAL_InitTick      stm32f4xx_hal.o
    0x08003adc   0x08003adc   0x00000054   Code   RO         1107    i.HAL_MspInit       stm32f4xx_hal_msp.o
    0x08003b30   0x08003b30   0x00000028   Code   RO         2201    i.HAL_NVIC_EnableIRQ  stm32f4xx_hal_cortex.o
    0x08003b58   0x08003b58   0x0000007c   Code   RO         2207    i.HAL_NVIC_SetPriority  stm32f4xx_hal_cortex.o
    0x08003bd4   0x08003bd4   0x00000028   Code   RO         2208    i.HAL_NVIC_SetPriorityGrouping  stm32f4xx_hal_cortex.o
    0x08003bfc   0x08003bfc   0x000001a0   Code   RO         1515    i.HAL_RCCEx_PeriphCLKConfig  stm32f4xx_hal_rcc_ex.o
    0x08003d9c   0x08003d9c   0x00000184   Code   RO         1410    i.HAL_RCC_ClockConfig  stm32f4xx_hal_rcc.o
    0x08003f20   0x08003f20   0x0000000c   Code   RO         1415    i.HAL_RCC_GetHCLKFreq  stm32f4xx_hal_rcc.o
    0x08003f2c   0x08003f2c   0x00000020   Code   RO         1417    i.HAL_RCC_GetPCLK1Freq  stm32f4xx_hal_rcc.o
    0x08003f4c   0x08003f4c   0x00000020   Code   RO         1418    i.HAL_RCC_GetPCLK2Freq  stm32f4xx_hal_rcc.o
    0x08003f6c   0x08003f6c   0x000000b0   Code   RO         1419    i.HAL_RCC_GetSysClockFreq  stm32f4xx_hal_rcc.o
    0x0800401c   0x0800401c   0x0000049c   Code   RO         1422    i.HAL_RCC_OscConfig  stm32f4xx_hal_rcc.o
    0x080044b8   0x080044b8   0x0000004c   Code   RO         3429    i.HAL_RTC_GetDate   stm32f4xx_hal_rtc.o
    0x08004504   0x08004504   0x0000005c   Code   RO         3431    i.HAL_RTC_GetTime   stm32f4xx_hal_rtc.o
    0x08004560   0x08004560   0x000000b4   Code   RO         3432    i.HAL_RTC_Init      stm32f4xx_hal_rtc.o
    0x08004614   0x08004614   0x0000003c   Code   RO          788    i.HAL_RTC_MspInit   rtc.o
    0x08004650   0x08004650   0x00000038   Code   RO         3440    i.HAL_RTC_WaitForSynchro  stm32f4xx_hal_rtc.o
    0x08004688   0x08004688   0x00000008   Code   RO         8427    i.HAL_SD_AbortCallback  bsp_driver_sd.o
    0x08004690   0x08004690   0x000000c8   Code   RO         4117    i.HAL_SD_ConfigWideBusOperation  stm32f4xx_hal_sd.o
    0x08004758   0x08004758   0x00000002   Code   RO         4120    i.HAL_SD_ErrorCallback  stm32f4xx_hal_sd.o
    0x0800475a   0x0800475a   0x00000002   PAD
    0x0800475c   0x0800475c   0x000001c8   Code   RO         4122    i.HAL_SD_GetCardCSD  stm32f4xx_hal_sd.o
    0x08004924   0x08004924   0x00000026   Code   RO         4123    i.HAL_SD_GetCardInfo  stm32f4xx_hal_sd.o
    0x0800494a   0x0800494a   0x00000024   Code   RO         4124    i.HAL_SD_GetCardState  stm32f4xx_hal_sd.o
    0x0800496e   0x0800496e   0x00000002   PAD
    0x08004970   0x08004970   0x0000021c   Code   RO         4128    i.HAL_SD_IRQHandler  stm32f4xx_hal_sd.o
    0x08004b8c   0x08004b8c   0x0000003c   Code   RO         4129    i.HAL_SD_Init       stm32f4xx_hal_sd.o
    0x08004bc8   0x08004bc8   0x000000a8   Code   RO         4130    i.HAL_SD_InitCard   stm32f4xx_hal_sd.o
    0x08004c70   0x08004c70   0x0000018c   Code   RO          830    i.HAL_SD_MspInit    sdio.o
    0x08004dfc   0x08004dfc   0x00000150   Code   RO         4134    i.HAL_SD_ReadBlocks_DMA  stm32f4xx_hal_sd.o
    0x08004f4c   0x08004f4c   0x00000008   Code   RO         8428    i.HAL_SD_RxCpltCallback  bsp_driver_sd.o
    0x08004f54   0x08004f54   0x00000008   Code   RO         8429    i.HAL_SD_TxCpltCallback  bsp_driver_sd.o
    0x08004f5c   0x08004f5c   0x00000154   Code   RO         4139    i.HAL_SD_WriteBlocks_DMA  stm32f4xx_hal_sd.o
    0x080050b0   0x080050b0   0x0000005e   Code   RO         2757    i.HAL_SRAM_Init     stm32f4xx_hal_sram.o
    0x0800510e   0x0800510e   0x0000000a   Code   RO          695    i.HAL_SRAM_MspInit  fsmc.o
    0x08005118   0x08005118   0x00000034   Code   RO         2212    i.HAL_SYSTICK_Config  stm32f4xx_hal_cortex.o
    0x0800514c   0x0800514c   0x00000002   Code   RO         5104    i.HAL_TIMEx_BreakCallback  stm32f4xx_hal_tim_ex.o
    0x0800514e   0x0800514e   0x00000002   Code   RO         5105    i.HAL_TIMEx_CommutCallback  stm32f4xx_hal_tim_ex.o
    0x08005150   0x08005150   0x000000b4   Code   RO         5123    i.HAL_TIMEx_MasterConfigSynchronization  stm32f4xx_hal_tim_ex.o
    0x08005204   0x08005204   0x00000066   Code   RO         4389    i.HAL_TIM_Base_Init  stm32f4xx_hal_tim.o
    0x0800526a   0x0800526a   0x00000002   PAD
    0x0800526c   0x0800526c   0x00000134   Code   RO          872    i.HAL_TIM_Base_MspInit  tim.o
    0x080053a0   0x080053a0   0x0000009c   Code   RO         4392    i.HAL_TIM_Base_Start  stm32f4xx_hal_tim.o
    0x0800543c   0x0800543c   0x00000032   Code   RO         4395    i.HAL_TIM_Base_Stop  stm32f4xx_hal_tim.o
    0x0800546e   0x0800546e   0x0000010c   Code   RO         4398    i.HAL_TIM_ConfigClockSource  stm32f4xx_hal_tim.o
    0x0800557a   0x0800557a   0x00000002   PAD
    0x0800557c   0x0800557c   0x00000148   Code   RO         6622    i.HAL_TIM_IC_CaptureCallback  remote.o
    0x080056c4   0x080056c4   0x000000de   Code   RO         4425    i.HAL_TIM_IC_ConfigChannel  stm32f4xx_hal_tim.o
    0x080057a2   0x080057a2   0x00000066   Code   RO         4428    i.HAL_TIM_IC_Init   stm32f4xx_hal_tim.o
    0x08005808   0x08005808   0x00000002   Code   RO         4430    i.HAL_TIM_IC_MspInit  stm32f4xx_hal_tim.o
    0x0800580a   0x0800580a   0x00000002   PAD
    0x0800580c   0x0800580c   0x00000190   Code   RO         4433    i.HAL_TIM_IC_Start_IT  stm32f4xx_hal_tim.o
    0x0800599c   0x0800599c   0x0000016c   Code   RO         4437    i.HAL_TIM_IRQHandler  stm32f4xx_hal_tim.o
    0x08005b08   0x08005b08   0x000000f8   Code   RO          873    i.HAL_TIM_MspPostInit  tim.o
    0x08005c00   0x08005c00   0x00000002   Code   RO         4440    i.HAL_TIM_OC_DelayElapsedCallback  stm32f4xx_hal_tim.o
    0x08005c02   0x08005c02   0x00000104   Code   RO         4461    i.HAL_TIM_PWM_ConfigChannel  stm32f4xx_hal_tim.o
    0x08005d06   0x08005d06   0x00000066   Code   RO         4464    i.HAL_TIM_PWM_Init  stm32f4xx_hal_tim.o
    0x08005d6c   0x08005d6c   0x00000034   Code   RO          875    i.HAL_TIM_PWM_MspInit  tim.o
    0x08005da0   0x08005da0   0x00000002   Code   RO         4467    i.HAL_TIM_PWM_PulseFinishedCallback  stm32f4xx_hal_tim.o
    0x08005da2   0x08005da2   0x00000002   PAD
    0x08005da4   0x08005da4   0x0000010c   Code   RO         4469    i.HAL_TIM_PWM_Start  stm32f4xx_hal_tim.o
    0x08005eb0   0x08005eb0   0x0000006c   Code   RO         6623    i.HAL_TIM_PeriodElapsedCallback  remote.o
    0x08005f1c   0x08005f1c   0x00000032   Code   RO         4477    i.HAL_TIM_ReadCapturedValue  stm32f4xx_hal_tim.o
    0x08005f4e   0x08005f4e   0x00000002   Code   RO         4480    i.HAL_TIM_TriggerCallback  stm32f4xx_hal_tim.o
    0x08005f50   0x08005f50   0x00000002   Code   RO         5383    i.HAL_UARTEx_RxEventCallback  stm32f4xx_hal_uart.o
    0x08005f52   0x08005f52   0x00000002   Code   RO         5397    i.HAL_UART_ErrorCallback  stm32f4xx_hal_uart.o
    0x08005f54   0x08005f54   0x00000308   Code   RO         5400    i.HAL_UART_IRQHandler  stm32f4xx_hal_uart.o
    0x0800625c   0x0800625c   0x00000076   Code   RO         5401    i.HAL_UART_Init     stm32f4xx_hal_uart.o
    0x080062d2   0x080062d2   0x00000002   PAD
    0x080062d4   0x080062d4   0x00000148   Code   RO          960    i.HAL_UART_MspInit  usart.o
    0x0800641c   0x0800641c   0x00000002   Code   RO         5407    i.HAL_UART_RxCpltCallback  stm32f4xx_hal_uart.o
    0x0800641e   0x0800641e   0x000000be   Code   RO         5409    i.HAL_UART_Transmit  stm32f4xx_hal_uart.o
    0x080064dc   0x080064dc   0x00000044   Code   RO         6540    i.HAL_UART_TxCpltCallback  esp8266.o
    0x08006520   0x08006520   0x00000004   Code   RO         1011    i.HardFault_Handler  stm32f4xx_it.o
    0x08006524   0x08006524   0x00000024   Code   RO         6806    i.IsManualLockActive  auto_control.o
    0x08006548   0x08006548   0x00000040   Code   RO         5967    i.LCD_Clear         lcd_draw.o
    0x08006588   0x08006588   0x000000ae   Code   RO         5968    i.LCD_DrawLine      lcd_draw.o
    0x08006636   0x08006636   0x0000001c   Code   RO         5969    i.LCD_DrawPoint     lcd_draw.o
    0x08006652   0x08006652   0x00000040   Code   RO         5970    i.LCD_Fill          lcd_draw.o
    0x08006692   0x08006692   0x00000002   PAD
    0x08006694   0x08006694   0x0000004c   Code   RO         5971    i.LCD_SetCursor     lcd_draw.o
    0x080066e0   0x080066e0   0x00000058   Code   RO         5972    i.LCD_SetWindows    lcd_draw.o
    0x08006738   0x08006738   0x000000e4   Code   RO         5973    i.LCD_ShowChinese   lcd_draw.o
    0x0800681c   0x0800681c   0x00000014   Code   RO         6362    i.LCD_WriteRAM_Prepare  lcd.o
    0x08006830   0x08006830   0x000000ac   Code   RO          485    i.LightControlTask  freertos.o
    0x080068dc   0x080068dc   0x00000070   Code   RO          615    i.MX_ADC3_Init      adc.o
    0x0800694c   0x0800694c   0x00000048   Code   RO          665    i.MX_DMA_Init       dma.o
    0x08006994   0x08006994   0x0000001c   Code   RO         8639    i.MX_FATFS_Init     fatfs.o
    0x080069b0   0x080069b0   0x000002f4   Code   RO          486    i.MX_FREERTOS_Init  freertos.o
    0x08006ca4   0x08006ca4   0x0000010c   Code   RO          696    i.MX_FSMC_Init      fsmc.o
    0x08006db0   0x08006db0   0x000001f4   Code   RO          332    i.MX_GPIO_Init      gpio.o
    0x08006fa4   0x08006fa4   0x0000003c   Code   RO          747    i.MX_I2C1_Init      i2c.o
    0x08006fe0   0x08006fe0   0x00000034   Code   RO          789    i.MX_RTC_Init       rtc.o
    0x08007014   0x08007014   0x00000024   Code   RO          831    i.MX_SDIO_SD_Init   sdio.o
    0x08007038   0x08007038   0x00000060   Code   RO          876    i.MX_TIM12_Init     tim.o
    0x08007098   0x08007098   0x000000bc   Code   RO          877    i.MX_TIM1_Init      tim.o
    0x08007154   0x08007154   0x000000a4   Code   RO          878    i.MX_TIM2_Init      tim.o
    0x080071f8   0x080071f8   0x0000006c   Code   RO          879    i.MX_TIM3_Init      tim.o
    0x08007264   0x08007264   0x000000a0   Code   RO          880    i.MX_TIM4_Init      tim.o
    0x08007304   0x08007304   0x00000038   Code   RO          961    i.MX_USART1_UART_Init  usart.o
    0x0800733c   0x0800733c   0x00000048   Code   RO          962    i.MX_USART3_UART_Init  usart.o
    0x08007384   0x08007384   0x00000004   Code   RO         1012    i.MemManage_Handler  stm32f4xx_it.o
    0x08007388   0x08007388   0x00000004   Code   RO         1013    i.NMI_Handler       stm32f4xx_it.o
    0x0800738c   0x0800738c   0x00000016   Code   RO         3441    i.RTC_Bcd2ToByte    stm32f4xx_hal_rtc.o
    0x080073a2   0x080073a2   0x0000004a   Code   RO         3443    i.RTC_EnterInitMode  stm32f4xx_hal_rtc.o
    0x080073ec   0x080073ec   0x0000002e   Code   RO         3444    i.RTC_ExitInitMode  stm32f4xx_hal_rtc.o
    0x0800741a   0x0800741a   0x0000002c   Code   RO         3821    i.SDIO_ConfigData   stm32f4xx_ll_sdmmc.o
    0x08007446   0x08007446   0x00000008   Code   RO         3822    i.SDIO_GetCommandResponse  stm32f4xx_ll_sdmmc.o
    0x0800744e   0x0800744e   0x0000000a   Code   RO         3825    i.SDIO_GetPowerState  stm32f4xx_ll_sdmmc.o
    0x08007458   0x08007458   0x0000000c   Code   RO         3826    i.SDIO_GetResponse  stm32f4xx_ll_sdmmc.o
    0x08007464   0x08007464   0x00000010   Code   RO         1014    i.SDIO_IRQHandler   stm32f4xx_it.o
    0x08007474   0x08007474   0x00000034   Code   RO         3827    i.SDIO_Init         stm32f4xx_ll_sdmmc.o
    0x080074a8   0x080074a8   0x0000000a   Code   RO         3829    i.SDIO_PowerState_ON  stm32f4xx_ll_sdmmc.o
    0x080074b2   0x080074b2   0x00000008   Code   RO         3830    i.SDIO_ReadFIFO     stm32f4xx_ll_sdmmc.o
    0x080074ba   0x080074ba   0x00000028   Code   RO         3831    i.SDIO_SendCommand  stm32f4xx_ll_sdmmc.o
    0x080074e2   0x080074e2   0x0000000c   Code   RO         3833    i.SDIO_WriteFIFO    stm32f4xx_ll_sdmmc.o
    0x080074ee   0x080074ee   0x00000038   Code   RO         3834    i.SDMMC_CmdAppCommand  stm32f4xx_ll_sdmmc.o
    0x08007526   0x08007526   0x00000002   PAD
    0x08007528   0x08007528   0x0000003c   Code   RO         3835    i.SDMMC_CmdAppOperCommand  stm32f4xx_ll_sdmmc.o
    0x08007564   0x08007564   0x00000038   Code   RO         3836    i.SDMMC_CmdBlockLength  stm32f4xx_ll_sdmmc.o
    0x0800759c   0x0800759c   0x00000038   Code   RO         3837    i.SDMMC_CmdBusWidth  stm32f4xx_ll_sdmmc.o
    0x080075d4   0x080075d4   0x0000002c   Code   RO         3841    i.SDMMC_CmdGoIdleState  stm32f4xx_ll_sdmmc.o
    0x08007600   0x08007600   0x00000034   Code   RO         3843    i.SDMMC_CmdOperCond  stm32f4xx_ll_sdmmc.o
    0x08007634   0x08007634   0x00000038   Code   RO         3844    i.SDMMC_CmdReadMultiBlock  stm32f4xx_ll_sdmmc.o
    0x0800766c   0x0800766c   0x00000038   Code   RO         3845    i.SDMMC_CmdReadSingleBlock  stm32f4xx_ll_sdmmc.o
    0x080076a4   0x080076a4   0x0000003a   Code   RO         3848    i.SDMMC_CmdSelDesel  stm32f4xx_ll_sdmmc.o
    0x080076de   0x080076de   0x00000032   Code   RO         3849    i.SDMMC_CmdSendCID  stm32f4xx_ll_sdmmc.o
    0x08007710   0x08007710   0x00000032   Code   RO         3850    i.SDMMC_CmdSendCSD  stm32f4xx_ll_sdmmc.o
    0x08007742   0x08007742   0x00000038   Code   RO         3852    i.SDMMC_CmdSendSCR  stm32f4xx_ll_sdmmc.o
    0x0800777a   0x0800777a   0x00000038   Code   RO         3853    i.SDMMC_CmdSendStatus  stm32f4xx_ll_sdmmc.o
    0x080077b2   0x080077b2   0x00000038   Code   RO         3854    i.SDMMC_CmdSetRelAdd  stm32f4xx_ll_sdmmc.o
    0x080077ea   0x080077ea   0x00000002   PAD
    0x080077ec   0x080077ec   0x0000003c   Code   RO         3857    i.SDMMC_CmdStopTransfer  stm32f4xx_ll_sdmmc.o
    0x08007828   0x08007828   0x00000038   Code   RO         3859    i.SDMMC_CmdWriteMultiBlock  stm32f4xx_ll_sdmmc.o
    0x08007860   0x08007860   0x00000038   Code   RO         3860    i.SDMMC_CmdWriteSingleBlock  stm32f4xx_ll_sdmmc.o
    0x08007898   0x08007898   0x00000040   Code   RO         3861    i.SDMMC_GetCmdError  stm32f4xx_ll_sdmmc.o
    0x080078d8   0x080078d8   0x000001ac   Code   RO         3862    i.SDMMC_GetCmdResp1  stm32f4xx_ll_sdmmc.o
    0x08007a84   0x08007a84   0x00000064   Code   RO         3863    i.SDMMC_GetCmdResp2  stm32f4xx_ll_sdmmc.o
    0x08007ae8   0x08007ae8   0x00000058   Code   RO         3864    i.SDMMC_GetCmdResp3  stm32f4xx_ll_sdmmc.o
    0x08007b40   0x08007b40   0x000000b8   Code   RO         3865    i.SDMMC_GetCmdResp6  stm32f4xx_ll_sdmmc.o
    0x08007bf8   0x08007bf8   0x0000006c   Code   RO         3866    i.SDMMC_GetCmdResp7  stm32f4xx_ll_sdmmc.o
    0x08007c64   0x08007c64   0x00000020   Code   RO         8539    i.SD_CheckStatus    sd_diskio.o
    0x08007c84   0x08007c84   0x0000002e   Code   RO         8540    i.SD_CheckStatusWithTimeout  sd_diskio.o
    0x08007cb2   0x08007cb2   0x00000002   PAD
    0x08007cb4   0x08007cb4   0x00000074   Code   RO         4141    i.SD_DMAError       stm32f4xx_hal_sd.o
    0x08007d28   0x08007d28   0x00000048   Code   RO         4142    i.SD_DMAReceiveCplt  stm32f4xx_hal_sd.o
    0x08007d70   0x08007d70   0x00000048   Code   RO         4143    i.SD_DMARxAbort     stm32f4xx_hal_sd.o
    0x08007db8   0x08007db8   0x00000012   Code   RO         4144    i.SD_DMATransmitCplt  stm32f4xx_hal_sd.o
    0x08007dca   0x08007dca   0x00000048   Code   RO         4145    i.SD_DMATxAbort     stm32f4xx_hal_sd.o
    0x08007e12   0x08007e12   0x0000014c   Code   RO         4146    i.SD_FindSCR        stm32f4xx_hal_sd.o
    0x08007f5e   0x08007f5e   0x00000102   Code   RO         4147    i.SD_InitCard       stm32f4xx_hal_sd.o
    0x08008060   0x08008060   0x000000cc   Code   RO         4149    i.SD_PowerON        stm32f4xx_hal_sd.o
    0x0800812c   0x0800812c   0x0000004a   Code   RO         4150    i.SD_Read_IT        stm32f4xx_hal_sd.o
    0x08008176   0x08008176   0x00000030   Code   RO         4152    i.SD_SendStatus     stm32f4xx_hal_sd.o
    0x080081a6   0x080081a6   0x00000068   Code   RO         4153    i.SD_WideBus_Disable  stm32f4xx_hal_sd.o
    0x0800820e   0x0800820e   0x00000068   Code   RO         4154    i.SD_WideBus_Enable  stm32f4xx_hal_sd.o
    0x08008276   0x08008276   0x00000054   Code   RO         4155    i.SD_Write_IT       stm32f4xx_hal_sd.o
    0x080082ca   0x080082ca   0x00000002   PAD
    0x080082cc   0x080082cc   0x00000058   Code   RO         8541    i.SD_initialize     sd_diskio.o
    0x08008324   0x08008324   0x00000068   Code   RO         8542    i.SD_ioctl          sd_diskio.o
    0x0800838c   0x0800838c   0x00000084   Code   RO         8543    i.SD_read           sd_diskio.o
    0x08008410   0x08008410   0x00000004   Code   RO         8544    i.SD_status         sd_diskio.o
    0x08008414   0x08008414   0x00000084   Code   RO         8545    i.SD_write          sd_diskio.o
    0x08008498   0x08008498   0x0000005c   Code   RO         6175    i.SS_RTC_GetTime    ss_rtc.o
    0x080084f4   0x080084f4   0x00000534   Code   RO          487    i.ScreenTask        freertos.o
    0x08008a28   0x08008a28   0x000000c4   Code   RO          488    i.SensorTask        freertos.o
    0x08008aec   0x08008aec   0x00000050   Code   RO         6449    i.Sensor_Update     sensor_data.o
    0x08008b3c   0x08008b3c   0x00000014   Code   RO         1015    i.SysTick_Handler   stm32f4xx_it.o
    0x08008b50   0x08008b50   0x000000b8   Code   RO           14    i.SystemClock_Config  main.o
    0x08008c08   0x08008c08   0x0000009c   Code   RO         6876    i.SystemConfig_Init  system_config.o
    0x08008ca4   0x08008ca4   0x000001d0   Code   RO         6877    i.SystemConfig_Load  system_config.o
    0x08008e74   0x08008e74   0x00000240   Code   RO         6878    i.SystemConfig_Print  system_config.o
    0x080090b4   0x080090b4   0x000001a0   Code   RO         6879    i.SystemConfig_Save  system_config.o
    0x08009254   0x08009254   0x0000004c   Code   RO         6880    i.SystemConfig_SetDefaults  system_config.o
    0x080092a0   0x080092a0   0x00000014   Code   RO         5745    i.SystemInit        system_stm32f4xx.o
    0x080092b4   0x080092b4   0x0000006c   Code   RO         6812    i.System_AutoRecovery  auto_control.o
    0x08009320   0x08009320   0x00000010   Code   RO         1016    i.TIM1_CC_IRQHandler  stm32f4xx_it.o
    0x08009330   0x08009330   0x00000010   Code   RO         1017    i.TIM1_UP_TIM10_IRQHandler  stm32f4xx_it.o
    0x08009340   0x08009340   0x000000e0   Code   RO         4482    i.TIM_Base_SetConfig  stm32f4xx_hal_tim.o
    0x08009420   0x08009420   0x00000022   Code   RO         4483    i.TIM_CCxChannelCmd  stm32f4xx_hal_tim.o
    0x08009442   0x08009442   0x00000016   Code   RO         4493    i.TIM_ETR_SetConfig  stm32f4xx_hal_tim.o
    0x08009458   0x08009458   0x00000012   Code   RO         4494    i.TIM_ITRx_SetConfig  stm32f4xx_hal_tim.o
    0x0800946a   0x0800946a   0x00000002   PAD
    0x0800946c   0x0800946c   0x00000070   Code   RO         4495    i.TIM_OC1_SetConfig  stm32f4xx_hal_tim.o
    0x080094dc   0x080094dc   0x0000007c   Code   RO         4496    i.TIM_OC2_SetConfig  stm32f4xx_hal_tim.o
    0x08009558   0x08009558   0x00000078   Code   RO         4497    i.TIM_OC3_SetConfig  stm32f4xx_hal_tim.o
    0x080095d0   0x080095d0   0x00000054   Code   RO         4498    i.TIM_OC4_SetConfig  stm32f4xx_hal_tim.o
    0x08009624   0x08009624   0x00000026   Code   RO         4500    i.TIM_TI1_ConfigInputStage  stm32f4xx_hal_tim.o
    0x0800964a   0x0800964a   0x00000002   PAD
    0x0800964c   0x0800964c   0x00000090   Code   RO         4501    i.TIM_TI1_SetConfig  stm32f4xx_hal_tim.o
    0x080096dc   0x080096dc   0x00000028   Code   RO         4502    i.TIM_TI2_ConfigInputStage  stm32f4xx_hal_tim.o
    0x08009704   0x08009704   0x0000003a   Code   RO         4503    i.TIM_TI2_SetConfig  stm32f4xx_hal_tim.o
    0x0800973e   0x0800973e   0x00000038   Code   RO         4504    i.TIM_TI3_SetConfig  stm32f4xx_hal_tim.o
    0x08009776   0x08009776   0x0000003c   Code   RO         4505    i.TIM_TI4_SetConfig  stm32f4xx_hal_tim.o
    0x080097b2   0x080097b2   0x00000002   PAD
    0x080097b4   0x080097b4   0x000000a4   Code   RO          489    i.TouchTask         freertos.o
    0x08009858   0x08009858   0x00000012   Code   RO         5414    i.UART_DMAAbortOnError  stm32f4xx_hal_uart.o
    0x0800986a   0x0800986a   0x0000006c   Code   RO         5424    i.UART_EndRxTransfer  stm32f4xx_hal_uart.o
    0x080098d6   0x080098d6   0x00000020   Code   RO         5425    i.UART_EndTransmit_IT  stm32f4xx_hal_uart.o
    0x080098f6   0x080098f6   0x000000fc   Code   RO         5427    i.UART_Receive_IT   stm32f4xx_hal_uart.o
    0x080099f2   0x080099f2   0x00000002   PAD
    0x080099f4   0x080099f4   0x0000022c   Code   RO         5428    i.UART_SetConfig    stm32f4xx_hal_uart.o
    0x08009c20   0x08009c20   0x00000060   Code   RO         5431    i.UART_Transmit_IT  stm32f4xx_hal_uart.o
    0x08009c80   0x08009c80   0x0000008c   Code   RO         5432    i.UART_WaitOnFlagUntilTimeout  stm32f4xx_hal_uart.o
    0x08009d0c   0x08009d0c   0x00000014   Code   RO         1018    i.USART3_IRQHandler  stm32f4xx_it.o
    0x08009d20   0x08009d20   0x00000004   Code   RO         1019    i.UsageFault_Handler  stm32f4xx_it.o
    0x08009d24   0x08009d24   0x00000120   Code   RO          490    i.WatchdogTask      freertos.o
    0x08009e44   0x08009e44   0x00000020   Code   RO         9466    i.__0printf         mc_w.l(printfa.o)
    0x08009e64   0x08009e64   0x00000028   Code   RO         9468    i.__0sprintf        mc_w.l(printfa.o)
    0x08009e8c   0x08009e8c   0x00000010   Code   RO         2214    i.__NVIC_GetPriorityGrouping  stm32f4xx_hal_cortex.o
    0x08009e9c   0x08009e9c   0x00000028   Code   RO         2215    i.__NVIC_SetPriority  stm32f4xx_hal_cortex.o
    0x08009ec4   0x08009ec4   0x00000008   Code   RO         9571    i.__aeabi_errno_addr  mc_w.l(errno.o)
    0x08009ecc   0x08009ecc   0x0000000e   Code   RO         9644    i.__scatterload_copy  mc_w.l(handlers.o)
    0x08009eda   0x08009eda   0x00000002   Code   RO         9645    i.__scatterload_null  mc_w.l(handlers.o)
    0x08009edc   0x08009edc   0x0000000e   Code   RO         9646    i.__scatterload_zeroinit  mc_w.l(handlers.o)
    0x08009eea   0x08009eea   0x00000002   PAD
    0x08009eec   0x08009eec   0x00000184   Code   RO         9473    i._fp_digits        mc_w.l(printfa.o)
    0x0800a070   0x0800a070   0x0000000e   Code   RO         9530    i._is_digit         mc_w.l(scanf_fp.o)
    0x0800a07e   0x0800a07e   0x00000002   PAD
    0x0800a080   0x0800a080   0x000006b4   Code   RO         9474    i._printf_core      mc_w.l(printfa.o)
    0x0800a734   0x0800a734   0x00000024   Code   RO         9475    i._printf_post_padding  mc_w.l(printfa.o)
    0x0800a758   0x0800a758   0x0000002e   Code   RO         9476    i._printf_pre_padding  mc_w.l(printfa.o)
    0x0800a786   0x0800a786   0x0000000a   Code   RO         9478    i._sputc            mc_w.l(printfa.o)
    0x0800a790   0x0800a790   0x00000008   Code   RO         5837    i.at24cxx_init      24cxx.o
    0x0800a798   0x0800a798   0x00000024   Code   RO         5838    i.at24cxx_read      24cxx.o
    0x0800a7bc   0x0800a7bc   0x00000052   Code   RO         5839    i.at24cxx_read_one_byte  24cxx.o
    0x0800a80e   0x0800a80e   0x00000024   Code   RO         5840    i.at24cxx_write     24cxx.o
    0x0800a832   0x0800a832   0x0000004a   Code   RO         5841    i.at24cxx_write_one_byte  24cxx.o
    0x0800a87c   0x0800a87c   0x00000022   Code   RO         6676    i.bh_data_send      bh1750.o
    0x0800a89e   0x0800a89e   0x00000002   PAD
    0x0800a8a0   0x0800a8a0   0x00000074   Code   RO         8736    i.check_fs          ff.o
    0x0800a914   0x0800a914   0x00000010   Code   RO         8737    i.chk_chr           ff.o
    0x0800a924   0x0800a924   0x00000070   Code   RO         8738    i.chk_lock          ff.o
    0x0800a994   0x0800a994   0x00000024   Code   RO         8739    i.clear_lock        ff.o
    0x0800a9b8   0x0800a9b8   0x00000028   Code   RO         8740    i.clmt_clust        ff.o
    0x0800a9e0   0x0800a9e0   0x00000018   Code   RO         8741    i.clust2sect        ff.o
    0x0800a9f8   0x0800a9f8   0x000000ba   Code   RO         8742    i.create_chain      ff.o
    0x0800aab2   0x0800aab2   0x00000002   PAD
    0x0800aab4   0x0800aab4   0x000000fc   Code   RO         8743    i.create_name       ff.o
    0x0800abb0   0x0800abb0   0x00000030   Code   RO         8744    i.dec_lock          ff.o
    0x0800abe0   0x0800abe0   0x0000002c   Code   RO           16    i.delay_us          main.o
    0x0800ac0c   0x0800ac0c   0x00000140   Code   RO         5786    i.dht_read_data     dht.o
    0x0800ad4c   0x0800ad4c   0x0000004a   Code   RO         8745    i.dir_alloc         ff.o
    0x0800ad96   0x0800ad96   0x00000058   Code   RO         8746    i.dir_find          ff.o
    0x0800adee   0x0800adee   0x00000126   Code   RO         8747    i.dir_next          ff.o
    0x0800af14   0x0800af14   0x0000006a   Code   RO         8748    i.dir_read          ff.o
    0x0800af7e   0x0800af7e   0x0000003c   Code   RO         8749    i.dir_register      ff.o
    0x0800afba   0x0800afba   0x0000001e   Code   RO         8750    i.dir_remove        ff.o
    0x0800afd8   0x0800afd8   0x000000a4   Code   RO         8751    i.dir_sdi           ff.o
    0x0800b07c   0x0800b07c   0x0000002c   Code   RO         8681    i.disk_initialize   diskio.o
    0x0800b0a8   0x0800b0a8   0x0000001c   Code   RO         8682    i.disk_ioctl        diskio.o
    0x0800b0c4   0x0800b0c4   0x00000020   Code   RO         8683    i.disk_read         diskio.o
    0x0800b0e4   0x0800b0e4   0x00000018   Code   RO         8684    i.disk_status       diskio.o
    0x0800b0fc   0x0800b0fc   0x00000020   Code   RO         8685    i.disk_write        diskio.o
    0x0800b11c   0x0800b11c   0x00000028   Code   RO         8752    i.enq_lock          ff.o
    0x0800b144   0x0800b144   0x00000034   Code   RO         8753    i.f_close           ff.o
    0x0800b178   0x0800b178   0x0000002c   Code   RO         8754    i.f_closedir        ff.o
    0x0800b1a4   0x0800b1a4   0x00000052   Code   RO         8756    i.f_gets            ff.o
    0x0800b1f6   0x0800b1f6   0x0000015e   Code   RO         8758    i.f_mkdir           ff.o
    0x0800b354   0x0800b354   0x00000098   Code   RO         8760    i.f_mount           ff.o
    0x0800b3ec   0x0800b3ec   0x00000218   Code   RO         8761    i.f_open            ff.o
    0x0800b604   0x0800b604   0x00000094   Code   RO         8762    i.f_opendir         ff.o
    0x0800b698   0x0800b698   0x00000250   Code   RO         8763    i.f_printf          ff.o
    0x0800b8e8   0x0800b8e8   0x000001da   Code   RO         8766    i.f_read            ff.o
    0x0800bac2   0x0800bac2   0x00000058   Code   RO         8767    i.f_readdir         ff.o
    0x0800bb1a   0x0800bb1a   0x000000aa   Code   RO         8770    i.f_sync            ff.o
    0x0800bbc4   0x0800bbc4   0x000000bc   Code   RO         8772    i.f_unlink          ff.o
    0x0800bc80   0x0800bc80   0x00000218   Code   RO         8773    i.f_write           ff.o
    0x0800be98   0x0800be98   0x0000001a   Code   RO         9157    i.ff_cre_syncobj    syscall.o
    0x0800beb2   0x0800beb2   0x0000000a   Code   RO         9158    i.ff_del_syncobj    syscall.o
    0x0800bebc   0x0800bebc   0x00000004   Code   RO         9159    i.ff_rel_grant      syscall.o
    0x0800bec0   0x0800bec0   0x00000014   Code   RO         9160    i.ff_req_grant      syscall.o
    0x0800bed4   0x0800bed4   0x000002ec   Code   RO         8774    i.find_volume       ff.o
    0x0800c1c0   0x0800c1c0   0x00000086   Code   RO         8775    i.follow_path       ff.o
    0x0800c246   0x0800c246   0x00000002   PAD
    0x0800c248   0x0800c248   0x0000001c   Code   RO           17    i.fputc             main.o
    0x0800c264   0x0800c264   0x000000c4   Code   RO         8776    i.get_fat           ff.o
    0x0800c328   0x0800c328   0x00000004   Code   RO         8640    i.get_fattime       fatfs.o
    0x0800c32c   0x0800c32c   0x0000006c   Code   RO         8777    i.get_fileinfo      ff.o
    0x0800c398   0x0800c398   0x0000004e   Code   RO         8778    i.get_ldnumber      ff.o
    0x0800c3e6   0x0800c3e6   0x00000002   PAD
    0x0800c3e8   0x0800c3e8   0x00000054   Code   RO         5896    i.iic_ack           iic.o
    0x0800c43c   0x0800c43c   0x0000000a   Code   RO         5897    i.iic_delay         iic.o
    0x0800c446   0x0800c446   0x00000002   PAD
    0x0800c448   0x0800c448   0x0000007c   Code   RO         5898    i.iic_init          iic.o
    0x0800c4c4   0x0800c4c4   0x00000040   Code   RO         5899    i.iic_nack          iic.o
    0x0800c504   0x0800c504   0x00000060   Code   RO         5900    i.iic_read_byte     iic.o
    0x0800c564   0x0800c564   0x00000070   Code   RO         5901    i.iic_send_byte     iic.o
    0x0800c5d4   0x0800c5d4   0x00000050   Code   RO         5902    i.iic_start         iic.o
    0x0800c624   0x0800c624   0x00000040   Code   RO         5903    i.iic_stop          iic.o
    0x0800c664   0x0800c664   0x00000068   Code   RO         5904    i.iic_wait_ack      iic.o
    0x0800c6cc   0x0800c6cc   0x00000010   Code   RO         7906    i.inHandlerMode     cmsis_os.o
    0x0800c6dc   0x0800c6dc   0x00000094   Code   RO         8779    i.inc_lock          ff.o
    0x0800c770   0x0800c770   0x0000001c   Code   RO         6451    i.is_even_hour      sensor_data.o
    0x0800c78c   0x0800c78c   0x0000003c   Code   RO         6363    i.lcd_Init          lcd.o
    0x0800c7c8   0x0800c7c8   0x00000028   Code   RO         6364    i.lcd_display_dir   lcd.o
    0x0800c7f0   0x0800c7f0   0x00000064   Code   RO         5976    i.lcd_draw_rectangle  lcd_draw.o
    0x0800c854   0x0800c854   0x00000ef2   Code   RO         6366    i.lcd_reginit       lcd.o
    0x0800d746   0x0800d746   0x00000002   PAD
    0x0800d748   0x0800d748   0x00000074   Code   RO         6367    i.lcd_scan_dir      lcd.o
    0x0800d7bc   0x0800d7bc   0x000001e8   Code   RO         5978    i.lcd_show_char     lcd_draw.o
    0x0800d9a4   0x0800d9a4   0x00000068   Code   RO         5980    i.lcd_show_string   lcd_draw.o
    0x0800da0c   0x0800da0c   0x000000a0   Code   RO         5981    i.lcd_showchinese   lcd_draw.o
    0x0800daac   0x0800daac   0x0000006a   Code   RO         5983    i.lcd_showpicture   lcd_draw.o
    0x0800db16   0x0800db16   0x00000002   PAD
    0x0800db18   0x0800db18   0x0000000c   Code   RO         6368    i.lcd_wr_data       lcd.o
    0x0800db24   0x0800db24   0x00000014   Code   RO         6369    i.lcd_wr_reg        lcd.o
    0x0800db38   0x0800db38   0x0000000c   Code   RO         6370    i.lcd_wr_regno      lcd.o
    0x0800db44   0x0800db44   0x00000026   Code   RO         8780    i.ld_clust          ff.o
    0x0800db6a   0x0800db6a   0x00000016   Code   RO         8781    i.ld_dword          ff.o
    0x0800db80   0x0800db80   0x0000000a   Code   RO         8782    i.ld_word           ff.o
    0x0800db8a   0x0800db8a   0x00000016   Code   RO         8783    i.lock_fs           ff.o
    0x0800dba0   0x0800dba0   0x00000124   Code   RO           18    i.main              main.o
    0x0800dcc4   0x0800dcc4   0x00000018   Code   RO         8784    i.mem_cmp           ff.o
    0x0800dcdc   0x0800dcdc   0x00000012   Code   RO         8785    i.mem_cpy           ff.o
    0x0800dcee   0x0800dcee   0x0000000c   Code   RO         8786    i.mem_set           ff.o
    0x0800dcfa   0x0800dcfa   0x00000034   Code   RO         8787    i.move_window       ff.o
    0x0800dd2e   0x0800dd2e   0x00000012   Code   RO         7912    i.osKernelRunning   cmsis_os.o
    0x0800dd40   0x0800dd40   0x0000000a   Code   RO         7913    i.osKernelStart     cmsis_os.o
    0x0800dd4a   0x0800dd4a   0x00000018   Code   RO         7914    i.osKernelSysTick   cmsis_os.o
    0x0800dd62   0x0800dd62   0x0000000a   Code   RO         7922    i.osMessageCreate   cmsis_os.o
    0x0800dd6c   0x0800dd6c   0x000000ac   Code   RO         7924    i.osMessageGet      cmsis_os.o
    0x0800de18   0x0800de18   0x00000064   Code   RO         7926    i.osMessagePut      cmsis_os.o
    0x0800de7c   0x0800de7c   0x00000028   Code   RO         7939    i.osSemaphoreCreate  cmsis_os.o
    0x0800dea4   0x0800dea4   0x00000018   Code   RO         7940    i.osSemaphoreDelete  cmsis_os.o
    0x0800debc   0x0800debc   0x00000050   Code   RO         7942    i.osSemaphoreRelease  cmsis_os.o
    0x0800df0c   0x0800df0c   0x00000068   Code   RO         7943    i.osSemaphoreWait   cmsis_os.o
    0x0800df74   0x0800df74   0x00000078   Code   RO         7419    i.prvAddCurrentTaskToDelayedList  tasks.o
    0x0800dfec   0x0800dfec   0x00000088   Code   RO         7420    i.prvAddNewTaskToReadyList  tasks.o
    0x0800e074   0x0800e074   0x00000050   Code   RO         7755    i.prvCheckForValidListAndQueue  timers.o
    0x0800e0c4   0x0800e0c4   0x00000040   Code   RO         7421    i.prvCheckTasksWaitingTermination  tasks.o
    0x0800e104   0x0800e104   0x00000024   Code   RO         7097    i.prvCopyDataFromQueue  queue.o
    0x0800e128   0x0800e128   0x0000006e   Code   RO         7098    i.prvCopyDataToQueue  queue.o
    0x0800e196   0x0800e196   0x00000014   Code   RO         7422    i.prvDeleteTCB      tasks.o
    0x0800e1aa   0x0800e1aa   0x00000014   Code   RO         7099    i.prvGetDisinheritPriorityAfterTimeout  queue.o
    0x0800e1be   0x0800e1be   0x00000002   PAD
    0x0800e1c0   0x0800e1c0   0x00000024   Code   RO         7756    i.prvGetNextExpireTime  timers.o
    0x0800e1e4   0x0800e1e4   0x00000050   Code   RO         8278    i.prvHeapInit       heap_4.o
    0x0800e234   0x0800e234   0x00000028   Code   RO         7423    i.prvIdleTask       tasks.o
    0x0800e25c   0x0800e25c   0x00000018   Code   RO         7100    i.prvInitialiseMutex  queue.o
    0x0800e274   0x0800e274   0x00000018   Code   RO         7101    i.prvInitialiseNewQueue  queue.o
    0x0800e28c   0x0800e28c   0x00000094   Code   RO         7424    i.prvInitialiseNewTask  tasks.o
    0x0800e320   0x0800e320   0x00000060   Code   RO         7425    i.prvInitialiseTaskLists  tasks.o
    0x0800e380   0x0800e380   0x0000005c   Code   RO         8279    i.prvInsertBlockIntoFreeList  heap_4.o
    0x0800e3dc   0x0800e3dc   0x00000048   Code   RO         7758    i.prvInsertTimerInActiveList  timers.o
    0x0800e424   0x0800e424   0x0000001a   Code   RO         7102    i.prvIsQueueEmpty   queue.o
    0x0800e43e   0x0800e43e   0x0000001e   Code   RO         7103    i.prvIsQueueFull    queue.o
    0x0800e45c   0x0800e45c   0x00000068   Code   RO         7759    i.prvProcessExpiredTimer  timers.o
    0x0800e4c4   0x0800e4c4   0x00000104   Code   RO         7760    i.prvProcessReceivedCommands  timers.o
    0x0800e5c8   0x0800e5c8   0x0000006c   Code   RO         7761    i.prvProcessTimerOrBlockTask  timers.o
    0x0800e634   0x0800e634   0x00000024   Code   RO         7426    i.prvResetNextTaskUnblockTime  tasks.o
    0x0800e658   0x0800e658   0x0000002c   Code   RO         7762    i.prvSampleTimeNow  timers.o
    0x0800e684   0x0800e684   0x00000078   Code   RO         7763    i.prvSwitchTimerLists  timers.o
    0x0800e6fc   0x0800e6fc   0x00000030   Code   RO         8334    i.prvTaskExitError  port.o
    0x0800e72c   0x0800e72c   0x00000014   Code   RO         7764    i.prvTimerTask      timers.o
    0x0800e740   0x0800e740   0x00000068   Code   RO         7104    i.prvUnlockQueue    queue.o
    0x0800e7a8   0x0800e7a8   0x00000102   Code   RO         8788    i.put_fat           ff.o
    0x0800e8aa   0x0800e8aa   0x00000048   Code   RO         8789    i.putc_bfd          ff.o
    0x0800e8f2   0x0800e8f2   0x0000002a   Code   RO         8790    i.putc_flush        ff.o
    0x0800e91c   0x0800e91c   0x0000000a   Code   RO         8791    i.putc_init         ff.o
    0x0800e926   0x0800e926   0x00000002   PAD
    0x0800e928   0x0800e928   0x000000e8   Code   RO         8280    i.pvPortMalloc      heap_4.o
    0x0800ea10   0x0800ea10   0x00000018   Code   RO         7429    i.pvTaskIncrementMutexHeldCount  tasks.o
    0x0800ea28   0x0800ea28   0x0000002c   Code   RO         8335    i.pxPortInitialiseStack  port.o
    0x0800ea54   0x0800ea54   0x0000007e   Code   RO         8792    i.remove_chain      ff.o
    0x0800ead2   0x0800ead2   0x00000002   PAD
    0x0800ead4   0x0800ead4   0x00000024   Code   RO         6743    i.set_SG90_angle    sg90.o
    0x0800eaf8   0x0800eaf8   0x00000028   Code   RO         8793    i.st_clust          ff.o
    0x0800eb20   0x0800eb20   0x00000014   Code   RO         8794    i.st_dword          ff.o
    0x0800eb34   0x0800eb34   0x0000000a   Code   RO         8795    i.st_word           ff.o
    0x0800eb3e   0x0800eb3e   0x00000002   PAD
    0x0800eb40   0x0800eb40   0x0000008c   Code   RO         8796    i.sync_fs           ff.o
    0x0800ebcc   0x0800ebcc   0x00000056   Code   RO         8797    i.sync_window       ff.o
    0x0800ec22   0x0800ec22   0x00000002   PAD
    0x0800ec24   0x0800ec24   0x000002bc   Code   RO         6259    i.tp_adjust         touch.o
    0x0800eee0   0x0800eee0   0x00000028   Code   RO         6262    i.tp_get_adjust_data  touch.o
    0x0800ef08   0x0800ef08   0x00000158   Code   RO         6263    i.tp_init           touch.o
    0x0800f060   0x0800f060   0x000000dc   Code   RO         6264    i.tp_read_ad        touch.o
    0x0800f13c   0x0800f13c   0x00000078   Code   RO         6265    i.tp_read_xoy       touch.o
    0x0800f1b4   0x0800f1b4   0x00000044   Code   RO         6266    i.tp_read_xy        touch.o
    0x0800f1f8   0x0800f1f8   0x000000b0   Code   RO         6267    i.tp_read_xy2       touch.o
    0x0800f2a8   0x0800f2a8   0x0000001c   Code   RO         6268    i.tp_save_adjust_data  touch.o
    0x0800f2c4   0x0800f2c4   0x00000158   Code   RO         6269    i.tp_scan           touch.o
    0x0800f41c   0x0800f41c   0x00000068   Code   RO         6270    i.tp_write_byte     touch.o
    0x0800f484   0x0800f484   0x00000018   Code   RO         8798    i.unlock_fs         ff.o
    0x0800f49c   0x0800f49c   0x000000dc   Code   RO         5984    i.update_time       lcd_draw.o
    0x0800f578   0x0800f578   0x00000148   Code   RO         5985    i.update_time_display  lcd_draw.o
    0x0800f6c0   0x0800f6c0   0x000002b8   Code   RO         6542    i.upload_sensor_data  esp8266.o
    0x0800f978   0x0800f978   0x00000026   Code   RO         7057    i.uxListRemove      list.o
    0x0800f99e   0x0800f99e   0x00000016   Code   RO         7058    i.vListInitialise   list.o
    0x0800f9b4   0x0800f9b4   0x00000006   Code   RO         7059    i.vListInitialiseItem  list.o
    0x0800f9ba   0x0800f9ba   0x00000036   Code   RO         7060    i.vListInsert       list.o
    0x0800f9f0   0x0800f9f0   0x00000018   Code   RO         7061    i.vListInsertEnd    list.o
    0x0800fa08   0x0800fa08   0x00000040   Code   RO         8337    i.vPortEnterCritical  port.o
    0x0800fa48   0x0800fa48   0x0000002c   Code   RO         8338    i.vPortExitCritical  port.o
    0x0800fa74   0x0800fa74   0x00000064   Code   RO         8281    i.vPortFree         heap_4.o
    0x0800fad8   0x0800fad8   0x00000024   Code   RO         8339    i.vPortSetupTimerInterrupt  port.o
    0x0800fafc   0x0800fafc   0x00000054   Code   RO         8340    i.vPortValidateInterruptPriority  port.o
    0x0800fb50   0x0800fb50   0x00000028   Code   RO         7108    i.vQueueAddToRegistry  queue.o
    0x0800fb78   0x0800fb78   0x00000028   Code   RO         7109    i.vQueueDelete      queue.o
    0x0800fba0   0x0800fba0   0x00000028   Code   RO         7110    i.vQueueUnregisterQueue  queue.o
    0x0800fbc8   0x0800fbc8   0x0000004a   Code   RO         7111    i.vQueueWaitForMessageRestricted  queue.o
    0x0800fc12   0x0800fc12   0x00000002   PAD
    0x0800fc14   0x0800fc14   0x00000050   Code   RO         7437    i.vTaskDelay        tasks.o
    0x0800fc64   0x0800fc64   0x0000009c   Code   RO         7438    i.vTaskDelayUntil   tasks.o
    0x0800fd00   0x0800fd00   0x00000010   Code   RO         7441    i.vTaskInternalSetTimeOutState  tasks.o
    0x0800fd10   0x0800fd10   0x0000000c   Code   RO         7442    i.vTaskMissedYield  tasks.o
    0x0800fd1c   0x0800fd1c   0x00000034   Code   RO         7444    i.vTaskPlaceOnEventList  tasks.o
    0x0800fd50   0x0800fd50   0x0000003c   Code   RO         7445    i.vTaskPlaceOnEventListRestricted  tasks.o
    0x0800fd8c   0x0800fd8c   0x000000a8   Code   RO         7447    i.vTaskPriorityDisinheritAfterTimeout  tasks.o
    0x0800fe34   0x0800fe34   0x00000078   Code   RO         7452    i.vTaskStartScheduler  tasks.o
    0x0800feac   0x0800feac   0x00000010   Code   RO         7454    i.vTaskSuspendAll   tasks.o
    0x0800febc   0x0800febc   0x00000060   Code   RO         7455    i.vTaskSwitchContext  tasks.o
    0x0800ff1c   0x0800ff1c   0x0000004e   Code   RO         8799    i.validate          ff.o
    0x0800ff6a   0x0800ff6a   0x00000002   PAD
    0x0800ff6c   0x0800ff6c   0x00000104   Code   RO         8341    i.xPortStartScheduler  port.o
    0x08010070   0x08010070   0x0000002c   Code   RO         8342    i.xPortSysTickHandler  port.o
    0x0801009c   0x0801009c   0x00000018   Code   RO         7112    i.xQueueCreateMutex  queue.o
    0x080100b4   0x080100b4   0x0000003e   Code   RO         7113    i.xQueueGenericCreate  queue.o
    0x080100f2   0x080100f2   0x00000002   PAD
    0x080100f4   0x080100f4   0x00000090   Code   RO         7114    i.xQueueGenericReset  queue.o
    0x08010184   0x08010184   0x00000170   Code   RO         7115    i.xQueueGenericSend  queue.o
    0x080102f4   0x080102f4   0x000000be   Code   RO         7116    i.xQueueGenericSendFromISR  queue.o
    0x080103b2   0x080103b2   0x000000a0   Code   RO         7117    i.xQueueGiveFromISR  queue.o
    0x08010452   0x08010452   0x00000002   PAD
    0x08010454   0x08010454   0x00000148   Code   RO         7122    i.xQueueReceive     queue.o
    0x0801059c   0x0801059c   0x0000009a   Code   RO         7123    i.xQueueReceiveFromISR  queue.o
    0x08010636   0x08010636   0x00000002   PAD
    0x08010638   0x08010638   0x00000184   Code   RO         7124    i.xQueueSemaphoreTake  queue.o
    0x080107bc   0x080107bc   0x00000080   Code   RO         7457    i.xTaskCheckForTimeOut  tasks.o
    0x0801083c   0x0801083c   0x00000068   Code   RO         7458    i.xTaskCreate       tasks.o
    0x080108a4   0x080108a4   0x0000001c   Code   RO         7462    i.xTaskGetSchedulerState  tasks.o
    0x080108c0   0x080108c0   0x0000000c   Code   RO         7463    i.xTaskGetTickCount  tasks.o
    0x080108cc   0x080108cc   0x00000010   Code   RO         7464    i.xTaskGetTickCountFromISR  tasks.o
    0x080108dc   0x080108dc   0x000000d4   Code   RO         7465    i.xTaskIncrementTick  tasks.o
    0x080109b0   0x080109b0   0x0000009c   Code   RO         7468    i.xTaskPriorityDisinherit  tasks.o
    0x08010a4c   0x08010a4c   0x00000094   Code   RO         7469    i.xTaskPriorityInherit  tasks.o
    0x08010ae0   0x08010ae0   0x00000078   Code   RO         7470    i.xTaskRemoveFromEventList  tasks.o
    0x08010b58   0x08010b58   0x000000cc   Code   RO         7471    i.xTaskResumeAll    tasks.o
    0x08010c24   0x08010c24   0x00000054   Code   RO         7770    i.xTimerCreateTimerTask  timers.o
    0x08010c78   0x08010c78   0x00000074   Code   RO         7771    i.xTimerGenericCommand  timers.o
    0x08010cec   0x08010cec   0x00000008   Data   RO         1928    .constdata          stm32f4xx_hal_dma.o
    0x08010cf4   0x08010cf4   0x00000018   Data   RO         5746    .constdata          system_stm32f4xx.o
    0x08010d0c   0x08010d0c   0x00004958   Data   RO         5987    .constdata          lcd_draw.o
    0x08015664   0x08015664   0x00000014   Data   RO         6714    .constdata          motor.o
    0x08015678   0x08015678   0x0004b000   Data   RO         6780    .constdata          pic.o
    0x08060678   0x08060678   0x00000014   Data   RO         8546    .constdata          sd_diskio.o
    0x0806068c   0x0806068c   0x00000008   Data   RO         8547    .constdata          sd_diskio.o
    0x08060694   0x08060694   0x00000081   Data   RO         9606    .constdata          mc_w.l(ctype_o.o)
    0x08060715   0x08060715   0x00000003   PAD
    0x08060718   0x08060718   0x00000004   Data   RO         9607    .constdata          mc_w.l(ctype_o.o)
    0x0806071c   0x0806071c   0x00000122   Data   RO         6544    .conststring        esp8266.o
    0x0806083e   0x0806083e   0x00000002   PAD
    0x08060840   0x08060840   0x00000020   Data   RO         9642    Region$$Table       anon$$obj.o


    Execution Region RW_IRAM1 (Exec base: 0x20000000, Load base: 0x08060860, Size: 0x0000b078, Max: 0x0001c000, ABSOLUTE, COMPRESSED[0x0000006c])

    Exec Addr    Load Addr    Size         Type   Attr      Idx    E Section Name        Object

    0x20000000   COMPRESSED   0x00000031   Data   RW          492    .data               freertos.o
    0x20000031   COMPRESSED   0x00000003   PAD
    0x20000034   COMPRESSED   0x00000008   Data   RW          698    .data               fsmc.o
    0x2000003c   COMPRESSED   0x00000009   Data   RW         2378    .data               stm32f4xx_hal.o
    0x20000045   COMPRESSED   0x00000003   PAD
    0x20000048   COMPRESSED   0x00000004   Data   RW         5747    .data               system_stm32f4xx.o
    0x2000004c   COMPRESSED   0x00000002   Data   RW         5787    .data               dht.o
    0x2000004e   COMPRESSED   0x0000004c   Data   RW         5988    .data               lcd_draw.o
    0x2000009a   COMPRESSED   0x00000002   PAD
    0x2000009c   COMPRESSED   0x00000048   Data   RW         6271    .data               touch.o
    0x200000e4   COMPRESSED   0x00000001   Data   RW         6453    .data               sensor_data.o
    0x200000e5   COMPRESSED   0x00000003   PAD
    0x200000e8   COMPRESSED   0x0000000d   Data   RW         6545    .data               esp8266.o
    0x200000f5   COMPRESSED   0x00000003   PAD
    0x200000f8   COMPRESSED   0x00000009   Data   RW         6626    .data               remote.o
    0x20000101   COMPRESSED   0x00000003   PAD
    0x20000104   COMPRESSED   0x00000008   Data   RW         6882    .data               system_config.o
    0x2000010c   COMPRESSED   0x0000003c   Data   RW         7474    .data               tasks.o
    0x20000148   COMPRESSED   0x00000014   Data   RW         7777    .data               timers.o
    0x2000015c   COMPRESSED   0x00000020   Data   RW         8287    .data               heap_4.o
    0x2000017c   COMPRESSED   0x0000000c   Data   RW         8343    .data               port.o
    0x20000188   COMPRESSED   0x00000008   Data   RW         8548    .data               sd_diskio.o
    0x20000190   COMPRESSED   0x00000005   Data   RW         8643    .data               fatfs.o
    0x20000195   COMPRESSED   0x00000003   PAD
    0x20000198   COMPRESSED   0x00000008   Data   RW         8802    .data               ff.o
    0x200001a0   COMPRESSED   0x00000004   Data   RW         9562    .data               mc_w.l(stdout.o)
    0x200001a4   COMPRESSED   0x00000004   Data   RW         9574    .data               mc_w.l(errno.o)
    0x200001a8        -       0x0000001c   Zero   RW          491    .bss                freertos.o
    0x200001c4        -       0x00000048   Zero   RW          616    .bss                adc.o
    0x2000020c        -       0x000000a0   Zero   RW          697    .bss                fsmc.o
    0x200002ac        -       0x00000054   Zero   RW          748    .bss                i2c.o
    0x20000300        -       0x00000020   Zero   RW          790    .bss                rtc.o
    0x20000320        -       0x00000144   Zero   RW          832    .bss                sdio.o
    0x20000464        -       0x00000168   Zero   RW          881    .bss                tim.o
    0x200005cc        -       0x00000090   Zero   RW          963    .bss                usart.o
    0x2000065c        -       0x00000020   Zero   RW         5986    .bss                lcd_draw.o
    0x2000067c        -       0x0000000c   Zero   RW         6371    .bss                lcd.o
    0x20000688        -       0x00000010   Zero   RW         6452    .bss                sensor_data.o
    0x20000698        -       0x00000200   Zero   RW         6543    .bss                esp8266.o
    0x20000898        -       0x00000028   Zero   RW         6881    .bss                system_config.o
    0x200008c0        -       0x00000040   Zero   RW         7125    .bss                queue.o
    0x20000900        -       0x000000f0   Zero   RW         7473    .bss                tasks.o
    0x200009f0        -       0x00000028   Zero   RW         7776    .bss                timers.o
    0x20000a18        -       0x0000a000   Zero   RW         8286    .bss                heap_4.o
    0x2000aa18        -       0x00000234   Zero   RW         8641    .bss                fatfs.o
    0x2000ac4c        -       0x00000020   Zero   RW         8800    .bss                ff.o
    0x2000ac6c        -       0x0000000c   Zero   RW         9111    .bss                ff_gen_drv.o
    0x2000ac78        -       0x00000400   Zero   RW            1    STACK               startup_stm32f407xx.o


    Execution Region RW_IRAM2 (Exec base: 0x2001c000, Load base: 0x080608cc, Size: 0x00000000, Max: 0x00004000, ABSOLUTE)

    **** No section assigned to this execution region ****


==============================================================================

Image component sizes


      Code (inc. data)   RO Data    RW Data    ZI Data      Debug   Object Name

       236          0          0          0          0       3303   24cxx.o
       302         32          0          0         72       2866   adc.o
      1074        350          0          0          0       3968   auto_control.o
       234          6          0          0          0       1784   bh1750.o
       180         22          0          0          0       6242   bsp_driver_sd.o
       598         18          0          0          0      25951   cmsis_os.o
         0          0          0          0          0      10524   croutine.o
       720        106          0          2          0       4347   dht.o
       160         26          0          0          0       3753   diskio.o
        72          4          0          0          0        790   dma.o
      2260        724        290         13        512       9070   esp8266.o
         0          0          0          0          0      13272   event_groups.o
        32         12          0          5        564       1552   fatfs.o
      7614         76          0          8         32      53639   ff.o
        74          4          0          0         12       1671   ff_gen_drv.o
      3388       1024          0         49         28      40103   freertos.o
       606         38          0          8        160       2638   fsmc.o
       500         20          0          0          0     758983   gpio.o
       504         32          0         32      40960       5091   heap_4.o
       196         24          0          0         84       1689   i2c.o
       738         40          0          0          0       5170   iic.o
      4106         60          0          0         12       8164   lcd.o
      2228         70      18776         76         32      13672   lcd_draw.o
       144          0          0          0          0       3646   list.o
       554        110          0          0          0     688552   main.o
        52          8         20          0          0        615   motor.o
         0          0     307200          0          0        506   pic.o
       814         92          0         12          0      12097   port.o
      2386         34          0          0         64      25538   queue.o
       436         34          0          9          0       1947   remote.o
       112         20          0          0         32       1575   rtc.o
         0          0          0          0          0       5724   sd.o
       570         40         28          8          0      15237   sd_diskio.o
       432         38          0          0        324       1955   sdio.o
      1120        502          0          1         16      10918   sensor_data.o
        56          4          0          0          0       1468   sg90.o
        92          4          0          0          0       1552   ss_rtc.o
        36          8        392          0       1024        844   startup_stm32f407xx.o
       212         36          0          9          0       9469   stm32f4xx_hal.o
      1398         52          0          0          0       5198   stm32f4xx_hal_adc.o
       312         22          0          0          0      34403   stm32f4xx_hal_cortex.o
      1442         16          8          0          0       7713   stm32f4xx_hal_dma.o
       528         46          0          0          0       2815   stm32f4xx_hal_gpio.o
       464         18          0          0          0       2163   stm32f4xx_hal_i2c.o
        84          6          0          0          0        878   stm32f4xx_hal_msp.o
      1820         84          0          0          0       5696   stm32f4xx_hal_rcc.o
       416         20          0          0          0       1424   stm32f4xx_hal_rcc_ex.o
       546         18          0          0          0       5540   stm32f4xx_hal_rtc.o
      3734         74          0          0          0      19191   stm32f4xx_hal_sd.o
        94          0          0          0          0       1232   stm32f4xx_hal_sram.o
      3486        200          0          0          0      23478   stm32f4xx_hal_tim.o
       184         30          0          0          0       2561   stm32f4xx_hal_tim_ex.o
      2292         14          0          0          0      11150   stm32f4xx_hal_uart.o
       142         36          0          0          0       6445   stm32f4xx_it.o
       242         10          0          0          0       3975   stm32f4xx_ll_fsmc.o
      2102         46          0          0          0      24803   stm32f4xx_ll_sdmmc.o
        60          0          0          0          0       3456   syscall.o
      1688        830          0          8         40       4461   system_config.o
        20          6         24          4          0       1151   system_stm32f4xx.o
      2588        240          0         60        240      30936   tasks.o
      1324         88          0          0        360       6244   tim.o
      1044         96          0         20         40      24019   timers.o
      2144        236          0         72          0       8898   touch.o
       456         40          0          0        144       2483   usart.o

    ----------------------------------------------------------------------
     61536       5846     326772        416      44752    2000198   Object Totals
         0          0         32          0          0          0   (incl. Generated)
        88          0          2         20          0          0   (incl. Padding)

    ----------------------------------------------------------------------

      Code (inc. data)   RO Data    RW Data    ZI Data      Debug   Library Member Name

        56          8          0          0          0         84   __0sscanf.o
        86          0          0          0          0          0   __dczerorl2.o
        28          0          0          0          0         68   _chval.o
       816          6          0          0          0        112   _scanf.o
       332          0          0          0          0         96   _scanf_int.o
        64          0          0          0          0         84   _sgetc.o
       158          0          0          0          0         92   _strtoul.o
        26          0          0          0          0         80   atoi.o
         8          4        133          0          0         68   ctype_o.o
         0          0          0          0          0          0   entry.o
         0          0          0          0          0          0   entry10a.o
         0          0          0          0          0          0   entry11a.o
         4          0          0          0          0          0   entry12b.o
         8          4          0          0          0          0   entry2.o
         4          0          0          0          0          0   entry5.o
         0          0          0          0          0          0   entry7b.o
         0          0          0          0          0          0   entry8b.o
         8          4          0          0          0          0   entry9a.o
         8          4          0          4          0         68   errno.o
        30          0          0          0          0          0   handlers.o
        36          8          0          0          0         68   init.o
        18          0          0          0          0         76   isspace_o.o
         0          0          0          0          0          0   iusefp.o
        30          0          0          0          0         68   llshl.o
        36          0          0          0          0         68   llsshr.o
        32          0          0          0          0         68   llushr.o
        26          0          0          0          0         80   memcmp.o
        36          0          0          0          0         68   memcpya.o
        36          0          0          0          0        108   memseta.o
      2268         96          0          0          0        616   printfa.o
        40          8          0          0          0         84   scanf_char.o
       878         12          0          0          0        216   scanf_fp.o
         0          0          0          4          0          0   stdout.o
        20          0          0          0          0         68   strchr.o
        28          0          0          0          0         76   strcmp.o
        18          0          0          0          0         68   strcpy.o
        14          0          0          0          0         68   strlen.o
        30          0          0          0          0         80   strncmp.o
        24          0          0          0          0         76   strncpy.o
        32          0          0          0          0         76   strpbrk.o
        36          0          0          0          0         80   strstr.o
       112          0          0          0          0         88   strtol.o
        44          0          0          0          0         80   uidiv.o
        98          0          0          0          0         92   uldiv.o
        48          0          0          0          0         68   cdcmple.o
        48          0          0          0          0         68   cdrcmple.o
        56          0          0          0          0         88   d2f.o
       334          0          0          0          0        148   dadd.o
       222          0          0          0          0        100   ddiv.o
       186          0          0          0          0        176   depilogue.o
        48          0          0          0          0         68   dfixul.o
        34          0          0          0          0         76   dflti.o
        24          0          0          0          0         76   dfltul.o
       228          0          0          0          0         96   dmul.o
        38          0          0          0          0         68   f2d.o
       110          0          0          0          0        168   fepilogue.o

    ----------------------------------------------------------------------
      6916        154        136          8          0       4324   Library Totals
        12          0          3          0          0          0   (incl. Padding)

    ----------------------------------------------------------------------

      Code (inc. data)   RO Data    RW Data    ZI Data      Debug   Library Name

      5528        154        133          8          0       3124   mc_w.l
      1376          0          0          0          0       1200   mf_w.l

    ----------------------------------------------------------------------
      6916        154        136          8          0       4324   Library Totals

    ----------------------------------------------------------------------

==============================================================================


      Code (inc. data)   RO Data    RW Data    ZI Data      Debug   

     68452       6000     326908        424      44752    1956514   Grand Totals
     68452       6000     326908        108      44752    1956514   ELF Image Totals (compressed)
     68452       6000     326908        108          0          0   ROM Totals

==============================================================================

    Total RO  Size (Code + RO Data)               395360 ( 386.09kB)
    Total RW  Size (RW Data + ZI Data)             45176 (  44.12kB)
    Total ROM Size (Code + RO Data + RW Data)     395468 ( 386.20kB)

==============================================================================

