<html>
<body>
<pre>
<h1>µVision Build Log</h1>
<h2>Tool Versions:</h2>
IDE-Version: ¦ÌVision V5.36.0.0
Copyright (C) 2021 ARM Ltd and ARM Germany GmbH. All rights reserved.
License Information: 1 ASUS, 1, LIC=14HV2-9PG21-UH88H-WFL28-CALN8-87DFZ
 
Tool Versions:
Toolchain:       MDK-ARM Plus  Version: 5.36.0.0
Toolchain Path:  E:\Embeddded\keil\Core\ARM\ARMCC\Bin
C Compiler:      Armcc.exe V5.06 update 7 (build 960)
Assembler:       Armasm.exe V5.06 update 7 (build 960)
Linker/Locator:  ArmLink.exe V5.06 update 7 (build 960)
Library Manager: ArmAr.exe V5.06 update 7 (build 960)
Hex Converter:   FromElf.exe V5.06 update 7 (build 960)
CPU DLL:         SARMCM3.DLL V5.36.0.0
Dialog DLL:      DCM.DLL V1.17.3.0
Target DLL:      STLink\ST-LINKIII-KEIL_SWO.dll V3.0.9.0
Dialog DLL:      TCM.DLL V1.53.0.0
 
<h2>Project:</h2>
d:\School\Code\project\Agriculture_greenhouse\MDK-ARM\Agriculture_greenhouse.uvprojx
Project File Date:  07/06/2026

<h2>Output:</h2>
*** Using Compiler 'V5.06 update 7 (build 960)', folder: 'E:\Embeddded\keil\Core\ARM\ARMCC\Bin'
Build target 'Agriculture_greenhouse'
compiling esp8266.c...
../USER/Inc/sensor_data.h(27): warning:  #1295-D: Deprecated declaration Sensor_Update - give arg types
  void Sensor_Update();
..\USER\Src\esp8266.c: 1 warning, 0 errors
compiling main.c...
../USER/Inc/sensor_data.h(27): warning:  #1295-D: Deprecated declaration Sensor_Update - give arg types
  void Sensor_Update();
../Core/Src/main.c(186): warning:  #223-D: function "BH1750_Init" declared implicitly
    BH1750_Init();
../Core/Src/main.c: 2 warnings, 0 errors
compiling freertos.c...
../USER/Inc/sensor_data.h(27): warning:  #1295-D: Deprecated declaration Sensor_Update - give arg types
  void Sensor_Update();
../Core/Src/freertos.c: 1 warning, 0 errors
linking...
Program Size: Code=68452 RO-data=326908 RW-data=424 ZI-data=44752  
FromELF: creating hex file...
"Agriculture_greenhouse\Agriculture_greenhouse.axf" - 0 Error(s), 4 Warning(s).

<h2>Software Packages used:</h2>

Package Vendor: ARM
                https://www.keil.com/pack/ARM.CMSIS.6.1.0.pack
                ARM.CMSIS.6.1.0
                CMSIS (Common Microcontroller Software Interface Standard)
   * Component: CORE Version: 6.1.0

Package Vendor: Keil
                https://www.keil.com/pack/Keil.STM32F4xx_DFP.3.1.1.pack
                Keil.STM32F4xx_DFP.3.1.1
                STMicroelectronics STM32F4 Series Device Support

<h2>Collection of Component include folders:</h2>
  .\RTE\_Agriculture_greenhouse
  E:\Embeddded\keil\Pack\ARM\CMSIS\6.1.0\CMSIS\Core\Include

<h2>Collection of Component Files used:</h2>

   * Component: ARM::CMSIS:CORE:6.1.0
      Include file:  CMSIS\Core\Include\tz_context.h
Build Time Elapsed:  00:00:04
</pre>
</body>
</html>
